

================================================================
== Vitis HLS Report for 'Run_Pipeline_SUM_UP'
================================================================
* Date:           Tue Nov  2 06:01:28 2021

* Version:        2021.1 (Build 3247384 on Thu Jun 10 19:36:33 MDT 2021)
* Project:        SQA-Vitis
* Solution:       solution1 (Vitis Kernel Flow Target)
* Product family: virtexuplus
* Target device:  xcvu35p-fsvh2892-2-e


================================================================
== Performance Estimates
================================================================
+ Timing: 
    * Summary: 
    +--------+---------+----------+------------+
    |  Clock |  Target | Estimated| Uncertainty|
    +--------+---------+----------+------------+
    |ap_clk  |  3.33 ns|  2.342 ns|     0.90 ns|
    +--------+---------+----------+------------+

+ Latency: 
    * Summary: 
    +---------+---------+----------+----------+-----+-----+---------+
    |  Latency (cycles) |  Latency (absolute) |  Interval | Pipeline|
    |   min   |   max   |    min   |    max   | min | max |   Type  |
    +---------+---------+----------+----------+-----+-----+---------+
    |      184|      184|  0.613 us|  0.613 us|  184|  184|       no|
    +---------+---------+----------+----------+-----+-----+---------+

    + Detail: 
        * Instance: 
        N/A

        * Loop: 
        +----------+---------+---------+----------+-----------+-----------+------+----------+
        |          |  Latency (cycles) | Iteration|  Initiation Interval  | Trip |          |
        | Loop Name|   min   |   max   |  Latency |  achieved |   target  | Count| Pipelined|
        +----------+---------+---------+----------+-----------+-----------+------+----------+
        |- SUM_UP  |      182|      182|        57|          2|          1|    64|       yes|
        +----------+---------+---------+----------+-----------+-----------+------+----------+



================================================================
== Utilization Estimates
================================================================
* Summary: 
+---------------------+---------+------+---------+--------+-----+
|         Name        | BRAM_18K|  DSP |    FF   |   LUT  | URAM|
+---------------------+---------+------+---------+--------+-----+
|DSP                  |        -|     -|        -|       -|    -|
|Expression           |        -|     -|        0|    4401|    -|
|FIFO                 |        -|     -|        -|       -|    -|
|Instance             |        -|   118|    18762|   11682|    -|
|Memory               |        -|     -|        -|       -|    -|
|Multiplexer          |        -|     -|        -|    2093|    -|
|Register             |        -|     -|     8370|      64|    -|
+---------------------+---------+------+---------+--------+-----+
|Total                |        0|   118|    27132|   18240|    0|
+---------------------+---------+------+---------+--------+-----+
|Available SLR        |     1344|  2976|   871680|  435840|  320|
+---------------------+---------+------+---------+--------+-----+
|Utilization SLR (%)  |        0|     3|        3|       4|    0|
+---------------------+---------+------+---------+--------+-----+
|Available            |     2688|  5952|  1743360|  871680|  640|
+---------------------+---------+------+---------+--------+-----+
|Utilization (%)      |        0|     1|        1|       2|    0|
+---------------------+---------+------+---------+--------+-----+

+ Detail: 
    * Instance: 
    +-------------------------------------+--------------------------------+---------+----+-----+-----+-----+
    |               Instance              |             Module             | BRAM_18K| DSP|  FF | LUT | URAM|
    +-------------------------------------+--------------------------------+---------+----+-----+-----+-----+
    |fadd_32ns_32ns_32_7_full_dsp_1_U425  |fadd_32ns_32ns_32_7_full_dsp_1  |        0|   2|  318|  198|    0|
    |fadd_32ns_32ns_32_7_full_dsp_1_U426  |fadd_32ns_32ns_32_7_full_dsp_1  |        0|   2|  318|  198|    0|
    |fadd_32ns_32ns_32_7_full_dsp_1_U427  |fadd_32ns_32ns_32_7_full_dsp_1  |        0|   2|  318|  198|    0|
    |fadd_32ns_32ns_32_7_full_dsp_1_U428  |fadd_32ns_32ns_32_7_full_dsp_1  |        0|   2|  318|  198|    0|
    |fadd_32ns_32ns_32_7_full_dsp_1_U429  |fadd_32ns_32ns_32_7_full_dsp_1  |        0|   2|  318|  198|    0|
    |fadd_32ns_32ns_32_7_full_dsp_1_U430  |fadd_32ns_32ns_32_7_full_dsp_1  |        0|   2|  318|  198|    0|
    |fadd_32ns_32ns_32_7_full_dsp_1_U431  |fadd_32ns_32ns_32_7_full_dsp_1  |        0|   2|  318|  198|    0|
    |fadd_32ns_32ns_32_7_full_dsp_1_U432  |fadd_32ns_32ns_32_7_full_dsp_1  |        0|   2|  318|  198|    0|
    |fadd_32ns_32ns_32_7_full_dsp_1_U433  |fadd_32ns_32ns_32_7_full_dsp_1  |        0|   2|  318|  198|    0|
    |fadd_32ns_32ns_32_7_full_dsp_1_U434  |fadd_32ns_32ns_32_7_full_dsp_1  |        0|   2|  318|  198|    0|
    |fadd_32ns_32ns_32_7_full_dsp_1_U435  |fadd_32ns_32ns_32_7_full_dsp_1  |        0|   2|  318|  198|    0|
    |fadd_32ns_32ns_32_7_full_dsp_1_U436  |fadd_32ns_32ns_32_7_full_dsp_1  |        0|   2|  318|  198|    0|
    |fadd_32ns_32ns_32_7_full_dsp_1_U437  |fadd_32ns_32ns_32_7_full_dsp_1  |        0|   2|  318|  198|    0|
    |fadd_32ns_32ns_32_7_full_dsp_1_U438  |fadd_32ns_32ns_32_7_full_dsp_1  |        0|   2|  318|  198|    0|
    |fadd_32ns_32ns_32_7_full_dsp_1_U439  |fadd_32ns_32ns_32_7_full_dsp_1  |        0|   2|  318|  198|    0|
    |fadd_32ns_32ns_32_7_full_dsp_1_U440  |fadd_32ns_32ns_32_7_full_dsp_1  |        0|   2|  318|  198|    0|
    |fadd_32ns_32ns_32_7_full_dsp_1_U441  |fadd_32ns_32ns_32_7_full_dsp_1  |        0|   2|  318|  198|    0|
    |fadd_32ns_32ns_32_7_full_dsp_1_U442  |fadd_32ns_32ns_32_7_full_dsp_1  |        0|   2|  318|  198|    0|
    |fadd_32ns_32ns_32_7_full_dsp_1_U443  |fadd_32ns_32ns_32_7_full_dsp_1  |        0|   2|  318|  198|    0|
    |fadd_32ns_32ns_32_7_full_dsp_1_U444  |fadd_32ns_32ns_32_7_full_dsp_1  |        0|   2|  318|  198|    0|
    |fadd_32ns_32ns_32_7_full_dsp_1_U445  |fadd_32ns_32ns_32_7_full_dsp_1  |        0|   2|  318|  198|    0|
    |fadd_32ns_32ns_32_7_full_dsp_1_U446  |fadd_32ns_32ns_32_7_full_dsp_1  |        0|   2|  318|  198|    0|
    |fadd_32ns_32ns_32_7_full_dsp_1_U447  |fadd_32ns_32ns_32_7_full_dsp_1  |        0|   2|  318|  198|    0|
    |fadd_32ns_32ns_32_7_full_dsp_1_U448  |fadd_32ns_32ns_32_7_full_dsp_1  |        0|   2|  318|  198|    0|
    |fadd_32ns_32ns_32_7_full_dsp_1_U449  |fadd_32ns_32ns_32_7_full_dsp_1  |        0|   2|  318|  198|    0|
    |fadd_32ns_32ns_32_7_full_dsp_1_U450  |fadd_32ns_32ns_32_7_full_dsp_1  |        0|   2|  318|  198|    0|
    |fadd_32ns_32ns_32_7_full_dsp_1_U451  |fadd_32ns_32ns_32_7_full_dsp_1  |        0|   2|  318|  198|    0|
    |fadd_32ns_32ns_32_7_full_dsp_1_U452  |fadd_32ns_32ns_32_7_full_dsp_1  |        0|   2|  318|  198|    0|
    |fadd_32ns_32ns_32_7_full_dsp_1_U453  |fadd_32ns_32ns_32_7_full_dsp_1  |        0|   2|  318|  198|    0|
    |fadd_32ns_32ns_32_7_full_dsp_1_U454  |fadd_32ns_32ns_32_7_full_dsp_1  |        0|   2|  318|  198|    0|
    |fadd_32ns_32ns_32_7_full_dsp_1_U455  |fadd_32ns_32ns_32_7_full_dsp_1  |        0|   2|  318|  198|    0|
    |fadd_32ns_32ns_32_7_full_dsp_1_U456  |fadd_32ns_32ns_32_7_full_dsp_1  |        0|   2|  318|  198|    0|
    |fadd_32ns_32ns_32_7_full_dsp_1_U457  |fadd_32ns_32ns_32_7_full_dsp_1  |        0|   2|  318|  198|    0|
    |fadd_32ns_32ns_32_7_full_dsp_1_U458  |fadd_32ns_32ns_32_7_full_dsp_1  |        0|   2|  318|  198|    0|
    |fadd_32ns_32ns_32_7_full_dsp_1_U459  |fadd_32ns_32ns_32_7_full_dsp_1  |        0|   2|  318|  198|    0|
    |fadd_32ns_32ns_32_7_full_dsp_1_U460  |fadd_32ns_32ns_32_7_full_dsp_1  |        0|   2|  318|  198|    0|
    |fadd_32ns_32ns_32_7_full_dsp_1_U461  |fadd_32ns_32ns_32_7_full_dsp_1  |        0|   2|  318|  198|    0|
    |fadd_32ns_32ns_32_7_full_dsp_1_U462  |fadd_32ns_32ns_32_7_full_dsp_1  |        0|   2|  318|  198|    0|
    |fadd_32ns_32ns_32_7_full_dsp_1_U463  |fadd_32ns_32ns_32_7_full_dsp_1  |        0|   2|  318|  198|    0|
    |fadd_32ns_32ns_32_7_full_dsp_1_U464  |fadd_32ns_32ns_32_7_full_dsp_1  |        0|   2|  318|  198|    0|
    |fadd_32ns_32ns_32_7_full_dsp_1_U465  |fadd_32ns_32ns_32_7_full_dsp_1  |        0|   2|  318|  198|    0|
    |fadd_32ns_32ns_32_7_full_dsp_1_U466  |fadd_32ns_32ns_32_7_full_dsp_1  |        0|   2|  318|  198|    0|
    |fadd_32ns_32ns_32_7_full_dsp_1_U467  |fadd_32ns_32ns_32_7_full_dsp_1  |        0|   2|  318|  198|    0|
    |fadd_32ns_32ns_32_7_full_dsp_1_U468  |fadd_32ns_32ns_32_7_full_dsp_1  |        0|   2|  318|  198|    0|
    |fadd_32ns_32ns_32_7_full_dsp_1_U469  |fadd_32ns_32ns_32_7_full_dsp_1  |        0|   2|  318|  198|    0|
    |fadd_32ns_32ns_32_7_full_dsp_1_U470  |fadd_32ns_32ns_32_7_full_dsp_1  |        0|   2|  318|  198|    0|
    |fadd_32ns_32ns_32_7_full_dsp_1_U471  |fadd_32ns_32ns_32_7_full_dsp_1  |        0|   2|  318|  198|    0|
    |fadd_32ns_32ns_32_7_full_dsp_1_U472  |fadd_32ns_32ns_32_7_full_dsp_1  |        0|   2|  318|  198|    0|
    |fadd_32ns_32ns_32_7_full_dsp_1_U473  |fadd_32ns_32ns_32_7_full_dsp_1  |        0|   2|  318|  198|    0|
    |fadd_32ns_32ns_32_7_full_dsp_1_U474  |fadd_32ns_32ns_32_7_full_dsp_1  |        0|   2|  318|  198|    0|
    |fadd_32ns_32ns_32_7_full_dsp_1_U475  |fadd_32ns_32ns_32_7_full_dsp_1  |        0|   2|  318|  198|    0|
    |fadd_32ns_32ns_32_7_full_dsp_1_U476  |fadd_32ns_32ns_32_7_full_dsp_1  |        0|   2|  318|  198|    0|
    |fadd_32ns_32ns_32_7_full_dsp_1_U477  |fadd_32ns_32ns_32_7_full_dsp_1  |        0|   2|  318|  198|    0|
    |fadd_32ns_32ns_32_7_full_dsp_1_U478  |fadd_32ns_32ns_32_7_full_dsp_1  |        0|   2|  318|  198|    0|
    |fadd_32ns_32ns_32_7_full_dsp_1_U479  |fadd_32ns_32ns_32_7_full_dsp_1  |        0|   2|  318|  198|    0|
    |fadd_32ns_32ns_32_7_full_dsp_1_U480  |fadd_32ns_32ns_32_7_full_dsp_1  |        0|   2|  318|  198|    0|
    |fadd_32ns_32ns_32_7_full_dsp_1_U481  |fadd_32ns_32ns_32_7_full_dsp_1  |        0|   2|  318|  198|    0|
    |fadd_32ns_32ns_32_7_full_dsp_1_U482  |fadd_32ns_32ns_32_7_full_dsp_1  |        0|   2|  318|  198|    0|
    |fadd_32ns_32ns_32_7_full_dsp_1_U483  |fadd_32ns_32ns_32_7_full_dsp_1  |        0|   2|  318|  198|    0|
    +-------------------------------------+--------------------------------+---------+----+-----+-----+-----+
    |Total                                |                                |        0| 118|18762|11682|    0|
    +-------------------------------------+--------------------------------+---------+----+-----+-----+-----+

    * DSP: 
    N/A

    * Memory: 
    N/A

    * FIFO: 
    N/A

    * Expression: 
    +-------------------------+----------+----+---+----+------------+------------+
    |      Variable Name      | Operation| DSP| FF| LUT| Bitwidth P0| Bitwidth P1|
    +-------------------------+----------+----+---+----+------------+------------+
    |add_ln133_1_fu_13482_p2  |         +|   0|  0|  15|           8|           2|
    |add_ln133_fu_13447_p2    |         +|   0|  0|  14|           7|           1|
    |icmp_ln132_fu_13441_p2   |      icmp|   0|  0|  11|           7|           8|
    |empty_464_fu_13471_p2    |        or|   0|  0|   7|           7|           1|
    |tmp_108_fu_14130_p3      |    select|   0|  0|  32|           1|          32|
    |tmp_10_fu_13580_p3       |    select|   0|  0|  32|           1|          32|
    |tmp_117_fu_14180_p3      |    select|   0|  0|  32|           1|          32|
    |tmp_126_fu_14230_p3      |    select|   0|  0|  32|           1|          32|
    |tmp_135_fu_14280_p3      |    select|   0|  0|  32|           1|          32|
    |tmp_144_fu_14330_p3      |    select|   0|  0|  32|           1|          32|
    |tmp_153_fu_14380_p3      |    select|   0|  0|  32|           1|          32|
    |tmp_162_fu_14430_p3      |    select|   0|  0|  32|           1|          32|
    |tmp_171_fu_14480_p3      |    select|   0|  0|  32|           1|          32|
    |tmp_180_fu_14530_p3      |    select|   0|  0|  32|           1|          32|
    |tmp_189_fu_14580_p3      |    select|   0|  0|  32|           1|          32|
    |tmp_18_fu_13630_p3       |    select|   0|  0|  32|           1|          32|
    |tmp_198_fu_14630_p3      |    select|   0|  0|  32|           1|          32|
    |tmp_207_fu_14680_p3      |    select|   0|  0|  32|           1|          32|
    |tmp_216_fu_14730_p3      |    select|   0|  0|  32|           1|          32|
    |tmp_225_fu_14780_p3      |    select|   0|  0|  32|           1|          32|
    |tmp_234_fu_14830_p3      |    select|   0|  0|  32|           1|          32|
    |tmp_243_fu_14880_p3      |    select|   0|  0|  32|           1|          32|
    |tmp_252_fu_14930_p3      |    select|   0|  0|  32|           1|          32|
    |tmp_261_fu_14980_p3      |    select|   0|  0|  32|           1|          32|
    |tmp_270_fu_15030_p3      |    select|   0|  0|  32|           1|          32|
    |tmp_279_fu_15080_p3      |    select|   0|  0|  32|           1|          32|
    |tmp_27_fu_13680_p3       |    select|   0|  0|  32|           1|          32|
    |tmp_288_fu_15130_p3      |    select|   0|  0|  32|           1|          32|
    |tmp_297_fu_15180_p3      |    select|   0|  0|  32|           1|          32|
    |tmp_306_fu_15230_p3      |    select|   0|  0|  32|           1|          32|
    |tmp_315_fu_15280_p3      |    select|   0|  0|  32|           1|          32|
    |tmp_324_fu_15330_p3      |    select|   0|  0|  32|           1|          32|
    |tmp_333_fu_15380_p3      |    select|   0|  0|  32|           1|          32|
    |tmp_342_fu_15430_p3      |    select|   0|  0|  32|           1|          32|
    |tmp_351_fu_15480_p3      |    select|   0|  0|  32|           1|          32|
    |tmp_360_fu_15530_p3      |    select|   0|  0|  32|           1|          32|
    |tmp_369_fu_15580_p3      |    select|   0|  0|  32|           1|          32|
    |tmp_36_fu_13730_p3       |    select|   0|  0|  32|           1|          32|
    |tmp_378_fu_15630_p3      |    select|   0|  0|  32|           1|          32|
    |tmp_387_fu_15680_p3      |    select|   0|  0|  32|           1|          32|
    |tmp_394_fu_15730_p3      |    select|   0|  0|  32|           1|          32|
    |tmp_400_fu_15780_p3      |    select|   0|  0|  32|           1|          32|
    |tmp_406_fu_15830_p3      |    select|   0|  0|  32|           1|          32|
    |tmp_412_fu_15880_p3      |    select|   0|  0|  32|           1|          32|
    |tmp_418_fu_15930_p3      |    select|   0|  0|  32|           1|          32|
    |tmp_424_fu_15980_p3      |    select|   0|  0|  32|           1|          32|
    |tmp_430_fu_16030_p3      |    select|   0|  0|  32|           1|          32|
    |tmp_436_fu_16080_p3      |    select|   0|  0|  32|           1|          32|
    |tmp_453_fu_16130_p3      |    select|   0|  0|  32|           1|          32|
    |tmp_45_fu_13780_p3       |    select|   0|  0|  32|           1|          32|
    |tmp_522_fu_16180_p3      |    select|   0|  0|  32|           1|          32|
    |tmp_528_fu_16230_p3      |    select|   0|  0|  32|           1|          32|
    |tmp_534_fu_16280_p3      |    select|   0|  0|  32|           1|          32|
    |tmp_540_fu_16330_p3      |    select|   0|  0|  32|           1|          32|
    |tmp_546_fu_16380_p3      |    select|   0|  0|  32|           1|          32|
    |tmp_54_fu_13830_p3       |    select|   0|  0|  32|           1|          32|
    |tmp_552_fu_16430_p3      |    select|   0|  0|  32|           1|          32|
    |tmp_558_fu_16480_p3      |    select|   0|  0|  32|           1|          32|
    |tmp_564_fu_16530_p3      |    select|   0|  0|  32|           1|          32|
    |tmp_570_fu_16580_p3      |    select|   0|  0|  32|           1|          32|
    |tmp_576_fu_16630_p3      |    select|   0|  0|  32|           1|          32|
    |tmp_582_fu_16680_p3      |    select|   0|  0|  32|           1|          32|
    |tmp_587_fu_16720_p3      |    select|   0|  0|  32|           1|          32|
    |tmp_593_fu_16770_p3      |    select|   0|  0|  32|           1|          32|
    |tmp_599_fu_16820_p3      |    select|   0|  0|  32|           1|          32|
    |tmp_605_fu_16870_p3      |    select|   0|  0|  32|           1|          32|
    |tmp_611_fu_16920_p3      |    select|   0|  0|  32|           1|          32|
    |tmp_617_fu_16970_p3      |    select|   0|  0|  32|           1|          32|
    |tmp_623_fu_17020_p3      |    select|   0|  0|  32|           1|          32|
    |tmp_629_fu_17070_p3      |    select|   0|  0|  32|           1|          32|
    |tmp_635_fu_17120_p3      |    select|   0|  0|  32|           1|          32|
    |tmp_63_fu_13880_p3       |    select|   0|  0|  32|           1|          32|
    |tmp_641_fu_17170_p3      |    select|   0|  0|  32|           1|          32|
    |tmp_647_fu_17220_p3      |    select|   0|  0|  32|           1|          32|
    |tmp_653_fu_17270_p3      |    select|   0|  0|  32|           1|          32|
    |tmp_659_fu_17320_p3      |    select|   0|  0|  32|           1|          32|
    |tmp_665_fu_17370_p3      |    select|   0|  0|  32|           1|          32|
    |tmp_671_fu_17420_p3      |    select|   0|  0|  32|           1|          32|
    |tmp_677_fu_17470_p3      |    select|   0|  0|  32|           1|          32|
    |tmp_683_fu_17520_p3      |    select|   0|  0|  32|           1|          32|
    |tmp_689_fu_17570_p3      |    select|   0|  0|  32|           1|          32|
    |tmp_695_fu_17620_p3      |    select|   0|  0|  32|           1|          32|
    |tmp_701_fu_17670_p3      |    select|   0|  0|  32|           1|          32|
    |tmp_707_fu_17720_p3      |    select|   0|  0|  32|           1|          32|
    |tmp_713_fu_17770_p3      |    select|   0|  0|  32|           1|          32|
    |tmp_719_fu_17820_p3      |    select|   0|  0|  32|           1|          32|
    |tmp_725_fu_17870_p3      |    select|   0|  0|  32|           1|          32|
    |tmp_72_fu_13930_p3       |    select|   0|  0|  32|           1|          32|
    |tmp_731_fu_17920_p3      |    select|   0|  0|  32|           1|          32|
    |tmp_737_fu_17970_p3      |    select|   0|  0|  32|           1|          32|
    |tmp_743_fu_18020_p3      |    select|   0|  0|  32|           1|          32|
    |tmp_749_fu_18070_p3      |    select|   0|  0|  32|           1|          32|
    |tmp_755_fu_18120_p3      |    select|   0|  0|  32|           1|          32|
    |tmp_761_fu_18170_p3      |    select|   0|  0|  32|           1|          32|
    |tmp_767_fu_18220_p3      |    select|   0|  0|  32|           1|          32|
    |tmp_773_fu_18270_p3      |    select|   0|  0|  32|           1|          32|
    |tmp_779_fu_18320_p3      |    select|   0|  0|  32|           1|          32|
    |tmp_785_fu_18370_p3      |    select|   0|  0|  32|           1|          32|
    |tmp_791_fu_18420_p3      |    select|   0|  0|  32|           1|          32|
    |tmp_797_fu_18470_p3      |    select|   0|  0|  32|           1|          32|
    |tmp_803_fu_18520_p3      |    select|   0|  0|  32|           1|          32|
    |tmp_809_fu_18570_p3      |    select|   0|  0|  32|           1|          32|
    |tmp_815_fu_18620_p3      |    select|   0|  0|  32|           1|          32|
    |tmp_81_fu_13980_p3       |    select|   0|  0|  32|           1|          32|
    |tmp_821_fu_18670_p3      |    select|   0|  0|  32|           1|          32|
    |tmp_827_fu_18720_p3      |    select|   0|  0|  32|           1|          32|
    |tmp_833_fu_18770_p3      |    select|   0|  0|  32|           1|          32|
    |tmp_839_fu_18820_p3      |    select|   0|  0|  32|           1|          32|
    |tmp_845_fu_18870_p3      |    select|   0|  0|  32|           1|          32|
    |tmp_851_fu_18920_p3      |    select|   0|  0|  32|           1|          32|
    |tmp_857_fu_18970_p3      |    select|   0|  0|  32|           1|          32|
    |tmp_863_fu_19020_p3      |    select|   0|  0|  32|           1|          32|
    |tmp_869_fu_19070_p3      |    select|   0|  0|  32|           1|          32|
    |tmp_875_fu_19120_p3      |    select|   0|  0|  32|           1|          32|
    |tmp_881_fu_19170_p3      |    select|   0|  0|  32|           1|          32|
    |tmp_887_fu_19220_p3      |    select|   0|  0|  32|           1|          32|
    |tmp_893_fu_19270_p3      |    select|   0|  0|  32|           1|          32|
    |tmp_899_fu_19320_p3      |    select|   0|  0|  32|           1|          32|
    |tmp_905_fu_19370_p3      |    select|   0|  0|  32|           1|          32|
    |tmp_90_fu_14030_p3       |    select|   0|  0|  32|           1|          32|
    |tmp_911_fu_19420_p3      |    select|   0|  0|  32|           1|          32|
    |tmp_917_fu_19470_p3      |    select|   0|  0|  32|           1|          32|
    |tmp_923_fu_19520_p3      |    select|   0|  0|  32|           1|          32|
    |tmp_929_fu_19570_p3      |    select|   0|  0|  32|           1|          32|
    |tmp_935_fu_19620_p3      |    select|   0|  0|  32|           1|          32|
    |tmp_941_fu_19670_p3      |    select|   0|  0|  32|           1|          32|
    |tmp_947_fu_19720_p3      |    select|   0|  0|  32|           1|          32|
    |tmp_953_fu_19770_p3      |    select|   0|  0|  32|           1|          32|
    |tmp_959_fu_19820_p3      |    select|   0|  0|  32|           1|          32|
    |tmp_965_fu_19870_p3      |    select|   0|  0|  32|           1|          32|
    |tmp_99_fu_14080_p3       |    select|   0|  0|  32|           1|          32|
    |tmp_fu_13530_p3          |    select|   0|  0|  32|           1|          32|
    |ap_enable_pp0            |       xor|   0|  0|   2|           1|           2|
    |p_Repl2_100_fu_18504_p2  |       xor|   0|  0|   2|           1|           2|
    |p_Repl2_101_fu_18554_p2  |       xor|   0|  0|   2|           1|           2|
    |p_Repl2_102_fu_18604_p2  |       xor|   0|  0|   2|           1|           2|
    |p_Repl2_103_fu_18654_p2  |       xor|   0|  0|   2|           1|           2|
    |p_Repl2_104_fu_18704_p2  |       xor|   0|  0|   2|           1|           2|
    |p_Repl2_105_fu_18754_p2  |       xor|   0|  0|   2|           1|           2|
    |p_Repl2_106_fu_18804_p2  |       xor|   0|  0|   2|           1|           2|
    |p_Repl2_107_fu_18854_p2  |       xor|   0|  0|   2|           1|           2|
    |p_Repl2_108_fu_18904_p2  |       xor|   0|  0|   2|           1|           2|
    |p_Repl2_109_fu_18954_p2  |       xor|   0|  0|   2|           1|           2|
    |p_Repl2_10_fu_14014_p2   |       xor|   0|  0|   2|           1|           2|
    |p_Repl2_110_fu_19004_p2  |       xor|   0|  0|   2|           1|           2|
    |p_Repl2_111_fu_19054_p2  |       xor|   0|  0|   2|           1|           2|
    |p_Repl2_112_fu_19104_p2  |       xor|   0|  0|   2|           1|           2|
    |p_Repl2_113_fu_19154_p2  |       xor|   0|  0|   2|           1|           2|
    |p_Repl2_114_fu_19204_p2  |       xor|   0|  0|   2|           1|           2|
    |p_Repl2_115_fu_19254_p2  |       xor|   0|  0|   2|           1|           2|
    |p_Repl2_116_fu_19304_p2  |       xor|   0|  0|   2|           1|           2|
    |p_Repl2_117_fu_19354_p2  |       xor|   0|  0|   2|           1|           2|
    |p_Repl2_118_fu_19404_p2  |       xor|   0|  0|   2|           1|           2|
    |p_Repl2_119_fu_19454_p2  |       xor|   0|  0|   2|           1|           2|
    |p_Repl2_11_fu_14064_p2   |       xor|   0|  0|   2|           1|           2|
    |p_Repl2_120_fu_19504_p2  |       xor|   0|  0|   2|           1|           2|
    |p_Repl2_121_fu_19554_p2  |       xor|   0|  0|   2|           1|           2|
    |p_Repl2_122_fu_19604_p2  |       xor|   0|  0|   2|           1|           2|
    |p_Repl2_123_fu_19654_p2  |       xor|   0|  0|   2|           1|           2|
    |p_Repl2_124_fu_19704_p2  |       xor|   0|  0|   2|           1|           2|
    |p_Repl2_125_fu_19754_p2  |       xor|   0|  0|   2|           1|           2|
    |p_Repl2_126_fu_19804_p2  |       xor|   0|  0|   2|           1|           2|
    |p_Repl2_127_fu_19854_p2  |       xor|   0|  0|   2|           1|           2|
    |p_Repl2_12_fu_14114_p2   |       xor|   0|  0|   2|           1|           2|
    |p_Repl2_13_fu_14164_p2   |       xor|   0|  0|   2|           1|           2|
    |p_Repl2_14_fu_14214_p2   |       xor|   0|  0|   2|           1|           2|
    |p_Repl2_15_fu_14264_p2   |       xor|   0|  0|   2|           1|           2|
    |p_Repl2_16_fu_14314_p2   |       xor|   0|  0|   2|           1|           2|
    |p_Repl2_17_fu_14364_p2   |       xor|   0|  0|   2|           1|           2|
    |p_Repl2_18_fu_14414_p2   |       xor|   0|  0|   2|           1|           2|
    |p_Repl2_19_fu_14464_p2   |       xor|   0|  0|   2|           1|           2|
    |p_Repl2_1_fu_13564_p2    |       xor|   0|  0|   2|           1|           2|
    |p_Repl2_20_fu_14514_p2   |       xor|   0|  0|   2|           1|           2|
    |p_Repl2_21_fu_14564_p2   |       xor|   0|  0|   2|           1|           2|
    |p_Repl2_22_fu_14614_p2   |       xor|   0|  0|   2|           1|           2|
    |p_Repl2_23_fu_14664_p2   |       xor|   0|  0|   2|           1|           2|
    |p_Repl2_24_fu_14714_p2   |       xor|   0|  0|   2|           1|           2|
    |p_Repl2_25_fu_14764_p2   |       xor|   0|  0|   2|           1|           2|
    |p_Repl2_26_fu_14814_p2   |       xor|   0|  0|   2|           1|           2|
    |p_Repl2_27_fu_14864_p2   |       xor|   0|  0|   2|           1|           2|
    |p_Repl2_28_fu_14914_p2   |       xor|   0|  0|   2|           1|           2|
    |p_Repl2_29_fu_14964_p2   |       xor|   0|  0|   2|           1|           2|
    |p_Repl2_2_fu_13614_p2    |       xor|   0|  0|   2|           1|           2|
    |p_Repl2_30_fu_15014_p2   |       xor|   0|  0|   2|           1|           2|
    |p_Repl2_31_fu_15064_p2   |       xor|   0|  0|   2|           1|           2|
    |p_Repl2_32_fu_15114_p2   |       xor|   0|  0|   2|           1|           2|
    |p_Repl2_33_fu_15164_p2   |       xor|   0|  0|   2|           1|           2|
    |p_Repl2_34_fu_15214_p2   |       xor|   0|  0|   2|           1|           2|
    |p_Repl2_35_fu_15264_p2   |       xor|   0|  0|   2|           1|           2|
    |p_Repl2_36_fu_15314_p2   |       xor|   0|  0|   2|           1|           2|
    |p_Repl2_37_fu_15364_p2   |       xor|   0|  0|   2|           1|           2|
    |p_Repl2_38_fu_15414_p2   |       xor|   0|  0|   2|           1|           2|
    |p_Repl2_39_fu_15464_p2   |       xor|   0|  0|   2|           1|           2|
    |p_Repl2_3_fu_13664_p2    |       xor|   0|  0|   2|           1|           2|
    |p_Repl2_40_fu_15514_p2   |       xor|   0|  0|   2|           1|           2|
    |p_Repl2_41_fu_15564_p2   |       xor|   0|  0|   2|           1|           2|
    |p_Repl2_42_fu_15614_p2   |       xor|   0|  0|   2|           1|           2|
    |p_Repl2_43_fu_15664_p2   |       xor|   0|  0|   2|           1|           2|
    |p_Repl2_44_fu_15714_p2   |       xor|   0|  0|   2|           1|           2|
    |p_Repl2_45_fu_15764_p2   |       xor|   0|  0|   2|           1|           2|
    |p_Repl2_46_fu_15814_p2   |       xor|   0|  0|   2|           1|           2|
    |p_Repl2_47_fu_15864_p2   |       xor|   0|  0|   2|           1|           2|
    |p_Repl2_48_fu_15914_p2   |       xor|   0|  0|   2|           1|           2|
    |p_Repl2_49_fu_15964_p2   |       xor|   0|  0|   2|           1|           2|
    |p_Repl2_4_fu_13714_p2    |       xor|   0|  0|   2|           1|           2|
    |p_Repl2_50_fu_16014_p2   |       xor|   0|  0|   2|           1|           2|
    |p_Repl2_51_fu_16064_p2   |       xor|   0|  0|   2|           1|           2|
    |p_Repl2_52_fu_16114_p2   |       xor|   0|  0|   2|           1|           2|
    |p_Repl2_53_fu_16164_p2   |       xor|   0|  0|   2|           1|           2|
    |p_Repl2_54_fu_16214_p2   |       xor|   0|  0|   2|           1|           2|
    |p_Repl2_55_fu_16264_p2   |       xor|   0|  0|   2|           1|           2|
    |p_Repl2_56_fu_16314_p2   |       xor|   0|  0|   2|           1|           2|
    |p_Repl2_57_fu_16364_p2   |       xor|   0|  0|   2|           1|           2|
    |p_Repl2_58_fu_16414_p2   |       xor|   0|  0|   2|           1|           2|
    |p_Repl2_59_fu_16464_p2   |       xor|   0|  0|   2|           1|           2|
    |p_Repl2_5_fu_13764_p2    |       xor|   0|  0|   2|           1|           2|
    |p_Repl2_60_fu_16514_p2   |       xor|   0|  0|   2|           1|           2|
    |p_Repl2_61_fu_16564_p2   |       xor|   0|  0|   2|           1|           2|
    |p_Repl2_62_fu_16614_p2   |       xor|   0|  0|   2|           1|           2|
    |p_Repl2_63_fu_16664_p2   |       xor|   0|  0|   2|           1|           2|
    |p_Repl2_64_fu_16704_p2   |       xor|   0|  0|   2|           1|           2|
    |p_Repl2_65_fu_16754_p2   |       xor|   0|  0|   2|           1|           2|
    |p_Repl2_66_fu_16804_p2   |       xor|   0|  0|   2|           1|           2|
    |p_Repl2_67_fu_16854_p2   |       xor|   0|  0|   2|           1|           2|
    |p_Repl2_68_fu_16904_p2   |       xor|   0|  0|   2|           1|           2|
    |p_Repl2_69_fu_16954_p2   |       xor|   0|  0|   2|           1|           2|
    |p_Repl2_6_fu_13814_p2    |       xor|   0|  0|   2|           1|           2|
    |p_Repl2_70_fu_17004_p2   |       xor|   0|  0|   2|           1|           2|
    |p_Repl2_71_fu_17054_p2   |       xor|   0|  0|   2|           1|           2|
    |p_Repl2_72_fu_17104_p2   |       xor|   0|  0|   2|           1|           2|
    |p_Repl2_73_fu_17154_p2   |       xor|   0|  0|   2|           1|           2|
    |p_Repl2_74_fu_17204_p2   |       xor|   0|  0|   2|           1|           2|
    |p_Repl2_75_fu_17254_p2   |       xor|   0|  0|   2|           1|           2|
    |p_Repl2_76_fu_17304_p2   |       xor|   0|  0|   2|           1|           2|
    |p_Repl2_77_fu_17354_p2   |       xor|   0|  0|   2|           1|           2|
    |p_Repl2_78_fu_17404_p2   |       xor|   0|  0|   2|           1|           2|
    |p_Repl2_79_fu_17454_p2   |       xor|   0|  0|   2|           1|           2|
    |p_Repl2_7_fu_13864_p2    |       xor|   0|  0|   2|           1|           2|
    |p_Repl2_80_fu_17504_p2   |       xor|   0|  0|   2|           1|           2|
    |p_Repl2_81_fu_17554_p2   |       xor|   0|  0|   2|           1|           2|
    |p_Repl2_82_fu_17604_p2   |       xor|   0|  0|   2|           1|           2|
    |p_Repl2_83_fu_17654_p2   |       xor|   0|  0|   2|           1|           2|
    |p_Repl2_84_fu_17704_p2   |       xor|   0|  0|   2|           1|           2|
    |p_Repl2_85_fu_17754_p2   |       xor|   0|  0|   2|           1|           2|
    |p_Repl2_86_fu_17804_p2   |       xor|   0|  0|   2|           1|           2|
    |p_Repl2_87_fu_17854_p2   |       xor|   0|  0|   2|           1|           2|
    |p_Repl2_88_fu_17904_p2   |       xor|   0|  0|   2|           1|           2|
    |p_Repl2_89_fu_17954_p2   |       xor|   0|  0|   2|           1|           2|
    |p_Repl2_8_fu_13914_p2    |       xor|   0|  0|   2|           1|           2|
    |p_Repl2_90_fu_18004_p2   |       xor|   0|  0|   2|           1|           2|
    |p_Repl2_91_fu_18054_p2   |       xor|   0|  0|   2|           1|           2|
    |p_Repl2_92_fu_18104_p2   |       xor|   0|  0|   2|           1|           2|
    |p_Repl2_93_fu_18154_p2   |       xor|   0|  0|   2|           1|           2|
    |p_Repl2_94_fu_18204_p2   |       xor|   0|  0|   2|           1|           2|
    |p_Repl2_95_fu_18254_p2   |       xor|   0|  0|   2|           1|           2|
    |p_Repl2_96_fu_18304_p2   |       xor|   0|  0|   2|           1|           2|
    |p_Repl2_97_fu_18354_p2   |       xor|   0|  0|   2|           1|           2|
    |p_Repl2_98_fu_18404_p2   |       xor|   0|  0|   2|           1|           2|
    |p_Repl2_99_fu_18454_p2   |       xor|   0|  0|   2|           1|           2|
    |p_Repl2_9_fu_13964_p2    |       xor|   0|  0|   2|           1|           2|
    |p_Repl2_s_fu_13514_p2    |       xor|   0|  0|   2|           1|           2|
    +-------------------------+----------+----+---+----+------------+------------+
    |Total                    |          |   0|  0|4401|         286|        4366|
    +-------------------------+----------+----+---+----+------------+------------+

    * Multiplexer: 
    +-----------------------------------+----+-----------+-----+-----------+
    |                Name               | LUT| Input Size| Bits| Total Bits|
    +-----------------------------------+----+-----------+-----+-----------+
    |ap_NS_fsm                          |  14|          3|    1|          3|
    |ap_done_int                        |   9|          2|    1|          2|
    |ap_enable_reg_pp0_iter0            |   9|          2|    1|          2|
    |ap_enable_reg_pp0_iter1            |   9|          2|    1|          2|
    |ap_enable_reg_pp0_iter28           |   9|          2|    1|          2|
    |ap_loop_exit_ready_pp0_iter10_reg  |   9|          2|    1|          2|
    |ap_loop_exit_ready_pp0_iter11_reg  |   9|          2|    1|          2|
    |ap_loop_exit_ready_pp0_iter12_reg  |   9|          2|    1|          2|
    |ap_loop_exit_ready_pp0_iter13_reg  |   9|          2|    1|          2|
    |ap_loop_exit_ready_pp0_iter14_reg  |   9|          2|    1|          2|
    |ap_loop_exit_ready_pp0_iter15_reg  |   9|          2|    1|          2|
    |ap_loop_exit_ready_pp0_iter16_reg  |   9|          2|    1|          2|
    |ap_loop_exit_ready_pp0_iter17_reg  |   9|          2|    1|          2|
    |ap_loop_exit_ready_pp0_iter18_reg  |   9|          2|    1|          2|
    |ap_loop_exit_ready_pp0_iter19_reg  |   9|          2|    1|          2|
    |ap_loop_exit_ready_pp0_iter1_reg   |   9|          2|    1|          2|
    |ap_loop_exit_ready_pp0_iter20_reg  |   9|          2|    1|          2|
    |ap_loop_exit_ready_pp0_iter21_reg  |   9|          2|    1|          2|
    |ap_loop_exit_ready_pp0_iter22_reg  |   9|          2|    1|          2|
    |ap_loop_exit_ready_pp0_iter23_reg  |   9|          2|    1|          2|
    |ap_loop_exit_ready_pp0_iter24_reg  |   9|          2|    1|          2|
    |ap_loop_exit_ready_pp0_iter25_reg  |   9|          2|    1|          2|
    |ap_loop_exit_ready_pp0_iter26_reg  |   9|          2|    1|          2|
    |ap_loop_exit_ready_pp0_iter27_reg  |   9|          2|    1|          2|
    |ap_loop_exit_ready_pp0_iter2_reg   |   9|          2|    1|          2|
    |ap_loop_exit_ready_pp0_iter3_reg   |   9|          2|    1|          2|
    |ap_loop_exit_ready_pp0_iter4_reg   |   9|          2|    1|          2|
    |ap_loop_exit_ready_pp0_iter5_reg   |   9|          2|    1|          2|
    |ap_loop_exit_ready_pp0_iter6_reg   |   9|          2|    1|          2|
    |ap_loop_exit_ready_pp0_iter7_reg   |   9|          2|    1|          2|
    |ap_loop_exit_ready_pp0_iter8_reg   |   9|          2|    1|          2|
    |ap_loop_exit_ready_pp0_iter9_reg   |   9|          2|    1|          2|
    |ap_sig_allocacmp_ofst_1            |   9|          2|    7|         14|
    |ap_sig_allocacmp_pack_ofst_load    |   9|          2|    8|         16|
    |grp_fu_502_p0                      |  14|          3|   32|         96|
    |grp_fu_502_p1                      |  14|          3|   32|         96|
    |grp_fu_503_p0                      |  14|          3|   32|         96|
    |grp_fu_503_p1                      |  14|          3|   32|         96|
    |grp_fu_504_p0                      |  14|          3|   32|         96|
    |grp_fu_504_p1                      |  14|          3|   32|         96|
    |grp_fu_505_p0                      |  14|          3|   32|         96|
    |grp_fu_505_p1                      |  14|          3|   32|         96|
    |grp_fu_506_p0                      |  14|          3|   32|         96|
    |grp_fu_506_p1                      |  14|          3|   32|         96|
    |grp_fu_507_p0                      |  14|          3|   32|         96|
    |grp_fu_507_p1                      |  14|          3|   32|         96|
    |grp_fu_508_p0                      |  14|          3|   32|         96|
    |grp_fu_508_p1                      |  14|          3|   32|         96|
    |grp_fu_509_p0                      |  14|          3|   32|         96|
    |grp_fu_509_p1                      |  14|          3|   32|         96|
    |grp_fu_510_p0                      |  14|          3|   32|         96|
    |grp_fu_510_p1                      |  14|          3|   32|         96|
    |grp_fu_511_p0                      |  14|          3|   32|         96|
    |grp_fu_511_p1                      |  14|          3|   32|         96|
    |grp_fu_512_p0                      |  14|          3|   32|         96|
    |grp_fu_512_p1                      |  14|          3|   32|         96|
    |grp_fu_513_p0                      |  14|          3|   32|         96|
    |grp_fu_513_p1                      |  14|          3|   32|         96|
    |grp_fu_514_p0                      |  14|          3|   32|         96|
    |grp_fu_514_p1                      |  14|          3|   32|         96|
    |grp_fu_515_p0                      |  14|          3|   32|         96|
    |grp_fu_515_p1                      |  14|          3|   32|         96|
    |grp_fu_516_p0                      |  14|          3|   32|         96|
    |grp_fu_516_p1                      |  14|          3|   32|         96|
    |grp_fu_517_p0                      |  14|          3|   32|         96|
    |grp_fu_517_p1                      |  14|          3|   32|         96|
    |grp_fu_518_p0                      |  14|          3|   32|         96|
    |grp_fu_518_p1                      |  14|          3|   32|         96|
    |grp_fu_519_p0                      |  14|          3|   32|         96|
    |grp_fu_519_p1                      |  14|          3|   32|         96|
    |grp_fu_520_p0                      |  14|          3|   32|         96|
    |grp_fu_520_p1                      |  14|          3|   32|         96|
    |grp_fu_521_p0                      |  14|          3|   32|         96|
    |grp_fu_521_p1                      |  14|          3|   32|         96|
    |grp_fu_522_p0                      |  14|          3|   32|         96|
    |grp_fu_522_p1                      |  14|          3|   32|         96|
    |grp_fu_523_p0                      |  14|          3|   32|         96|
    |grp_fu_523_p1                      |  14|          3|   32|         96|
    |grp_fu_525_p0                      |  14|          3|   32|         96|
    |grp_fu_525_p1                      |  14|          3|   32|         96|
    |grp_fu_526_p0                      |  14|          3|   32|         96|
    |grp_fu_526_p1                      |  14|          3|   32|         96|
    |grp_fu_527_p0                      |  14|          3|   32|         96|
    |grp_fu_527_p1                      |  14|          3|   32|         96|
    |grp_fu_528_p0                      |  14|          3|   32|         96|
    |grp_fu_528_p1                      |  14|          3|   32|         96|
    |grp_fu_529_p0                      |  14|          3|   32|         96|
    |grp_fu_529_p1                      |  14|          3|   32|         96|
    |grp_fu_530_p0                      |  14|          3|   32|         96|
    |grp_fu_530_p1                      |  14|          3|   32|         96|
    |grp_fu_531_p0                      |  14|          3|   32|         96|
    |grp_fu_531_p1                      |  14|          3|   32|         96|
    |grp_fu_532_p0                      |  14|          3|   32|         96|
    |grp_fu_532_p1                      |  14|          3|   32|         96|
    |grp_fu_533_p0                      |  14|          3|   32|         96|
    |grp_fu_533_p1                      |  14|          3|   32|         96|
    |grp_fu_534_p0                      |  14|          3|   32|         96|
    |grp_fu_534_p1                      |  14|          3|   32|         96|
    |grp_fu_535_p0                      |  14|          3|   32|         96|
    |grp_fu_535_p1                      |  14|          3|   32|         96|
    |grp_fu_536_p0                      |  14|          3|   32|         96|
    |grp_fu_536_p1                      |  14|          3|   32|         96|
    |grp_fu_537_p0                      |  14|          3|   32|         96|
    |grp_fu_537_p1                      |  14|          3|   32|         96|
    |grp_fu_538_p0                      |  14|          3|   32|         96|
    |grp_fu_538_p1                      |  14|          3|   32|         96|
    |grp_fu_539_p0                      |  14|          3|   32|         96|
    |grp_fu_539_p1                      |  14|          3|   32|         96|
    |grp_fu_540_p0                      |  14|          3|   32|         96|
    |grp_fu_540_p1                      |  14|          3|   32|         96|
    |grp_fu_541_p0                      |  14|          3|   32|         96|
    |grp_fu_541_p1                      |  14|          3|   32|         96|
    |grp_fu_542_p0                      |  14|          3|   32|         96|
    |grp_fu_542_p1                      |  14|          3|   32|         96|
    |grp_fu_543_p0                      |  14|          3|   32|         96|
    |grp_fu_543_p1                      |  14|          3|   32|         96|
    |grp_fu_544_p0                      |  14|          3|   32|         96|
    |grp_fu_544_p1                      |  14|          3|   32|         96|
    |grp_fu_545_p0                      |  14|          3|   32|         96|
    |grp_fu_545_p1                      |  14|          3|   32|         96|
    |grp_fu_546_p0                      |  14|          3|   32|         96|
    |grp_fu_546_p1                      |  14|          3|   32|         96|
    |grp_fu_547_p0                      |  14|          3|   32|         96|
    |grp_fu_547_p1                      |  14|          3|   32|         96|
    |grp_fu_548_p0                      |  14|          3|   32|         96|
    |grp_fu_548_p1                      |  14|          3|   32|         96|
    |grp_fu_549_p0                      |  14|          3|   32|         96|
    |grp_fu_549_p1                      |  14|          3|   32|         96|
    |grp_fu_550_p0                      |  14|          3|   32|         96|
    |grp_fu_550_p1                      |  14|          3|   32|         96|
    |grp_fu_551_p0                      |  14|          3|   32|         96|
    |grp_fu_551_p1                      |  14|          3|   32|         96|
    |grp_fu_552_p0                      |  14|          3|   32|         96|
    |grp_fu_552_p1                      |  14|          3|   32|         96|
    |grp_fu_553_p0                      |  14|          3|   32|         96|
    |grp_fu_553_p1                      |  14|          3|   32|         96|
    |grp_fu_554_p0                      |  14|          3|   32|         96|
    |grp_fu_554_p1                      |  14|          3|   32|         96|
    |grp_fu_555_p0                      |  14|          3|   32|         96|
    |grp_fu_555_p1                      |  14|          3|   32|         96|
    |grp_fu_556_p0                      |  14|          3|   32|         96|
    |grp_fu_556_p1                      |  14|          3|   32|         96|
    |grp_fu_557_p0                      |  14|          3|   32|         96|
    |grp_fu_557_p1                      |  14|          3|   32|         96|
    |grp_fu_558_p0                      |  14|          3|   32|         96|
    |grp_fu_558_p1                      |  14|          3|   32|         96|
    |grp_fu_559_p0                      |  14|          3|   32|         96|
    |grp_fu_559_p1                      |  14|          3|   32|         96|
    |grp_fu_560_p0                      |  14|          3|   32|         96|
    |grp_fu_560_p1                      |  14|          3|   32|         96|
    |grp_fu_561_p0                      |  14|          3|   32|         96|
    |grp_fu_561_p1                      |  14|          3|   32|         96|
    |grp_fu_562_p0                      |  14|          3|   32|         96|
    |grp_fu_562_p1                      |  14|          3|   32|         96|
    |grp_fu_563_p0                      |  14|          3|   32|         96|
    |grp_fu_563_p1                      |  14|          3|   32|         96|
    |grp_fu_564_p0                      |  14|          3|   32|         96|
    |grp_fu_564_p1                      |  14|          3|   32|         96|
    |grp_fu_565_p0                      |  14|          3|   32|         96|
    |grp_fu_565_p1                      |  14|          3|   32|         96|
    |ofst_fu_430                        |   9|          2|    7|         14|
    |pack_ofst_fu_434                   |   9|          2|    8|         16|
    +-----------------------------------+----+-----------+-----+-----------+
    |Total                              |2093|        451| 4094|      12221|
    +-----------------------------------+----+-----------+-----+-----------+

    * Register: 
    +-----------------------------------+----+----+-----+-----------+
    |                Name               | FF | LUT| Bits| Const Bits|
    +-----------------------------------+----+----+-----+-----------+
    |ap_CS_fsm                          |   2|   0|    2|          0|
    |ap_done_reg                        |   1|   0|    1|          0|
    |ap_enable_reg_pp0_iter0_reg        |   1|   0|    1|          0|
    |ap_enable_reg_pp0_iter1            |   1|   0|    1|          0|
    |ap_enable_reg_pp0_iter10           |   1|   0|    1|          0|
    |ap_enable_reg_pp0_iter11           |   1|   0|    1|          0|
    |ap_enable_reg_pp0_iter12           |   1|   0|    1|          0|
    |ap_enable_reg_pp0_iter13           |   1|   0|    1|          0|
    |ap_enable_reg_pp0_iter14           |   1|   0|    1|          0|
    |ap_enable_reg_pp0_iter15           |   1|   0|    1|          0|
    |ap_enable_reg_pp0_iter16           |   1|   0|    1|          0|
    |ap_enable_reg_pp0_iter17           |   1|   0|    1|          0|
    |ap_enable_reg_pp0_iter18           |   1|   0|    1|          0|
    |ap_enable_reg_pp0_iter19           |   1|   0|    1|          0|
    |ap_enable_reg_pp0_iter2            |   1|   0|    1|          0|
    |ap_enable_reg_pp0_iter20           |   1|   0|    1|          0|
    |ap_enable_reg_pp0_iter21           |   1|   0|    1|          0|
    |ap_enable_reg_pp0_iter22           |   1|   0|    1|          0|
    |ap_enable_reg_pp0_iter23           |   1|   0|    1|          0|
    |ap_enable_reg_pp0_iter24           |   1|   0|    1|          0|
    |ap_enable_reg_pp0_iter25           |   1|   0|    1|          0|
    |ap_enable_reg_pp0_iter26           |   1|   0|    1|          0|
    |ap_enable_reg_pp0_iter27           |   1|   0|    1|          0|
    |ap_enable_reg_pp0_iter28           |   1|   0|    1|          0|
    |ap_enable_reg_pp0_iter3            |   1|   0|    1|          0|
    |ap_enable_reg_pp0_iter4            |   1|   0|    1|          0|
    |ap_enable_reg_pp0_iter5            |   1|   0|    1|          0|
    |ap_enable_reg_pp0_iter6            |   1|   0|    1|          0|
    |ap_enable_reg_pp0_iter7            |   1|   0|    1|          0|
    |ap_enable_reg_pp0_iter8            |   1|   0|    1|          0|
    |ap_enable_reg_pp0_iter9            |   1|   0|    1|          0|
    |ap_loop_exit_ready_pp0_iter10_reg  |   1|   0|    1|          0|
    |ap_loop_exit_ready_pp0_iter11_reg  |   1|   0|    1|          0|
    |ap_loop_exit_ready_pp0_iter12_reg  |   1|   0|    1|          0|
    |ap_loop_exit_ready_pp0_iter13_reg  |   1|   0|    1|          0|
    |ap_loop_exit_ready_pp0_iter14_reg  |   1|   0|    1|          0|
    |ap_loop_exit_ready_pp0_iter15_reg  |   1|   0|    1|          0|
    |ap_loop_exit_ready_pp0_iter16_reg  |   1|   0|    1|          0|
    |ap_loop_exit_ready_pp0_iter17_reg  |   1|   0|    1|          0|
    |ap_loop_exit_ready_pp0_iter18_reg  |   1|   0|    1|          0|
    |ap_loop_exit_ready_pp0_iter19_reg  |   1|   0|    1|          0|
    |ap_loop_exit_ready_pp0_iter1_reg   |   1|   0|    1|          0|
    |ap_loop_exit_ready_pp0_iter20_reg  |   1|   0|    1|          0|
    |ap_loop_exit_ready_pp0_iter21_reg  |   1|   0|    1|          0|
    |ap_loop_exit_ready_pp0_iter22_reg  |   1|   0|    1|          0|
    |ap_loop_exit_ready_pp0_iter23_reg  |   1|   0|    1|          0|
    |ap_loop_exit_ready_pp0_iter24_reg  |   1|   0|    1|          0|
    |ap_loop_exit_ready_pp0_iter25_reg  |   1|   0|    1|          0|
    |ap_loop_exit_ready_pp0_iter26_reg  |   1|   0|    1|          0|
    |ap_loop_exit_ready_pp0_iter27_reg  |   1|   0|    1|          0|
    |ap_loop_exit_ready_pp0_iter2_reg   |   1|   0|    1|          0|
    |ap_loop_exit_ready_pp0_iter3_reg   |   1|   0|    1|          0|
    |ap_loop_exit_ready_pp0_iter4_reg   |   1|   0|    1|          0|
    |ap_loop_exit_ready_pp0_iter5_reg   |   1|   0|    1|          0|
    |ap_loop_exit_ready_pp0_iter6_reg   |   1|   0|    1|          0|
    |ap_loop_exit_ready_pp0_iter7_reg   |   1|   0|    1|          0|
    |ap_loop_exit_ready_pp0_iter8_reg   |   1|   0|    1|          0|
    |ap_loop_exit_ready_pp0_iter9_reg   |   1|   0|    1|          0|
    |fp_buffer_100_reg_22053            |  32|   0|   32|          0|
    |fp_buffer_101_reg_22058            |  32|   0|   32|          0|
    |fp_buffer_102_reg_22063            |  32|   0|   32|          0|
    |fp_buffer_103_reg_22068            |  32|   0|   32|          0|
    |fp_buffer_104_reg_22073            |  32|   0|   32|          0|
    |fp_buffer_105_reg_22078            |  32|   0|   32|          0|
    |fp_buffer_106_reg_22083            |  32|   0|   32|          0|
    |fp_buffer_107_reg_22088            |  32|   0|   32|          0|
    |fp_buffer_108_reg_22093            |  32|   0|   32|          0|
    |fp_buffer_109_reg_22098            |  32|   0|   32|          0|
    |fp_buffer_110_reg_22103            |  32|   0|   32|          0|
    |fp_buffer_111_reg_22108            |  32|   0|   32|          0|
    |fp_buffer_112_reg_22193            |  32|   0|   32|          0|
    |fp_buffer_113_reg_22198            |  32|   0|   32|          0|
    |fp_buffer_114_reg_22203            |  32|   0|   32|          0|
    |fp_buffer_115_reg_22208            |  32|   0|   32|          0|
    |fp_buffer_116_reg_22213            |  32|   0|   32|          0|
    |fp_buffer_117_reg_22218            |  32|   0|   32|          0|
    |fp_buffer_118_reg_22223            |  32|   0|   32|          0|
    |fp_buffer_119_reg_22228            |  32|   0|   32|          0|
    |fp_buffer_120_reg_22273            |  32|   0|   32|          0|
    |fp_buffer_121_reg_22278            |  32|   0|   32|          0|
    |fp_buffer_122_reg_22283            |  32|   0|   32|          0|
    |fp_buffer_123_reg_22288            |  32|   0|   32|          0|
    |fp_buffer_124_reg_22313            |  32|   0|   32|          0|
    |fp_buffer_125_reg_22318            |  32|   0|   32|          0|
    |fp_buffer_126_reg_22333            |  32|   0|   32|          0|
    |fp_buffer_191_reg_21873            |  32|   0|   32|          0|
    |fp_buffer_192_reg_21878            |  32|   0|   32|          0|
    |fp_buffer_193_reg_21883            |  32|   0|   32|          0|
    |fp_buffer_194_reg_21888            |  32|   0|   32|          0|
    |fp_buffer_195_reg_21893            |  32|   0|   32|          0|
    |fp_buffer_196_reg_21898            |  32|   0|   32|          0|
    |fp_buffer_197_reg_21903            |  32|   0|   32|          0|
    |fp_buffer_198_reg_21908            |  32|   0|   32|          0|
    |fp_buffer_199_reg_21913            |  32|   0|   32|          0|
    |fp_buffer_200_reg_21918            |  32|   0|   32|          0|
    |fp_buffer_201_reg_21923            |  32|   0|   32|          0|
    |fp_buffer_202_reg_21928            |  32|   0|   32|          0|
    |fp_buffer_203_reg_21933            |  32|   0|   32|          0|
    |fp_buffer_204_reg_21938            |  32|   0|   32|          0|
    |fp_buffer_205_reg_21943            |  32|   0|   32|          0|
    |fp_buffer_206_reg_21948            |  32|   0|   32|          0|
    |fp_buffer_207_reg_21953            |  32|   0|   32|          0|
    |fp_buffer_208_reg_21958            |  32|   0|   32|          0|
    |fp_buffer_209_reg_21963            |  32|   0|   32|          0|
    |fp_buffer_210_reg_21968            |  32|   0|   32|          0|
    |fp_buffer_211_reg_21973            |  32|   0|   32|          0|
    |fp_buffer_212_reg_21978            |  32|   0|   32|          0|
    |fp_buffer_213_reg_21983            |  32|   0|   32|          0|
    |fp_buffer_214_reg_21988            |  32|   0|   32|          0|
    |fp_buffer_215_reg_21993            |  32|   0|   32|          0|
    |fp_buffer_216_reg_21998            |  32|   0|   32|          0|
    |fp_buffer_217_reg_22003            |  32|   0|   32|          0|
    |fp_buffer_218_reg_22008            |  32|   0|   32|          0|
    |fp_buffer_219_reg_22013            |  32|   0|   32|          0|
    |fp_buffer_220_reg_22018            |  32|   0|   32|          0|
    |fp_buffer_221_reg_22023            |  32|   0|   32|          0|
    |fp_buffer_222_reg_22028            |  32|   0|   32|          0|
    |fp_buffer_223_reg_22113            |  32|   0|   32|          0|
    |fp_buffer_224_reg_22118            |  32|   0|   32|          0|
    |fp_buffer_225_reg_22123            |  32|   0|   32|          0|
    |fp_buffer_226_reg_22128            |  32|   0|   32|          0|
    |fp_buffer_227_reg_22133            |  32|   0|   32|          0|
    |fp_buffer_228_reg_22138            |  32|   0|   32|          0|
    |fp_buffer_229_reg_22143            |  32|   0|   32|          0|
    |fp_buffer_230_reg_22148            |  32|   0|   32|          0|
    |fp_buffer_231_reg_22153            |  32|   0|   32|          0|
    |fp_buffer_232_reg_22158            |  32|   0|   32|          0|
    |fp_buffer_233_reg_22163            |  32|   0|   32|          0|
    |fp_buffer_234_reg_22168            |  32|   0|   32|          0|
    |fp_buffer_235_reg_22173            |  32|   0|   32|          0|
    |fp_buffer_236_reg_22178            |  32|   0|   32|          0|
    |fp_buffer_237_reg_22183            |  32|   0|   32|          0|
    |fp_buffer_238_reg_22188            |  32|   0|   32|          0|
    |fp_buffer_239_reg_22233            |  32|   0|   32|          0|
    |fp_buffer_240_reg_22238            |  32|   0|   32|          0|
    |fp_buffer_241_reg_22243            |  32|   0|   32|          0|
    |fp_buffer_242_reg_22248            |  32|   0|   32|          0|
    |fp_buffer_243_reg_22253            |  32|   0|   32|          0|
    |fp_buffer_244_reg_22258            |  32|   0|   32|          0|
    |fp_buffer_245_reg_22263            |  32|   0|   32|          0|
    |fp_buffer_246_reg_22268            |  32|   0|   32|          0|
    |fp_buffer_247_reg_22293            |  32|   0|   32|          0|
    |fp_buffer_248_reg_22298            |  32|   0|   32|          0|
    |fp_buffer_249_reg_22303            |  32|   0|   32|          0|
    |fp_buffer_250_reg_22308            |  32|   0|   32|          0|
    |fp_buffer_251_reg_22323            |  32|   0|   32|          0|
    |fp_buffer_252_reg_22328            |  32|   0|   32|          0|
    |fp_buffer_253_reg_22338            |  32|   0|   32|          0|
    |fp_buffer_254_reg_22343            |  32|   0|   32|          0|
    |fp_buffer_64_reg_21713             |  32|   0|   32|          0|
    |fp_buffer_65_reg_21718             |  32|   0|   32|          0|
    |fp_buffer_66_reg_21723             |  32|   0|   32|          0|
    |fp_buffer_67_reg_21728             |  32|   0|   32|          0|
    |fp_buffer_68_reg_21733             |  32|   0|   32|          0|
    |fp_buffer_69_reg_21738             |  32|   0|   32|          0|
    |fp_buffer_70_reg_21743             |  32|   0|   32|          0|
    |fp_buffer_71_reg_21748             |  32|   0|   32|          0|
    |fp_buffer_72_reg_21753             |  32|   0|   32|          0|
    |fp_buffer_73_reg_21758             |  32|   0|   32|          0|
    |fp_buffer_74_reg_21763             |  32|   0|   32|          0|
    |fp_buffer_75_reg_21768             |  32|   0|   32|          0|
    |fp_buffer_76_reg_21773             |  32|   0|   32|          0|
    |fp_buffer_77_reg_21778             |  32|   0|   32|          0|
    |fp_buffer_78_reg_21783             |  32|   0|   32|          0|
    |fp_buffer_79_reg_21788             |  32|   0|   32|          0|
    |fp_buffer_80_reg_21793             |  32|   0|   32|          0|
    |fp_buffer_81_reg_21798             |  32|   0|   32|          0|
    |fp_buffer_82_reg_21803             |  32|   0|   32|          0|
    |fp_buffer_83_reg_21808             |  32|   0|   32|          0|
    |fp_buffer_84_reg_21813             |  32|   0|   32|          0|
    |fp_buffer_85_reg_21818             |  32|   0|   32|          0|
    |fp_buffer_86_reg_21823             |  32|   0|   32|          0|
    |fp_buffer_87_reg_21828             |  32|   0|   32|          0|
    |fp_buffer_88_reg_21833             |  32|   0|   32|          0|
    |fp_buffer_89_reg_21838             |  32|   0|   32|          0|
    |fp_buffer_90_reg_21843             |  32|   0|   32|          0|
    |fp_buffer_91_reg_21848             |  32|   0|   32|          0|
    |fp_buffer_92_reg_21853             |  32|   0|   32|          0|
    |fp_buffer_93_reg_21858             |  32|   0|   32|          0|
    |fp_buffer_94_reg_21863             |  32|   0|   32|          0|
    |fp_buffer_95_reg_21868             |  32|   0|   32|          0|
    |fp_buffer_96_reg_22033             |  32|   0|   32|          0|
    |fp_buffer_97_reg_22038             |  32|   0|   32|          0|
    |fp_buffer_98_reg_22043             |  32|   0|   32|          0|
    |fp_buffer_99_reg_22048             |  32|   0|   32|          0|
    |icmp_ln132_reg_20404               |   1|   0|    1|          0|
    |ofst_fu_430                        |   7|   0|    7|          0|
    |pack_ofst_fu_434                   |   8|   0|    8|          0|
    |tmp_108_reg_20493                  |  32|   0|   32|          0|
    |tmp_10_reg_20438                   |  32|   0|   32|          0|
    |tmp_117_reg_20498                  |  32|   0|   32|          0|
    |tmp_126_reg_20503                  |  32|   0|   32|          0|
    |tmp_135_reg_20508                  |  32|   0|   32|          0|
    |tmp_144_reg_20513                  |  32|   0|   32|          0|
    |tmp_153_reg_20518                  |  32|   0|   32|          0|
    |tmp_162_reg_20523                  |  32|   0|   32|          0|
    |tmp_171_reg_20528                  |  32|   0|   32|          0|
    |tmp_180_reg_20533                  |  32|   0|   32|          0|
    |tmp_189_reg_20538                  |  32|   0|   32|          0|
    |tmp_18_reg_20443                   |  32|   0|   32|          0|
    |tmp_198_reg_20543                  |  32|   0|   32|          0|
    |tmp_207_reg_20548                  |  32|   0|   32|          0|
    |tmp_216_reg_20553                  |  32|   0|   32|          0|
    |tmp_225_reg_20558                  |  32|   0|   32|          0|
    |tmp_234_reg_20563                  |  32|   0|   32|          0|
    |tmp_243_reg_20568                  |  32|   0|   32|          0|
    |tmp_252_reg_20573                  |  32|   0|   32|          0|
    |tmp_261_reg_20578                  |  32|   0|   32|          0|
    |tmp_270_reg_20583                  |  32|   0|   32|          0|
    |tmp_279_reg_20588                  |  32|   0|   32|          0|
    |tmp_27_reg_20448                   |  32|   0|   32|          0|
    |tmp_288_reg_20593                  |  32|   0|   32|          0|
    |tmp_297_reg_20598                  |  32|   0|   32|          0|
    |tmp_306_reg_20603                  |  32|   0|   32|          0|
    |tmp_315_reg_20608                  |  32|   0|   32|          0|
    |tmp_324_reg_20613                  |  32|   0|   32|          0|
    |tmp_333_reg_20618                  |  32|   0|   32|          0|
    |tmp_342_reg_20623                  |  32|   0|   32|          0|
    |tmp_351_reg_20628                  |  32|   0|   32|          0|
    |tmp_360_reg_20633                  |  32|   0|   32|          0|
    |tmp_369_reg_20638                  |  32|   0|   32|          0|
    |tmp_36_reg_20453                   |  32|   0|   32|          0|
    |tmp_378_reg_20643                  |  32|   0|   32|          0|
    |tmp_387_reg_20648                  |  32|   0|   32|          0|
    |tmp_394_reg_20653                  |  32|   0|   32|          0|
    |tmp_400_reg_20658                  |  32|   0|   32|          0|
    |tmp_406_reg_20663                  |  32|   0|   32|          0|
    |tmp_412_reg_20668                  |  32|   0|   32|          0|
    |tmp_418_reg_20673                  |  32|   0|   32|          0|
    |tmp_424_reg_20678                  |  32|   0|   32|          0|
    |tmp_430_reg_20683                  |  32|   0|   32|          0|
    |tmp_436_reg_20688                  |  32|   0|   32|          0|
    |tmp_453_reg_20693                  |  32|   0|   32|          0|
    |tmp_45_reg_20458                   |  32|   0|   32|          0|
    |tmp_522_reg_20698                  |  32|   0|   32|          0|
    |tmp_528_reg_20703                  |  32|   0|   32|          0|
    |tmp_534_reg_20708                  |  32|   0|   32|          0|
    |tmp_540_reg_20713                  |  32|   0|   32|          0|
    |tmp_546_reg_20718                  |  32|   0|   32|          0|
    |tmp_54_reg_20463                   |  32|   0|   32|          0|
    |tmp_552_reg_20723                  |  32|   0|   32|          0|
    |tmp_558_reg_20728                  |  32|   0|   32|          0|
    |tmp_564_reg_20733                  |  32|   0|   32|          0|
    |tmp_570_reg_20738                  |  32|   0|   32|          0|
    |tmp_576_reg_20743                  |  32|   0|   32|          0|
    |tmp_582_reg_20748                  |  32|   0|   32|          0|
    |tmp_587_reg_20753                  |  32|   0|   32|          0|
    |tmp_593_reg_20758                  |  32|   0|   32|          0|
    |tmp_599_reg_20763                  |  32|   0|   32|          0|
    |tmp_605_reg_20768                  |  32|   0|   32|          0|
    |tmp_611_reg_20773                  |  32|   0|   32|          0|
    |tmp_617_reg_20778                  |  32|   0|   32|          0|
    |tmp_623_reg_20783                  |  32|   0|   32|          0|
    |tmp_629_reg_20788                  |  32|   0|   32|          0|
    |tmp_635_reg_20793                  |  32|   0|   32|          0|
    |tmp_63_reg_20468                   |  32|   0|   32|          0|
    |tmp_641_reg_20798                  |  32|   0|   32|          0|
    |tmp_647_reg_20803                  |  32|   0|   32|          0|
    |tmp_653_reg_20808                  |  32|   0|   32|          0|
    |tmp_659_reg_20813                  |  32|   0|   32|          0|
    |tmp_665_reg_20818                  |  32|   0|   32|          0|
    |tmp_671_reg_20823                  |  32|   0|   32|          0|
    |tmp_677_reg_20828                  |  32|   0|   32|          0|
    |tmp_683_reg_20833                  |  32|   0|   32|          0|
    |tmp_689_reg_20838                  |  32|   0|   32|          0|
    |tmp_695_reg_20843                  |  32|   0|   32|          0|
    |tmp_701_reg_20848                  |  32|   0|   32|          0|
    |tmp_707_reg_20853                  |  32|   0|   32|          0|
    |tmp_713_reg_20858                  |  32|   0|   32|          0|
    |tmp_719_reg_20863                  |  32|   0|   32|          0|
    |tmp_725_reg_20868                  |  32|   0|   32|          0|
    |tmp_72_reg_20473                   |  32|   0|   32|          0|
    |tmp_731_reg_20873                  |  32|   0|   32|          0|
    |tmp_737_reg_20878                  |  32|   0|   32|          0|
    |tmp_743_reg_20883                  |  32|   0|   32|          0|
    |tmp_749_reg_20888                  |  32|   0|   32|          0|
    |tmp_755_reg_20893                  |  32|   0|   32|          0|
    |tmp_761_reg_20898                  |  32|   0|   32|          0|
    |tmp_767_reg_20903                  |  32|   0|   32|          0|
    |tmp_773_reg_20908                  |  32|   0|   32|          0|
    |tmp_779_reg_20913                  |  32|   0|   32|          0|
    |tmp_785_reg_20918                  |  32|   0|   32|          0|
    |tmp_791_reg_20923                  |  32|   0|   32|          0|
    |tmp_797_reg_20928                  |  32|   0|   32|          0|
    |tmp_803_reg_20933                  |  32|   0|   32|          0|
    |tmp_809_reg_20938                  |  32|   0|   32|          0|
    |tmp_815_reg_20943                  |  32|   0|   32|          0|
    |tmp_81_reg_20478                   |  32|   0|   32|          0|
    |tmp_821_reg_20948                  |  32|   0|   32|          0|
    |tmp_827_reg_20953                  |  32|   0|   32|          0|
    |tmp_833_reg_20958                  |  32|   0|   32|          0|
    |tmp_839_reg_20963                  |  32|   0|   32|          0|
    |tmp_845_reg_20968                  |  32|   0|   32|          0|
    |tmp_851_reg_20973                  |  32|   0|   32|          0|
    |tmp_857_reg_20978                  |  32|   0|   32|          0|
    |tmp_863_reg_20983                  |  32|   0|   32|          0|
    |tmp_869_reg_20988                  |  32|   0|   32|          0|
    |tmp_875_reg_20993                  |  32|   0|   32|          0|
    |tmp_881_reg_20998                  |  32|   0|   32|          0|
    |tmp_887_reg_21003                  |  32|   0|   32|          0|
    |tmp_893_reg_21008                  |  32|   0|   32|          0|
    |tmp_899_reg_21013                  |  32|   0|   32|          0|
    |tmp_905_reg_21018                  |  32|   0|   32|          0|
    |tmp_90_reg_20483                   |  32|   0|   32|          0|
    |tmp_911_reg_21023                  |  32|   0|   32|          0|
    |tmp_917_reg_21028                  |  32|   0|   32|          0|
    |tmp_923_reg_21033                  |  32|   0|   32|          0|
    |tmp_929_reg_21038                  |  32|   0|   32|          0|
    |tmp_935_reg_21043                  |  32|   0|   32|          0|
    |tmp_941_reg_21048                  |  32|   0|   32|          0|
    |tmp_947_reg_21053                  |  32|   0|   32|          0|
    |tmp_953_reg_21058                  |  32|   0|   32|          0|
    |tmp_959_reg_21063                  |  32|   0|   32|          0|
    |tmp_965_reg_21068                  |  32|   0|   32|          0|
    |tmp_99_reg_20488                   |  32|   0|   32|          0|
    |tmp_reg_20433                      |  32|   0|   32|          0|
    |zext_ln132_reg_20408               |   7|   0|   64|         57|
    |icmp_ln132_reg_20404               |  64|  32|    1|          0|
    |zext_ln132_reg_20408               |  64|  32|   64|         57|
    +-----------------------------------+----+----+-----+-----------+
    |Total                              |8370|  64| 8364|        114|
    +-----------------------------------+----+----+-----+-----------+



================================================================
== Interface
================================================================
* Summary: 
+-------------------------+-----+------+------------+---------------------+--------------+
|        RTL Ports        | Dir | Bits |  Protocol  |    Source Object    |    C Type    |
+-------------------------+-----+------+------------+---------------------+--------------+
|ap_clk                   |   in|     1|  ap_ctrl_hs|  Run_Pipeline_SUM_UP|  return value|
|ap_rst                   |   in|     1|  ap_ctrl_hs|  Run_Pipeline_SUM_UP|  return value|
|ap_start                 |   in|     1|  ap_ctrl_hs|  Run_Pipeline_SUM_UP|  return value|
|ap_done                  |  out|     1|  ap_ctrl_hs|  Run_Pipeline_SUM_UP|  return value|
|ap_idle                  |  out|     1|  ap_ctrl_hs|  Run_Pipeline_SUM_UP|  return value|
|ap_ready                 |  out|     1|  ap_ctrl_hs|  Run_Pipeline_SUM_UP|  return value|
|grp_fu_673_p_din0        |  out|    32|  ap_ctrl_hs|  Run_Pipeline_SUM_UP|  return value|
|grp_fu_673_p_din1        |  out|    32|  ap_ctrl_hs|  Run_Pipeline_SUM_UP|  return value|
|grp_fu_673_p_opcode      |  out|     2|  ap_ctrl_hs|  Run_Pipeline_SUM_UP|  return value|
|grp_fu_673_p_dout0       |   in|    32|  ap_ctrl_hs|  Run_Pipeline_SUM_UP|  return value|
|grp_fu_673_p_ce          |  out|     1|  ap_ctrl_hs|  Run_Pipeline_SUM_UP|  return value|
|grp_fu_677_p_din0        |  out|    32|  ap_ctrl_hs|  Run_Pipeline_SUM_UP|  return value|
|grp_fu_677_p_din1        |  out|    32|  ap_ctrl_hs|  Run_Pipeline_SUM_UP|  return value|
|grp_fu_677_p_opcode      |  out|     2|  ap_ctrl_hs|  Run_Pipeline_SUM_UP|  return value|
|grp_fu_677_p_dout0       |   in|    32|  ap_ctrl_hs|  Run_Pipeline_SUM_UP|  return value|
|grp_fu_677_p_ce          |  out|     1|  ap_ctrl_hs|  Run_Pipeline_SUM_UP|  return value|
|grp_fu_681_p_din0        |  out|    32|  ap_ctrl_hs|  Run_Pipeline_SUM_UP|  return value|
|grp_fu_681_p_din1        |  out|    32|  ap_ctrl_hs|  Run_Pipeline_SUM_UP|  return value|
|grp_fu_681_p_opcode      |  out|     2|  ap_ctrl_hs|  Run_Pipeline_SUM_UP|  return value|
|grp_fu_681_p_dout0       |   in|    32|  ap_ctrl_hs|  Run_Pipeline_SUM_UP|  return value|
|grp_fu_681_p_ce          |  out|     1|  ap_ctrl_hs|  Run_Pipeline_SUM_UP|  return value|
|grp_fu_685_p_din0        |  out|    32|  ap_ctrl_hs|  Run_Pipeline_SUM_UP|  return value|
|grp_fu_685_p_din1        |  out|    32|  ap_ctrl_hs|  Run_Pipeline_SUM_UP|  return value|
|grp_fu_685_p_opcode      |  out|     2|  ap_ctrl_hs|  Run_Pipeline_SUM_UP|  return value|
|grp_fu_685_p_dout0       |   in|    32|  ap_ctrl_hs|  Run_Pipeline_SUM_UP|  return value|
|grp_fu_685_p_ce          |  out|     1|  ap_ctrl_hs|  Run_Pipeline_SUM_UP|  return value|
|grp_fu_689_p_din0        |  out|    32|  ap_ctrl_hs|  Run_Pipeline_SUM_UP|  return value|
|grp_fu_689_p_din1        |  out|    32|  ap_ctrl_hs|  Run_Pipeline_SUM_UP|  return value|
|grp_fu_689_p_opcode      |  out|     2|  ap_ctrl_hs|  Run_Pipeline_SUM_UP|  return value|
|grp_fu_689_p_dout0       |   in|    32|  ap_ctrl_hs|  Run_Pipeline_SUM_UP|  return value|
|grp_fu_689_p_ce          |  out|     1|  ap_ctrl_hs|  Run_Pipeline_SUM_UP|  return value|
|trotters_local_address0  |  out|     7|   ap_memory|       trotters_local|         array|
|trotters_local_ce0       |  out|     1|   ap_memory|       trotters_local|         array|
|trotters_local_q0        |   in|    64|   ap_memory|       trotters_local|         array|
|trotters_local_address1  |  out|     7|   ap_memory|       trotters_local|         array|
|trotters_local_ce1       |  out|     1|   ap_memory|       trotters_local|         array|
|trotters_local_q1        |   in|    64|   ap_memory|       trotters_local|         array|
|jcoup_local_0_address0   |  out|     6|   ap_memory|        jcoup_local_0|         array|
|jcoup_local_0_ce0        |  out|     1|   ap_memory|        jcoup_local_0|         array|
|jcoup_local_0_q0         |   in|  2048|   ap_memory|        jcoup_local_0|         array|
|jcoup_local_1_address0   |  out|     6|   ap_memory|        jcoup_local_1|         array|
|jcoup_local_1_ce0        |  out|     1|   ap_memory|        jcoup_local_1|         array|
|jcoup_local_1_q0         |   in|  2048|   ap_memory|        jcoup_local_1|         array|
|dh_tmp_address0          |  out|     6|   ap_memory|               dh_tmp|         array|
|dh_tmp_ce0               |  out|     1|   ap_memory|               dh_tmp|         array|
|dh_tmp_we0               |  out|     1|   ap_memory|               dh_tmp|         array|
|dh_tmp_d0                |  out|    32|   ap_memory|               dh_tmp|         array|
+-------------------------+-----+------+------------+---------------------+--------------+

