

================================================================
== Vitis HLS Report for 'QuantumMonteCarlo_Pipeline_SHIFT_JcoupLocal'
================================================================
* Date:           Sat Jul 31 12:16:10 2021

* Version:        2021.1 (Build 3247384 on Thu Jun 10 19:36:33 MDT 2021)
* Project:        SQA-Vitis
* Solution:       solution1 (Vivado IP Flow Target)
* Product family: virtexuplus
* Target device:  xcvu35p-fsvh2892-2-e


================================================================
== Performance Estimates
================================================================
+ Timing: 
    * Summary: 
    +--------+----------+----------+------------+
    |  Clock |  Target  | Estimated| Uncertainty|
    +--------+----------+----------+------------+
    |ap_clk  |  10.00 ns|  2.400 ns|     2.70 ns|
    +--------+----------+----------+------------+

+ Latency: 
    * Summary: 
    +---------+---------+----------+----------+-----+-----+---------+
    |  Latency (cycles) |  Latency (absolute) |  Interval | Pipeline|
    |   min   |   max   |    min   |    max   | min | max |   Type  |
    +---------+---------+----------+----------+-----+-----+---------+
    |       66|       66|  0.660 us|  0.660 us|   66|   66|       no|
    +---------+---------+----------+----------+-----+-----+---------+

    + Detail: 
        * Instance: 
        N/A

        * Loop: 
        +--------------------+---------+---------+----------+-----------+-----------+------+----------+
        |                    |  Latency (cycles) | Iteration|  Initiation Interval  | Trip |          |
        |      Loop Name     |   min   |   max   |  Latency |  achieved |   target  | Count| Pipelined|
        +--------------------+---------+---------+----------+-----------+-----------+------+----------+
        |- SHIFT_JcoupLocal  |       64|       64|         2|          1|          1|    64|       yes|
        +--------------------+---------+---------+----------+-----------+-----------+------+----------+



================================================================
== Utilization Estimates
================================================================
* Summary: 
+---------------------+---------+------+---------+--------+-----+
|         Name        | BRAM_18K|  DSP |    FF   |   LUT  | URAM|
+---------------------+---------+------+---------+--------+-----+
|DSP                  |        -|     -|        -|       -|    -|
|Expression           |        -|     -|        0|      27|    -|
|FIFO                 |        -|     -|        -|       -|    -|
|Instance             |        -|     -|        -|       -|    -|
|Memory               |        -|     -|        -|       -|    -|
|Multiplexer          |        -|     -|        -|      36|    -|
|Register             |        -|     -|      101|       -|    -|
+---------------------+---------+------+---------+--------+-----+
|Total                |        0|     0|      101|      63|    0|
+---------------------+---------+------+---------+--------+-----+
|Available SLR        |     1344|  2976|   871680|  435840|  320|
+---------------------+---------+------+---------+--------+-----+
|Utilization SLR (%)  |        0|     0|       ~0|      ~0|    0|
+---------------------+---------+------+---------+--------+-----+
|Available            |     2688|  5952|  1743360|  871680|  640|
+---------------------+---------+------+---------+--------+-----+
|Utilization (%)      |        0|     0|       ~0|      ~0|    0|
+---------------------+---------+------+---------+--------+-----+

+ Detail: 
    * Instance: 
    N/A

    * DSP: 
    N/A

    * Memory: 
    N/A

    * FIFO: 
    N/A

    * Expression: 
    +----------------------+----------+----+---+----+------------+------------+
    |     Variable Name    | Operation| DSP| FF| LUT| Bitwidth P0| Bitwidth P1|
    +----------------------+----------+----+---+----+------------+------------+
    |add_ln316_fu_367_p2   |         +|   0|  0|  14|           7|           1|
    |icmp_ln316_fu_361_p2  |      icmp|   0|  0|  11|           7|           8|
    |ap_enable_pp0         |       xor|   0|  0|   2|           1|           2|
    +----------------------+----------+----+---+----+------------+------------+
    |Total                 |          |   0|  0|  27|          15|          11|
    +----------------------+----------+----+---+----+------------+------------+

    * Multiplexer: 
    +-------------------------------+----+-----------+-----+-----------+
    |              Name             | LUT| Input Size| Bits| Total Bits|
    +-------------------------------+----+-----------+-----+-----------+
    |JcoupCount_fu_66               |   9|          2|    7|         14|
    |ap_done_int                    |   9|          2|    1|          2|
    |ap_enable_reg_pp0_iter1        |   9|          2|    1|          2|
    |ap_sig_allocacmp_JcoupCount_1  |   9|          2|    7|         14|
    +-------------------------------+----+-----------+-----+-----------+
    |Total                          |  36|          8|   16|         32|
    +-------------------------------+----+-----------+-----+-----------+

    * Register: 
    +------------------------------+---+----+-----+-----------+
    |             Name             | FF| LUT| Bits| Const Bits|
    +------------------------------+---+----+-----+-----------+
    |JcoupCount_fu_66              |  7|   0|    7|          0|
    |JcoupLocal_10_0_addr_reg_436  |  6|   0|    6|          0|
    |JcoupLocal_11_0_addr_reg_430  |  6|   0|    6|          0|
    |JcoupLocal_12_0_addr_reg_424  |  6|   0|    6|          0|
    |JcoupLocal_13_0_addr_reg_418  |  6|   0|    6|          0|
    |JcoupLocal_14_0_addr_reg_412  |  6|   0|    6|          0|
    |JcoupLocal_1_0_addr_reg_490   |  6|   0|    6|          0|
    |JcoupLocal_2_0_addr_reg_484   |  6|   0|    6|          0|
    |JcoupLocal_3_0_addr_reg_478   |  6|   0|    6|          0|
    |JcoupLocal_4_0_addr_reg_472   |  6|   0|    6|          0|
    |JcoupLocal_5_0_addr_reg_466   |  6|   0|    6|          0|
    |JcoupLocal_6_0_addr_reg_460   |  6|   0|    6|          0|
    |JcoupLocal_7_0_addr_reg_454   |  6|   0|    6|          0|
    |JcoupLocal_8_0_addr_reg_448   |  6|   0|    6|          0|
    |JcoupLocal_9_0_addr_reg_442   |  6|   0|    6|          0|
    |ap_CS_fsm                     |  1|   0|    1|          0|
    |ap_done_reg                   |  1|   0|    1|          0|
    |ap_enable_reg_pp0_iter1       |  1|   0|    1|          0|
    |zext_ln316_reg_407            |  7|   0|   64|         57|
    +------------------------------+---+----+-----+-----------+
    |Total                         |101|   0|  158|         57|
    +------------------------------+---+----+-----+-----------+



================================================================
== Interface
================================================================
* Summary: 
+--------------------------+-----+------+------------+---------------------------------------------+--------------+
|         RTL Ports        | Dir | Bits |  Protocol  |                Source Object                |    C Type    |
+--------------------------+-----+------+------------+---------------------------------------------+--------------+
|ap_clk                    |   in|     1|  ap_ctrl_hs|  QuantumMonteCarlo_Pipeline_SHIFT_JcoupLocal|  return value|
|ap_rst                    |   in|     1|  ap_ctrl_hs|  QuantumMonteCarlo_Pipeline_SHIFT_JcoupLocal|  return value|
|ap_start                  |   in|     1|  ap_ctrl_hs|  QuantumMonteCarlo_Pipeline_SHIFT_JcoupLocal|  return value|
|ap_done                   |  out|     1|  ap_ctrl_hs|  QuantumMonteCarlo_Pipeline_SHIFT_JcoupLocal|  return value|
|ap_idle                   |  out|     1|  ap_ctrl_hs|  QuantumMonteCarlo_Pipeline_SHIFT_JcoupLocal|  return value|
|ap_ready                  |  out|     1|  ap_ctrl_hs|  QuantumMonteCarlo_Pipeline_SHIFT_JcoupLocal|  return value|
|JcoupLocal_14_0_address0  |  out|     6|   ap_memory|                              JcoupLocal_14_0|         array|
|JcoupLocal_14_0_ce0       |  out|     1|   ap_memory|                              JcoupLocal_14_0|         array|
|JcoupLocal_14_0_q0        |   in|  2048|   ap_memory|                              JcoupLocal_14_0|         array|
|JcoupLocal_14_0_address1  |  out|     6|   ap_memory|                              JcoupLocal_14_0|         array|
|JcoupLocal_14_0_ce1       |  out|     1|   ap_memory|                              JcoupLocal_14_0|         array|
|JcoupLocal_14_0_we1       |  out|     1|   ap_memory|                              JcoupLocal_14_0|         array|
|JcoupLocal_14_0_d1        |  out|  2048|   ap_memory|                              JcoupLocal_14_0|         array|
|JcoupLocal_15_0_address1  |  out|     6|   ap_memory|                              JcoupLocal_15_0|         array|
|JcoupLocal_15_0_ce1       |  out|     1|   ap_memory|                              JcoupLocal_15_0|         array|
|JcoupLocal_15_0_we1       |  out|     1|   ap_memory|                              JcoupLocal_15_0|         array|
|JcoupLocal_15_0_d1        |  out|  2048|   ap_memory|                              JcoupLocal_15_0|         array|
|JcoupLocal_13_0_address0  |  out|     6|   ap_memory|                              JcoupLocal_13_0|         array|
|JcoupLocal_13_0_ce0       |  out|     1|   ap_memory|                              JcoupLocal_13_0|         array|
|JcoupLocal_13_0_q0        |   in|  2048|   ap_memory|                              JcoupLocal_13_0|         array|
|JcoupLocal_13_0_address1  |  out|     6|   ap_memory|                              JcoupLocal_13_0|         array|
|JcoupLocal_13_0_ce1       |  out|     1|   ap_memory|                              JcoupLocal_13_0|         array|
|JcoupLocal_13_0_we1       |  out|     1|   ap_memory|                              JcoupLocal_13_0|         array|
|JcoupLocal_13_0_d1        |  out|  2048|   ap_memory|                              JcoupLocal_13_0|         array|
|JcoupLocal_12_0_address0  |  out|     6|   ap_memory|                              JcoupLocal_12_0|         array|
|JcoupLocal_12_0_ce0       |  out|     1|   ap_memory|                              JcoupLocal_12_0|         array|
|JcoupLocal_12_0_q0        |   in|  2048|   ap_memory|                              JcoupLocal_12_0|         array|
|JcoupLocal_12_0_address1  |  out|     6|   ap_memory|                              JcoupLocal_12_0|         array|
|JcoupLocal_12_0_ce1       |  out|     1|   ap_memory|                              JcoupLocal_12_0|         array|
|JcoupLocal_12_0_we1       |  out|     1|   ap_memory|                              JcoupLocal_12_0|         array|
|JcoupLocal_12_0_d1        |  out|  2048|   ap_memory|                              JcoupLocal_12_0|         array|
|JcoupLocal_11_0_address0  |  out|     6|   ap_memory|                              JcoupLocal_11_0|         array|
|JcoupLocal_11_0_ce0       |  out|     1|   ap_memory|                              JcoupLocal_11_0|         array|
|JcoupLocal_11_0_q0        |   in|  2048|   ap_memory|                              JcoupLocal_11_0|         array|
|JcoupLocal_11_0_address1  |  out|     6|   ap_memory|                              JcoupLocal_11_0|         array|
|JcoupLocal_11_0_ce1       |  out|     1|   ap_memory|                              JcoupLocal_11_0|         array|
|JcoupLocal_11_0_we1       |  out|     1|   ap_memory|                              JcoupLocal_11_0|         array|
|JcoupLocal_11_0_d1        |  out|  2048|   ap_memory|                              JcoupLocal_11_0|         array|
|JcoupLocal_10_0_address0  |  out|     6|   ap_memory|                              JcoupLocal_10_0|         array|
|JcoupLocal_10_0_ce0       |  out|     1|   ap_memory|                              JcoupLocal_10_0|         array|
|JcoupLocal_10_0_q0        |   in|  2048|   ap_memory|                              JcoupLocal_10_0|         array|
|JcoupLocal_10_0_address1  |  out|     6|   ap_memory|                              JcoupLocal_10_0|         array|
|JcoupLocal_10_0_ce1       |  out|     1|   ap_memory|                              JcoupLocal_10_0|         array|
|JcoupLocal_10_0_we1       |  out|     1|   ap_memory|                              JcoupLocal_10_0|         array|
|JcoupLocal_10_0_d1        |  out|  2048|   ap_memory|                              JcoupLocal_10_0|         array|
|JcoupLocal_9_0_address0   |  out|     6|   ap_memory|                               JcoupLocal_9_0|         array|
|JcoupLocal_9_0_ce0        |  out|     1|   ap_memory|                               JcoupLocal_9_0|         array|
|JcoupLocal_9_0_q0         |   in|  2048|   ap_memory|                               JcoupLocal_9_0|         array|
|JcoupLocal_9_0_address1   |  out|     6|   ap_memory|                               JcoupLocal_9_0|         array|
|JcoupLocal_9_0_ce1        |  out|     1|   ap_memory|                               JcoupLocal_9_0|         array|
|JcoupLocal_9_0_we1        |  out|     1|   ap_memory|                               JcoupLocal_9_0|         array|
|JcoupLocal_9_0_d1         |  out|  2048|   ap_memory|                               JcoupLocal_9_0|         array|
|JcoupLocal_8_0_address0   |  out|     6|   ap_memory|                               JcoupLocal_8_0|         array|
|JcoupLocal_8_0_ce0        |  out|     1|   ap_memory|                               JcoupLocal_8_0|         array|
|JcoupLocal_8_0_q0         |   in|  2048|   ap_memory|                               JcoupLocal_8_0|         array|
|JcoupLocal_8_0_address1   |  out|     6|   ap_memory|                               JcoupLocal_8_0|         array|
|JcoupLocal_8_0_ce1        |  out|     1|   ap_memory|                               JcoupLocal_8_0|         array|
|JcoupLocal_8_0_we1        |  out|     1|   ap_memory|                               JcoupLocal_8_0|         array|
|JcoupLocal_8_0_d1         |  out|  2048|   ap_memory|                               JcoupLocal_8_0|         array|
|JcoupLocal_7_0_address0   |  out|     6|   ap_memory|                               JcoupLocal_7_0|         array|
|JcoupLocal_7_0_ce0        |  out|     1|   ap_memory|                               JcoupLocal_7_0|         array|
|JcoupLocal_7_0_q0         |   in|  2048|   ap_memory|                               JcoupLocal_7_0|         array|
|JcoupLocal_7_0_address1   |  out|     6|   ap_memory|                               JcoupLocal_7_0|         array|
|JcoupLocal_7_0_ce1        |  out|     1|   ap_memory|                               JcoupLocal_7_0|         array|
|JcoupLocal_7_0_we1        |  out|     1|   ap_memory|                               JcoupLocal_7_0|         array|
|JcoupLocal_7_0_d1         |  out|  2048|   ap_memory|                               JcoupLocal_7_0|         array|
|JcoupLocal_6_0_address0   |  out|     6|   ap_memory|                               JcoupLocal_6_0|         array|
|JcoupLocal_6_0_ce0        |  out|     1|   ap_memory|                               JcoupLocal_6_0|         array|
|JcoupLocal_6_0_q0         |   in|  2048|   ap_memory|                               JcoupLocal_6_0|         array|
|JcoupLocal_6_0_address1   |  out|     6|   ap_memory|                               JcoupLocal_6_0|         array|
|JcoupLocal_6_0_ce1        |  out|     1|   ap_memory|                               JcoupLocal_6_0|         array|
|JcoupLocal_6_0_we1        |  out|     1|   ap_memory|                               JcoupLocal_6_0|         array|
|JcoupLocal_6_0_d1         |  out|  2048|   ap_memory|                               JcoupLocal_6_0|         array|
|JcoupLocal_5_0_address0   |  out|     6|   ap_memory|                               JcoupLocal_5_0|         array|
|JcoupLocal_5_0_ce0        |  out|     1|   ap_memory|                               JcoupLocal_5_0|         array|
|JcoupLocal_5_0_q0         |   in|  2048|   ap_memory|                               JcoupLocal_5_0|         array|
|JcoupLocal_5_0_address1   |  out|     6|   ap_memory|                               JcoupLocal_5_0|         array|
|JcoupLocal_5_0_ce1        |  out|     1|   ap_memory|                               JcoupLocal_5_0|         array|
|JcoupLocal_5_0_we1        |  out|     1|   ap_memory|                               JcoupLocal_5_0|         array|
|JcoupLocal_5_0_d1         |  out|  2048|   ap_memory|                               JcoupLocal_5_0|         array|
|JcoupLocal_4_0_address0   |  out|     6|   ap_memory|                               JcoupLocal_4_0|         array|
|JcoupLocal_4_0_ce0        |  out|     1|   ap_memory|                               JcoupLocal_4_0|         array|
|JcoupLocal_4_0_q0         |   in|  2048|   ap_memory|                               JcoupLocal_4_0|         array|
|JcoupLocal_4_0_address1   |  out|     6|   ap_memory|                               JcoupLocal_4_0|         array|
|JcoupLocal_4_0_ce1        |  out|     1|   ap_memory|                               JcoupLocal_4_0|         array|
|JcoupLocal_4_0_we1        |  out|     1|   ap_memory|                               JcoupLocal_4_0|         array|
|JcoupLocal_4_0_d1         |  out|  2048|   ap_memory|                               JcoupLocal_4_0|         array|
|JcoupLocal_3_0_address0   |  out|     6|   ap_memory|                               JcoupLocal_3_0|         array|
|JcoupLocal_3_0_ce0        |  out|     1|   ap_memory|                               JcoupLocal_3_0|         array|
|JcoupLocal_3_0_q0         |   in|  2048|   ap_memory|                               JcoupLocal_3_0|         array|
|JcoupLocal_3_0_address1   |  out|     6|   ap_memory|                               JcoupLocal_3_0|         array|
|JcoupLocal_3_0_ce1        |  out|     1|   ap_memory|                               JcoupLocal_3_0|         array|
|JcoupLocal_3_0_we1        |  out|     1|   ap_memory|                               JcoupLocal_3_0|         array|
|JcoupLocal_3_0_d1         |  out|  2048|   ap_memory|                               JcoupLocal_3_0|         array|
|JcoupLocal_2_0_address0   |  out|     6|   ap_memory|                               JcoupLocal_2_0|         array|
|JcoupLocal_2_0_ce0        |  out|     1|   ap_memory|                               JcoupLocal_2_0|         array|
|JcoupLocal_2_0_q0         |   in|  2048|   ap_memory|                               JcoupLocal_2_0|         array|
|JcoupLocal_2_0_address1   |  out|     6|   ap_memory|                               JcoupLocal_2_0|         array|
|JcoupLocal_2_0_ce1        |  out|     1|   ap_memory|                               JcoupLocal_2_0|         array|
|JcoupLocal_2_0_we1        |  out|     1|   ap_memory|                               JcoupLocal_2_0|         array|
|JcoupLocal_2_0_d1         |  out|  2048|   ap_memory|                               JcoupLocal_2_0|         array|
|JcoupLocal_1_0_address0   |  out|     6|   ap_memory|                               JcoupLocal_1_0|         array|
|JcoupLocal_1_0_ce0        |  out|     1|   ap_memory|                               JcoupLocal_1_0|         array|
|JcoupLocal_1_0_q0         |   in|  2048|   ap_memory|                               JcoupLocal_1_0|         array|
|JcoupLocal_1_0_address1   |  out|     6|   ap_memory|                               JcoupLocal_1_0|         array|
|JcoupLocal_1_0_ce1        |  out|     1|   ap_memory|                               JcoupLocal_1_0|         array|
|JcoupLocal_1_0_we1        |  out|     1|   ap_memory|                               JcoupLocal_1_0|         array|
|JcoupLocal_1_0_d1         |  out|  2048|   ap_memory|                               JcoupLocal_1_0|         array|
|JcoupLocal_0_0_address0   |  out|     6|   ap_memory|                               JcoupLocal_0_0|         array|
|JcoupLocal_0_0_ce0        |  out|     1|   ap_memory|                               JcoupLocal_0_0|         array|
|JcoupLocal_0_0_q0         |   in|  2048|   ap_memory|                               JcoupLocal_0_0|         array|
+--------------------------+-----+------+------------+---------------------------------------------+--------------+

