

================================================================
== Vitis HLS Report for 'QuantumMonteCarloU50_Pipeline_SHIFT_JCOUP'
================================================================
* Date:           Wed Oct 27 17:26:27 2021

* Version:        2021.1 (Build 3247384 on Thu Jun 10 19:36:07 MDT 2021)
* Project:        SQA-Vitis
* Solution:       solution1 (Vitis Kernel Flow Target)
* Product family: virtexuplus
* Target device:  xcvu35p-fsvh2892-2-e


================================================================
== Performance Estimates
================================================================
+ Timing: 
    * Summary: 
    +--------+---------+----------+------------+
    |  Clock |  Target | Estimated| Uncertainty|
    +--------+---------+----------+------------+
    |ap_clk  |  3.33 ns|  1.746 ns|     0.90 ns|
    +--------+---------+----------+------------+

+ Latency: 
    * Summary: 
    +---------+---------+----------+----------+-----+-----+---------+
    |  Latency (cycles) |  Latency (absolute) |  Interval | Pipeline|
    |   min   |   max   |    min   |    max   | min | max |   Type  |
    +---------+---------+----------+----------+-----+-----+---------+
    |       72|       72|  0.240 us|  0.240 us|   72|   72|       no|
    +---------+---------+----------+----------+-----+-----+---------+

    + Detail: 
        * Instance: 
        N/A

        * Loop: 
        +---------------+---------+---------+----------+-----------+-----------+------+----------+
        |               |  Latency (cycles) | Iteration|  Initiation Interval  | Trip |          |
        |   Loop Name   |   min   |   max   |  Latency |  achieved |   target  | Count| Pipelined|
        +---------------+---------+---------+----------+-----------+-----------+------+----------+
        |- SHIFT_JCOUP  |       70|       70|         8|          1|          1|    64|       yes|
        +---------------+---------+---------+----------+-----------+-----------+------+----------+



================================================================
== Utilization Estimates
================================================================
* Summary: 
+---------------------+---------+------+---------+--------+-----+
|         Name        | BRAM_18K|  DSP |    FF   |   LUT  | URAM|
+---------------------+---------+------+---------+--------+-----+
|DSP                  |        -|     -|        -|       -|    -|
|Expression           |        -|     -|        0|    6168|    -|
|FIFO                 |        -|     -|        -|       -|    -|
|Instance             |        -|     -|        -|       -|    -|
|Memory               |        -|     -|        -|       -|    -|
|Multiplexer          |        -|     -|        -|      36|    -|
|Register             |        -|     -|     6650|     224|    -|
+---------------------+---------+------+---------+--------+-----+
|Total                |        0|     0|     6650|    6428|    0|
+---------------------+---------+------+---------+--------+-----+
|Available SLR        |     1344|  2976|   871680|  435840|  320|
+---------------------+---------+------+---------+--------+-----+
|Utilization SLR (%)  |        0|     0|       ~0|       1|    0|
+---------------------+---------+------+---------+--------+-----+
|Available            |     2688|  5952|  1743360|  871680|  640|
+---------------------+---------+------+---------+--------+-----+
|Utilization (%)      |        0|     0|       ~0|      ~0|    0|
+---------------------+---------+------+---------+--------+-----+

+ Detail: 
    * Instance: 
    N/A

    * DSP: 
    N/A

    * Memory: 
    N/A

    * FIFO: 
    N/A

    * Expression: 
    +---------------------------+----------+----+---+------+------------+------------+
    |       Variable Name       | Operation| DSP| FF|  LUT | Bitwidth P0| Bitwidth P1|
    +---------------------------+----------+----+---+------+------------+------------+
    |add_ln313_fu_1124_p2       |         +|   0|  0|    14|           7|           1|
    |icmp_ln313_fu_1118_p2      |      icmp|   0|  0|    11|           7|           8|
    |select_ln317_1_fu_1625_p3  |    select|   0|  0|  2047|           1|        2048|
    |select_ln317_2_fu_1618_p3  |    select|   0|  0|  2047|           1|        2048|
    |select_ln317_fu_1632_p3    |    select|   0|  0|  2047|           1|        2048|
    |ap_enable_pp0              |       xor|   0|  0|     2|           1|           2|
    +---------------------------+----------+----+---+------+------------+------------+
    |Total                      |          |   0|  0|  6168|          18|        6155|
    +---------------------------+----------+----+---+------+------------+------------+

    * Multiplexer: 
    +-------------------------+----+-----------+-----+-----------+
    |           Name          | LUT| Input Size| Bits| Total Bits|
    +-------------------------+----+-----------+-----+-----------+
    |ap_done_int              |   9|          2|    1|          2|
    |ap_enable_reg_pp0_iter1  |   9|          2|    1|          2|
    |ap_sig_allocacmp_ofst_2  |   9|          2|    7|         14|
    |ofst_fu_176              |   9|          2|    7|         14|
    +-------------------------+----+-----------+-----+-----------+
    |Total                    |  36|          8|   16|         32|
    +-------------------------+----+-----------+-----+-----------+

    * Register: 
    +----------------------------------+------+----+------+-----------+
    |               Name               |  FF  | LUT| Bits | Const Bits|
    +----------------------------------+------+----+------+-----------+
    |ap_CS_fsm                         |     1|   0|     1|          0|
    |ap_done_reg                       |     1|   0|     1|          0|
    |ap_enable_reg_pp0_iter1           |     1|   0|     1|          0|
    |ap_enable_reg_pp0_iter2           |     1|   0|     1|          0|
    |ap_enable_reg_pp0_iter3           |     1|   0|     1|          0|
    |ap_enable_reg_pp0_iter4           |     1|   0|     1|          0|
    |ap_enable_reg_pp0_iter5           |     1|   0|     1|          0|
    |ap_enable_reg_pp0_iter6           |     1|   0|     1|          0|
    |ap_enable_reg_pp0_iter7           |     1|   0|     1|          0|
    |ap_loop_exit_ready_pp0_iter1_reg  |     1|   0|     1|          0|
    |ap_loop_exit_ready_pp0_iter2_reg  |     1|   0|     1|          0|
    |ap_loop_exit_ready_pp0_iter3_reg  |     1|   0|     1|          0|
    |ap_loop_exit_ready_pp0_iter4_reg  |     1|   0|     1|          0|
    |ap_loop_exit_ready_pp0_iter5_reg  |     1|   0|     1|          0|
    |ap_loop_exit_ready_pp0_iter6_reg  |     1|   0|     1|          0|
    |jcoup_local_1_0_addr_reg_2002     |     5|   0|     5|          0|
    |jcoup_local_1_1_addr_reg_2007     |     5|   0|     5|          0|
    |jcoup_local_2_0_addr_reg_1982     |     5|   0|     5|          0|
    |jcoup_local_2_1_addr_reg_1987     |     5|   0|     5|          0|
    |jcoup_local_3_0_addr_reg_1992     |     5|   0|     5|          0|
    |jcoup_local_3_1_addr_reg_1997     |     5|   0|     5|          0|
    |lshr_ln317_s_reg_1657             |     5|   0|     5|          0|
    |ofst_fu_176                       |     7|   0|     7|          0|
    |select_ln317_1_reg_2028           |  2048|   0|  2048|          0|
    |select_ln317_2_reg_2022           |  2048|   0|  2048|          0|
    |select_ln317_reg_2034             |  2048|   0|  2048|          0|
    |trunc_ln317_reg_1650              |     1|   0|     1|          0|
    |jcoup_local_1_0_addr_reg_2002     |    64|  32|     5|          0|
    |jcoup_local_1_1_addr_reg_2007     |    64|  32|     5|          0|
    |jcoup_local_2_0_addr_reg_1982     |    64|  32|     5|          0|
    |jcoup_local_2_1_addr_reg_1987     |    64|  32|     5|          0|
    |jcoup_local_3_0_addr_reg_1992     |    64|  32|     5|          0|
    |jcoup_local_3_1_addr_reg_1997     |    64|  32|     5|          0|
    |trunc_ln317_reg_1650              |    64|  32|     1|          0|
    +----------------------------------+------+----+------+-----------+
    |Total                             |  6650| 224|  6233|          0|
    +----------------------------------+------+----+------+-----------+



================================================================
== Interface
================================================================
* Summary: 
+---------------------------------+-----+------+------------+-------------------------------------------+--------------+
|            RTL Ports            | Dir | Bits |  Protocol  |               Source Object               |    C Type    |
+---------------------------------+-----+------+------------+-------------------------------------------+--------------+
|ap_clk                           |   in|     1|  ap_ctrl_hs|  QuantumMonteCarloU50_Pipeline_SHIFT_JCOUP|  return value|
|ap_rst                           |   in|     1|  ap_ctrl_hs|  QuantumMonteCarloU50_Pipeline_SHIFT_JCOUP|  return value|
|ap_start                         |   in|     1|  ap_ctrl_hs|  QuantumMonteCarloU50_Pipeline_SHIFT_JCOUP|  return value|
|ap_done                          |  out|     1|  ap_ctrl_hs|  QuantumMonteCarloU50_Pipeline_SHIFT_JCOUP|  return value|
|ap_idle                          |  out|     1|  ap_ctrl_hs|  QuantumMonteCarloU50_Pipeline_SHIFT_JCOUP|  return value|
|ap_ready                         |  out|     1|  ap_ctrl_hs|  QuantumMonteCarloU50_Pipeline_SHIFT_JCOUP|  return value|
|jcoup_prefetch_data_0_address0   |  out|     6|   ap_memory|                      jcoup_prefetch_data_0|         array|
|jcoup_prefetch_data_0_ce0        |  out|     1|   ap_memory|                      jcoup_prefetch_data_0|         array|
|jcoup_prefetch_data_0_q0         |   in|    32|   ap_memory|                      jcoup_prefetch_data_0|         array|
|jcoup_prefetch_data_1_address0   |  out|     6|   ap_memory|                      jcoup_prefetch_data_1|         array|
|jcoup_prefetch_data_1_ce0        |  out|     1|   ap_memory|                      jcoup_prefetch_data_1|         array|
|jcoup_prefetch_data_1_q0         |   in|    32|   ap_memory|                      jcoup_prefetch_data_1|         array|
|jcoup_prefetch_data_2_address0   |  out|     6|   ap_memory|                      jcoup_prefetch_data_2|         array|
|jcoup_prefetch_data_2_ce0        |  out|     1|   ap_memory|                      jcoup_prefetch_data_2|         array|
|jcoup_prefetch_data_2_q0         |   in|    32|   ap_memory|                      jcoup_prefetch_data_2|         array|
|jcoup_prefetch_data_3_address0   |  out|     6|   ap_memory|                      jcoup_prefetch_data_3|         array|
|jcoup_prefetch_data_3_ce0        |  out|     1|   ap_memory|                      jcoup_prefetch_data_3|         array|
|jcoup_prefetch_data_3_q0         |   in|    32|   ap_memory|                      jcoup_prefetch_data_3|         array|
|jcoup_prefetch_data_4_address0   |  out|     6|   ap_memory|                      jcoup_prefetch_data_4|         array|
|jcoup_prefetch_data_4_ce0        |  out|     1|   ap_memory|                      jcoup_prefetch_data_4|         array|
|jcoup_prefetch_data_4_q0         |   in|    32|   ap_memory|                      jcoup_prefetch_data_4|         array|
|jcoup_prefetch_data_5_address0   |  out|     6|   ap_memory|                      jcoup_prefetch_data_5|         array|
|jcoup_prefetch_data_5_ce0        |  out|     1|   ap_memory|                      jcoup_prefetch_data_5|         array|
|jcoup_prefetch_data_5_q0         |   in|    32|   ap_memory|                      jcoup_prefetch_data_5|         array|
|jcoup_prefetch_data_6_address0   |  out|     6|   ap_memory|                      jcoup_prefetch_data_6|         array|
|jcoup_prefetch_data_6_ce0        |  out|     1|   ap_memory|                      jcoup_prefetch_data_6|         array|
|jcoup_prefetch_data_6_q0         |   in|    32|   ap_memory|                      jcoup_prefetch_data_6|         array|
|jcoup_prefetch_data_7_address0   |  out|     6|   ap_memory|                      jcoup_prefetch_data_7|         array|
|jcoup_prefetch_data_7_ce0        |  out|     1|   ap_memory|                      jcoup_prefetch_data_7|         array|
|jcoup_prefetch_data_7_q0         |   in|    32|   ap_memory|                      jcoup_prefetch_data_7|         array|
|jcoup_prefetch_data_8_address0   |  out|     6|   ap_memory|                      jcoup_prefetch_data_8|         array|
|jcoup_prefetch_data_8_ce0        |  out|     1|   ap_memory|                      jcoup_prefetch_data_8|         array|
|jcoup_prefetch_data_8_q0         |   in|    32|   ap_memory|                      jcoup_prefetch_data_8|         array|
|jcoup_prefetch_data_9_address0   |  out|     6|   ap_memory|                      jcoup_prefetch_data_9|         array|
|jcoup_prefetch_data_9_ce0        |  out|     1|   ap_memory|                      jcoup_prefetch_data_9|         array|
|jcoup_prefetch_data_9_q0         |   in|    32|   ap_memory|                      jcoup_prefetch_data_9|         array|
|jcoup_prefetch_data_10_address0  |  out|     6|   ap_memory|                     jcoup_prefetch_data_10|         array|
|jcoup_prefetch_data_10_ce0       |  out|     1|   ap_memory|                     jcoup_prefetch_data_10|         array|
|jcoup_prefetch_data_10_q0        |   in|    32|   ap_memory|                     jcoup_prefetch_data_10|         array|
|jcoup_prefetch_data_11_address0  |  out|     6|   ap_memory|                     jcoup_prefetch_data_11|         array|
|jcoup_prefetch_data_11_ce0       |  out|     1|   ap_memory|                     jcoup_prefetch_data_11|         array|
|jcoup_prefetch_data_11_q0        |   in|    32|   ap_memory|                     jcoup_prefetch_data_11|         array|
|jcoup_prefetch_data_12_address0  |  out|     6|   ap_memory|                     jcoup_prefetch_data_12|         array|
|jcoup_prefetch_data_12_ce0       |  out|     1|   ap_memory|                     jcoup_prefetch_data_12|         array|
|jcoup_prefetch_data_12_q0        |   in|    32|   ap_memory|                     jcoup_prefetch_data_12|         array|
|jcoup_prefetch_data_13_address0  |  out|     6|   ap_memory|                     jcoup_prefetch_data_13|         array|
|jcoup_prefetch_data_13_ce0       |  out|     1|   ap_memory|                     jcoup_prefetch_data_13|         array|
|jcoup_prefetch_data_13_q0        |   in|    32|   ap_memory|                     jcoup_prefetch_data_13|         array|
|jcoup_prefetch_data_14_address0  |  out|     6|   ap_memory|                     jcoup_prefetch_data_14|         array|
|jcoup_prefetch_data_14_ce0       |  out|     1|   ap_memory|                     jcoup_prefetch_data_14|         array|
|jcoup_prefetch_data_14_q0        |   in|    32|   ap_memory|                     jcoup_prefetch_data_14|         array|
|jcoup_prefetch_data_15_address0  |  out|     6|   ap_memory|                     jcoup_prefetch_data_15|         array|
|jcoup_prefetch_data_15_ce0       |  out|     1|   ap_memory|                     jcoup_prefetch_data_15|         array|
|jcoup_prefetch_data_15_q0        |   in|    32|   ap_memory|                     jcoup_prefetch_data_15|         array|
|jcoup_prefetch_data_16_address0  |  out|     6|   ap_memory|                     jcoup_prefetch_data_16|         array|
|jcoup_prefetch_data_16_ce0       |  out|     1|   ap_memory|                     jcoup_prefetch_data_16|         array|
|jcoup_prefetch_data_16_q0        |   in|    32|   ap_memory|                     jcoup_prefetch_data_16|         array|
|jcoup_prefetch_data_17_address0  |  out|     6|   ap_memory|                     jcoup_prefetch_data_17|         array|
|jcoup_prefetch_data_17_ce0       |  out|     1|   ap_memory|                     jcoup_prefetch_data_17|         array|
|jcoup_prefetch_data_17_q0        |   in|    32|   ap_memory|                     jcoup_prefetch_data_17|         array|
|jcoup_prefetch_data_18_address0  |  out|     6|   ap_memory|                     jcoup_prefetch_data_18|         array|
|jcoup_prefetch_data_18_ce0       |  out|     1|   ap_memory|                     jcoup_prefetch_data_18|         array|
|jcoup_prefetch_data_18_q0        |   in|    32|   ap_memory|                     jcoup_prefetch_data_18|         array|
|jcoup_prefetch_data_19_address0  |  out|     6|   ap_memory|                     jcoup_prefetch_data_19|         array|
|jcoup_prefetch_data_19_ce0       |  out|     1|   ap_memory|                     jcoup_prefetch_data_19|         array|
|jcoup_prefetch_data_19_q0        |   in|    32|   ap_memory|                     jcoup_prefetch_data_19|         array|
|jcoup_prefetch_data_20_address0  |  out|     6|   ap_memory|                     jcoup_prefetch_data_20|         array|
|jcoup_prefetch_data_20_ce0       |  out|     1|   ap_memory|                     jcoup_prefetch_data_20|         array|
|jcoup_prefetch_data_20_q0        |   in|    32|   ap_memory|                     jcoup_prefetch_data_20|         array|
|jcoup_prefetch_data_21_address0  |  out|     6|   ap_memory|                     jcoup_prefetch_data_21|         array|
|jcoup_prefetch_data_21_ce0       |  out|     1|   ap_memory|                     jcoup_prefetch_data_21|         array|
|jcoup_prefetch_data_21_q0        |   in|    32|   ap_memory|                     jcoup_prefetch_data_21|         array|
|jcoup_prefetch_data_22_address0  |  out|     6|   ap_memory|                     jcoup_prefetch_data_22|         array|
|jcoup_prefetch_data_22_ce0       |  out|     1|   ap_memory|                     jcoup_prefetch_data_22|         array|
|jcoup_prefetch_data_22_q0        |   in|    32|   ap_memory|                     jcoup_prefetch_data_22|         array|
|jcoup_prefetch_data_23_address0  |  out|     6|   ap_memory|                     jcoup_prefetch_data_23|         array|
|jcoup_prefetch_data_23_ce0       |  out|     1|   ap_memory|                     jcoup_prefetch_data_23|         array|
|jcoup_prefetch_data_23_q0        |   in|    32|   ap_memory|                     jcoup_prefetch_data_23|         array|
|jcoup_prefetch_data_24_address0  |  out|     6|   ap_memory|                     jcoup_prefetch_data_24|         array|
|jcoup_prefetch_data_24_ce0       |  out|     1|   ap_memory|                     jcoup_prefetch_data_24|         array|
|jcoup_prefetch_data_24_q0        |   in|    32|   ap_memory|                     jcoup_prefetch_data_24|         array|
|jcoup_prefetch_data_25_address0  |  out|     6|   ap_memory|                     jcoup_prefetch_data_25|         array|
|jcoup_prefetch_data_25_ce0       |  out|     1|   ap_memory|                     jcoup_prefetch_data_25|         array|
|jcoup_prefetch_data_25_q0        |   in|    32|   ap_memory|                     jcoup_prefetch_data_25|         array|
|jcoup_prefetch_data_26_address0  |  out|     6|   ap_memory|                     jcoup_prefetch_data_26|         array|
|jcoup_prefetch_data_26_ce0       |  out|     1|   ap_memory|                     jcoup_prefetch_data_26|         array|
|jcoup_prefetch_data_26_q0        |   in|    32|   ap_memory|                     jcoup_prefetch_data_26|         array|
|jcoup_prefetch_data_27_address0  |  out|     6|   ap_memory|                     jcoup_prefetch_data_27|         array|
|jcoup_prefetch_data_27_ce0       |  out|     1|   ap_memory|                     jcoup_prefetch_data_27|         array|
|jcoup_prefetch_data_27_q0        |   in|    32|   ap_memory|                     jcoup_prefetch_data_27|         array|
|jcoup_prefetch_data_28_address0  |  out|     6|   ap_memory|                     jcoup_prefetch_data_28|         array|
|jcoup_prefetch_data_28_ce0       |  out|     1|   ap_memory|                     jcoup_prefetch_data_28|         array|
|jcoup_prefetch_data_28_q0        |   in|    32|   ap_memory|                     jcoup_prefetch_data_28|         array|
|jcoup_prefetch_data_29_address0  |  out|     6|   ap_memory|                     jcoup_prefetch_data_29|         array|
|jcoup_prefetch_data_29_ce0       |  out|     1|   ap_memory|                     jcoup_prefetch_data_29|         array|
|jcoup_prefetch_data_29_q0        |   in|    32|   ap_memory|                     jcoup_prefetch_data_29|         array|
|jcoup_prefetch_data_30_address0  |  out|     6|   ap_memory|                     jcoup_prefetch_data_30|         array|
|jcoup_prefetch_data_30_ce0       |  out|     1|   ap_memory|                     jcoup_prefetch_data_30|         array|
|jcoup_prefetch_data_30_q0        |   in|    32|   ap_memory|                     jcoup_prefetch_data_30|         array|
|jcoup_prefetch_data_31_address0  |  out|     6|   ap_memory|                     jcoup_prefetch_data_31|         array|
|jcoup_prefetch_data_31_ce0       |  out|     1|   ap_memory|                     jcoup_prefetch_data_31|         array|
|jcoup_prefetch_data_31_q0        |   in|    32|   ap_memory|                     jcoup_prefetch_data_31|         array|
|jcoup_prefetch_data_32_address0  |  out|     6|   ap_memory|                     jcoup_prefetch_data_32|         array|
|jcoup_prefetch_data_32_ce0       |  out|     1|   ap_memory|                     jcoup_prefetch_data_32|         array|
|jcoup_prefetch_data_32_q0        |   in|    32|   ap_memory|                     jcoup_prefetch_data_32|         array|
|jcoup_prefetch_data_33_address0  |  out|     6|   ap_memory|                     jcoup_prefetch_data_33|         array|
|jcoup_prefetch_data_33_ce0       |  out|     1|   ap_memory|                     jcoup_prefetch_data_33|         array|
|jcoup_prefetch_data_33_q0        |   in|    32|   ap_memory|                     jcoup_prefetch_data_33|         array|
|jcoup_prefetch_data_34_address0  |  out|     6|   ap_memory|                     jcoup_prefetch_data_34|         array|
|jcoup_prefetch_data_34_ce0       |  out|     1|   ap_memory|                     jcoup_prefetch_data_34|         array|
|jcoup_prefetch_data_34_q0        |   in|    32|   ap_memory|                     jcoup_prefetch_data_34|         array|
|jcoup_prefetch_data_35_address0  |  out|     6|   ap_memory|                     jcoup_prefetch_data_35|         array|
|jcoup_prefetch_data_35_ce0       |  out|     1|   ap_memory|                     jcoup_prefetch_data_35|         array|
|jcoup_prefetch_data_35_q0        |   in|    32|   ap_memory|                     jcoup_prefetch_data_35|         array|
|jcoup_prefetch_data_36_address0  |  out|     6|   ap_memory|                     jcoup_prefetch_data_36|         array|
|jcoup_prefetch_data_36_ce0       |  out|     1|   ap_memory|                     jcoup_prefetch_data_36|         array|
|jcoup_prefetch_data_36_q0        |   in|    32|   ap_memory|                     jcoup_prefetch_data_36|         array|
|jcoup_prefetch_data_37_address0  |  out|     6|   ap_memory|                     jcoup_prefetch_data_37|         array|
|jcoup_prefetch_data_37_ce0       |  out|     1|   ap_memory|                     jcoup_prefetch_data_37|         array|
|jcoup_prefetch_data_37_q0        |   in|    32|   ap_memory|                     jcoup_prefetch_data_37|         array|
|jcoup_prefetch_data_38_address0  |  out|     6|   ap_memory|                     jcoup_prefetch_data_38|         array|
|jcoup_prefetch_data_38_ce0       |  out|     1|   ap_memory|                     jcoup_prefetch_data_38|         array|
|jcoup_prefetch_data_38_q0        |   in|    32|   ap_memory|                     jcoup_prefetch_data_38|         array|
|jcoup_prefetch_data_39_address0  |  out|     6|   ap_memory|                     jcoup_prefetch_data_39|         array|
|jcoup_prefetch_data_39_ce0       |  out|     1|   ap_memory|                     jcoup_prefetch_data_39|         array|
|jcoup_prefetch_data_39_q0        |   in|    32|   ap_memory|                     jcoup_prefetch_data_39|         array|
|jcoup_prefetch_data_40_address0  |  out|     6|   ap_memory|                     jcoup_prefetch_data_40|         array|
|jcoup_prefetch_data_40_ce0       |  out|     1|   ap_memory|                     jcoup_prefetch_data_40|         array|
|jcoup_prefetch_data_40_q0        |   in|    32|   ap_memory|                     jcoup_prefetch_data_40|         array|
|jcoup_prefetch_data_41_address0  |  out|     6|   ap_memory|                     jcoup_prefetch_data_41|         array|
|jcoup_prefetch_data_41_ce0       |  out|     1|   ap_memory|                     jcoup_prefetch_data_41|         array|
|jcoup_prefetch_data_41_q0        |   in|    32|   ap_memory|                     jcoup_prefetch_data_41|         array|
|jcoup_prefetch_data_42_address0  |  out|     6|   ap_memory|                     jcoup_prefetch_data_42|         array|
|jcoup_prefetch_data_42_ce0       |  out|     1|   ap_memory|                     jcoup_prefetch_data_42|         array|
|jcoup_prefetch_data_42_q0        |   in|    32|   ap_memory|                     jcoup_prefetch_data_42|         array|
|jcoup_prefetch_data_43_address0  |  out|     6|   ap_memory|                     jcoup_prefetch_data_43|         array|
|jcoup_prefetch_data_43_ce0       |  out|     1|   ap_memory|                     jcoup_prefetch_data_43|         array|
|jcoup_prefetch_data_43_q0        |   in|    32|   ap_memory|                     jcoup_prefetch_data_43|         array|
|jcoup_prefetch_data_44_address0  |  out|     6|   ap_memory|                     jcoup_prefetch_data_44|         array|
|jcoup_prefetch_data_44_ce0       |  out|     1|   ap_memory|                     jcoup_prefetch_data_44|         array|
|jcoup_prefetch_data_44_q0        |   in|    32|   ap_memory|                     jcoup_prefetch_data_44|         array|
|jcoup_prefetch_data_45_address0  |  out|     6|   ap_memory|                     jcoup_prefetch_data_45|         array|
|jcoup_prefetch_data_45_ce0       |  out|     1|   ap_memory|                     jcoup_prefetch_data_45|         array|
|jcoup_prefetch_data_45_q0        |   in|    32|   ap_memory|                     jcoup_prefetch_data_45|         array|
|jcoup_prefetch_data_46_address0  |  out|     6|   ap_memory|                     jcoup_prefetch_data_46|         array|
|jcoup_prefetch_data_46_ce0       |  out|     1|   ap_memory|                     jcoup_prefetch_data_46|         array|
|jcoup_prefetch_data_46_q0        |   in|    32|   ap_memory|                     jcoup_prefetch_data_46|         array|
|jcoup_prefetch_data_47_address0  |  out|     6|   ap_memory|                     jcoup_prefetch_data_47|         array|
|jcoup_prefetch_data_47_ce0       |  out|     1|   ap_memory|                     jcoup_prefetch_data_47|         array|
|jcoup_prefetch_data_47_q0        |   in|    32|   ap_memory|                     jcoup_prefetch_data_47|         array|
|jcoup_prefetch_data_48_address0  |  out|     6|   ap_memory|                     jcoup_prefetch_data_48|         array|
|jcoup_prefetch_data_48_ce0       |  out|     1|   ap_memory|                     jcoup_prefetch_data_48|         array|
|jcoup_prefetch_data_48_q0        |   in|    32|   ap_memory|                     jcoup_prefetch_data_48|         array|
|jcoup_prefetch_data_49_address0  |  out|     6|   ap_memory|                     jcoup_prefetch_data_49|         array|
|jcoup_prefetch_data_49_ce0       |  out|     1|   ap_memory|                     jcoup_prefetch_data_49|         array|
|jcoup_prefetch_data_49_q0        |   in|    32|   ap_memory|                     jcoup_prefetch_data_49|         array|
|jcoup_prefetch_data_50_address0  |  out|     6|   ap_memory|                     jcoup_prefetch_data_50|         array|
|jcoup_prefetch_data_50_ce0       |  out|     1|   ap_memory|                     jcoup_prefetch_data_50|         array|
|jcoup_prefetch_data_50_q0        |   in|    32|   ap_memory|                     jcoup_prefetch_data_50|         array|
|jcoup_prefetch_data_51_address0  |  out|     6|   ap_memory|                     jcoup_prefetch_data_51|         array|
|jcoup_prefetch_data_51_ce0       |  out|     1|   ap_memory|                     jcoup_prefetch_data_51|         array|
|jcoup_prefetch_data_51_q0        |   in|    32|   ap_memory|                     jcoup_prefetch_data_51|         array|
|jcoup_prefetch_data_52_address0  |  out|     6|   ap_memory|                     jcoup_prefetch_data_52|         array|
|jcoup_prefetch_data_52_ce0       |  out|     1|   ap_memory|                     jcoup_prefetch_data_52|         array|
|jcoup_prefetch_data_52_q0        |   in|    32|   ap_memory|                     jcoup_prefetch_data_52|         array|
|jcoup_prefetch_data_53_address0  |  out|     6|   ap_memory|                     jcoup_prefetch_data_53|         array|
|jcoup_prefetch_data_53_ce0       |  out|     1|   ap_memory|                     jcoup_prefetch_data_53|         array|
|jcoup_prefetch_data_53_q0        |   in|    32|   ap_memory|                     jcoup_prefetch_data_53|         array|
|jcoup_prefetch_data_54_address0  |  out|     6|   ap_memory|                     jcoup_prefetch_data_54|         array|
|jcoup_prefetch_data_54_ce0       |  out|     1|   ap_memory|                     jcoup_prefetch_data_54|         array|
|jcoup_prefetch_data_54_q0        |   in|    32|   ap_memory|                     jcoup_prefetch_data_54|         array|
|jcoup_prefetch_data_55_address0  |  out|     6|   ap_memory|                     jcoup_prefetch_data_55|         array|
|jcoup_prefetch_data_55_ce0       |  out|     1|   ap_memory|                     jcoup_prefetch_data_55|         array|
|jcoup_prefetch_data_55_q0        |   in|    32|   ap_memory|                     jcoup_prefetch_data_55|         array|
|jcoup_prefetch_data_56_address0  |  out|     6|   ap_memory|                     jcoup_prefetch_data_56|         array|
|jcoup_prefetch_data_56_ce0       |  out|     1|   ap_memory|                     jcoup_prefetch_data_56|         array|
|jcoup_prefetch_data_56_q0        |   in|    32|   ap_memory|                     jcoup_prefetch_data_56|         array|
|jcoup_prefetch_data_57_address0  |  out|     6|   ap_memory|                     jcoup_prefetch_data_57|         array|
|jcoup_prefetch_data_57_ce0       |  out|     1|   ap_memory|                     jcoup_prefetch_data_57|         array|
|jcoup_prefetch_data_57_q0        |   in|    32|   ap_memory|                     jcoup_prefetch_data_57|         array|
|jcoup_prefetch_data_58_address0  |  out|     6|   ap_memory|                     jcoup_prefetch_data_58|         array|
|jcoup_prefetch_data_58_ce0       |  out|     1|   ap_memory|                     jcoup_prefetch_data_58|         array|
|jcoup_prefetch_data_58_q0        |   in|    32|   ap_memory|                     jcoup_prefetch_data_58|         array|
|jcoup_prefetch_data_59_address0  |  out|     6|   ap_memory|                     jcoup_prefetch_data_59|         array|
|jcoup_prefetch_data_59_ce0       |  out|     1|   ap_memory|                     jcoup_prefetch_data_59|         array|
|jcoup_prefetch_data_59_q0        |   in|    32|   ap_memory|                     jcoup_prefetch_data_59|         array|
|jcoup_prefetch_data_60_address0  |  out|     6|   ap_memory|                     jcoup_prefetch_data_60|         array|
|jcoup_prefetch_data_60_ce0       |  out|     1|   ap_memory|                     jcoup_prefetch_data_60|         array|
|jcoup_prefetch_data_60_q0        |   in|    32|   ap_memory|                     jcoup_prefetch_data_60|         array|
|jcoup_prefetch_data_61_address0  |  out|     6|   ap_memory|                     jcoup_prefetch_data_61|         array|
|jcoup_prefetch_data_61_ce0       |  out|     1|   ap_memory|                     jcoup_prefetch_data_61|         array|
|jcoup_prefetch_data_61_q0        |   in|    32|   ap_memory|                     jcoup_prefetch_data_61|         array|
|jcoup_prefetch_data_62_address0  |  out|     6|   ap_memory|                     jcoup_prefetch_data_62|         array|
|jcoup_prefetch_data_62_ce0       |  out|     1|   ap_memory|                     jcoup_prefetch_data_62|         array|
|jcoup_prefetch_data_62_q0        |   in|    32|   ap_memory|                     jcoup_prefetch_data_62|         array|
|jcoup_prefetch_data_63_address0  |  out|     6|   ap_memory|                     jcoup_prefetch_data_63|         array|
|jcoup_prefetch_data_63_ce0       |  out|     1|   ap_memory|                     jcoup_prefetch_data_63|         array|
|jcoup_prefetch_data_63_q0        |   in|    32|   ap_memory|                     jcoup_prefetch_data_63|         array|
|jcoup_local_0_0_address0         |  out|     5|   ap_memory|                            jcoup_local_0_0|         array|
|jcoup_local_0_0_ce0              |  out|     1|   ap_memory|                            jcoup_local_0_0|         array|
|jcoup_local_0_0_we0              |  out|     1|   ap_memory|                            jcoup_local_0_0|         array|
|jcoup_local_0_0_d0               |  out|  2048|   ap_memory|                            jcoup_local_0_0|         array|
|jcoup_local_0_0_q0               |   in|  2048|   ap_memory|                            jcoup_local_0_0|         array|
|jcoup_local_0_1_address0         |  out|     5|   ap_memory|                            jcoup_local_0_1|         array|
|jcoup_local_0_1_ce0              |  out|     1|   ap_memory|                            jcoup_local_0_1|         array|
|jcoup_local_0_1_we0              |  out|     1|   ap_memory|                            jcoup_local_0_1|         array|
|jcoup_local_0_1_d0               |  out|  2048|   ap_memory|                            jcoup_local_0_1|         array|
|jcoup_local_0_1_q0               |   in|  2048|   ap_memory|                            jcoup_local_0_1|         array|
|jcoup_local_1_0_address0         |  out|     5|   ap_memory|                            jcoup_local_1_0|         array|
|jcoup_local_1_0_ce0              |  out|     1|   ap_memory|                            jcoup_local_1_0|         array|
|jcoup_local_1_0_we0              |  out|     1|   ap_memory|                            jcoup_local_1_0|         array|
|jcoup_local_1_0_d0               |  out|  2048|   ap_memory|                            jcoup_local_1_0|         array|
|jcoup_local_1_0_q0               |   in|  2048|   ap_memory|                            jcoup_local_1_0|         array|
|jcoup_local_1_1_address0         |  out|     5|   ap_memory|                            jcoup_local_1_1|         array|
|jcoup_local_1_1_ce0              |  out|     1|   ap_memory|                            jcoup_local_1_1|         array|
|jcoup_local_1_1_we0              |  out|     1|   ap_memory|                            jcoup_local_1_1|         array|
|jcoup_local_1_1_d0               |  out|  2048|   ap_memory|                            jcoup_local_1_1|         array|
|jcoup_local_1_1_q0               |   in|  2048|   ap_memory|                            jcoup_local_1_1|         array|
|jcoup_local_2_0_address0         |  out|     5|   ap_memory|                            jcoup_local_2_0|         array|
|jcoup_local_2_0_ce0              |  out|     1|   ap_memory|                            jcoup_local_2_0|         array|
|jcoup_local_2_0_we0              |  out|     1|   ap_memory|                            jcoup_local_2_0|         array|
|jcoup_local_2_0_d0               |  out|  2048|   ap_memory|                            jcoup_local_2_0|         array|
|jcoup_local_2_0_q0               |   in|  2048|   ap_memory|                            jcoup_local_2_0|         array|
|jcoup_local_2_1_address0         |  out|     5|   ap_memory|                            jcoup_local_2_1|         array|
|jcoup_local_2_1_ce0              |  out|     1|   ap_memory|                            jcoup_local_2_1|         array|
|jcoup_local_2_1_we0              |  out|     1|   ap_memory|                            jcoup_local_2_1|         array|
|jcoup_local_2_1_d0               |  out|  2048|   ap_memory|                            jcoup_local_2_1|         array|
|jcoup_local_2_1_q0               |   in|  2048|   ap_memory|                            jcoup_local_2_1|         array|
|jcoup_local_3_0_address0         |  out|     5|   ap_memory|                            jcoup_local_3_0|         array|
|jcoup_local_3_0_ce0              |  out|     1|   ap_memory|                            jcoup_local_3_0|         array|
|jcoup_local_3_0_we0              |  out|     1|   ap_memory|                            jcoup_local_3_0|         array|
|jcoup_local_3_0_d0               |  out|  2048|   ap_memory|                            jcoup_local_3_0|         array|
|jcoup_local_3_1_address0         |  out|     5|   ap_memory|                            jcoup_local_3_1|         array|
|jcoup_local_3_1_ce0              |  out|     1|   ap_memory|                            jcoup_local_3_1|         array|
|jcoup_local_3_1_we0              |  out|     1|   ap_memory|                            jcoup_local_3_1|         array|
|jcoup_local_3_1_d0               |  out|  2048|   ap_memory|                            jcoup_local_3_1|         array|
+---------------------------------+-----+------+------------+-------------------------------------------+--------------+

