

================================================================
== Vitis HLS Report for 'QuantumMonteCarloU50_Pipeline_READ_NEW_JCOUP_VITIS_LOOP_234_1'
================================================================
* Date:           Tue Aug 24 11:13:28 2021

* Version:        2021.1 (Build 3247384 on Thu Jun 10 19:36:07 MDT 2021)
* Project:        QuantumMonteCarloU50
* Solution:       solution (Vitis Kernel Flow Target)
* Product family: virtexuplus
* Target device:  xcu50-fsvh2104-2-e


================================================================
== Performance Estimates
================================================================
+ Timing: 
    * Summary: 
    +--------+---------+----------+------------+
    |  Clock |  Target | Estimated| Uncertainty|
    +--------+---------+----------+------------+
    |ap_clk  |  3.33 ns|  2.433 ns|     0.90 ns|
    +--------+---------+----------+------------+

+ Latency: 
    * Summary: 
    +---------+---------+-----------+-----------+------+------+---------+
    |  Latency (cycles) |   Latency (absolute)  |   Interval  | Pipeline|
    |   min   |   max   |    min    |    max    |  min |  max |   Type  |
    +---------+---------+-----------+-----------+------+------+---------+
    |     3918|     3918|  13.059 us|  13.059 us|  3918|  3918|       no|
    +---------+---------+-----------+-----------+------+------+---------+

    + Detail: 
        * Instance: 
        N/A

        * Loop: 
        +-----------------------------------+---------+---------+----------+-----------+-----------+------+----------+
        |                                   |  Latency (cycles) | Iteration|  Initiation Interval  | Trip |          |
        |             Loop Name             |   min   |   max   |  Latency |  achieved |   target  | Count| Pipelined|
        +-----------------------------------+---------+---------+----------+-----------+-----------+------+----------+
        |- READ_NEW_JCOUP_VITIS_LOOP_234_1  |     3916|     3916|        92|         15|          1|   256|       yes|
        +-----------------------------------+---------+---------+----------+-----------+-----------+------+----------+



================================================================
== Utilization Estimates
================================================================
* Summary: 
+---------------------+---------+------+---------+--------+-----+
|         Name        | BRAM_18K|  DSP |    FF   |   LUT  | URAM|
+---------------------+---------+------+---------+--------+-----+
|DSP                  |        -|     -|        -|       -|    -|
|Expression           |        -|     -|        0|  503534|    -|
|FIFO                 |        -|     -|        -|       -|    -|
|Instance             |        -|     -|        -|       -|    -|
|Memory               |        -|     -|        -|       -|    -|
|Multiplexer          |        -|     -|        -|     259|    -|
|Register             |        -|     -|   856600|    1600|    -|
+---------------------+---------+------+---------+--------+-----+
|Total                |        0|     0|   856600|  505393|    0|
+---------------------+---------+------+---------+--------+-----+
|Available SLR        |     1344|  2976|   871680|  435840|  320|
+---------------------+---------+------+---------+--------+-----+
|Utilization SLR (%)  |        0|     0|       98|     115|    0|
+---------------------+---------+------+---------+--------+-----+
|Available            |     2688|  5952|  1743360|  871680|  640|
+---------------------+---------+------+---------+--------+-----+
|Utilization (%)      |        0|     0|       49|      57|    0|
+---------------------+---------+------+---------+--------+-----+

+ Detail: 
    * Instance: 
    N/A

    * DSP: 
    N/A

    * Memory: 
    N/A

    * FIFO: 
    N/A

    * Expression: 
    +----------------------------+----------+----+---+------+------------+------------+
    |        Variable Name       | Operation| DSP| FF|  LUT | Bitwidth P0| Bitwidth P1|
    +----------------------------+----------+----+---+------+------------+------------+
    |add_ln233_1_fu_327_p2       |         +|   0|  0|    12|           4|           1|
    |add_ln233_fu_301_p2         |         +|   0|  0|    16|           9|           1|
    |add_ln234_fu_697_p2         |         +|   0|  0|    13|           6|           1|
    |add_ln241_1_fu_721_p2       |         +|   0|  0|    66|          59|          59|
    |add_ln241_fu_1061_p2        |         +|   0|  0|    71|          64|          64|
    |empty_1633_fu_357_p2        |         +|   0|  0|    15|           8|           8|
    |and_ln240_10_fu_2422_p2     |       and|   0|  0|  4096|       16384|       16384|
    |and_ln240_11_fu_2443_p2     |       and|   0|  0|  4096|       16384|       16384|
    |and_ln240_12_fu_801_p2      |       and|   0|  0|  4096|       16384|       16384|
    |and_ln240_13_fu_2458_p2     |       and|   0|  0|  4096|       16384|       16384|
    |and_ln240_14_fu_2479_p2     |       and|   0|  0|  4096|       16384|       16384|
    |and_ln240_15_fu_882_p2      |       and|   0|  0|  4096|       16384|       16384|
    |and_ln240_16_fu_2494_p2     |       and|   0|  0|  4096|       16384|       16384|
    |and_ln240_17_fu_2515_p2     |       and|   0|  0|  4096|       16384|       16384|
    |and_ln240_18_fu_963_p2      |       and|   0|  0|  4096|       16384|       16384|
    |and_ln240_19_fu_2530_p2     |       and|   0|  0|  4096|       16384|       16384|
    |and_ln240_1_fu_2334_p2      |       and|   0|  0|  4096|       16384|       16384|
    |and_ln240_20_fu_2551_p2     |       and|   0|  0|  4096|       16384|       16384|
    |and_ln240_21_fu_1044_p2     |       and|   0|  0|  4096|       16384|       16384|
    |and_ln240_22_fu_2566_p2     |       and|   0|  0|  4096|       16384|       16384|
    |and_ln240_23_fu_2587_p2     |       and|   0|  0|  4096|       16384|       16384|
    |and_ln240_24_fu_1151_p2     |       and|   0|  0|  4096|       16384|       16384|
    |and_ln240_25_fu_2602_p2     |       and|   0|  0|  4096|       16384|       16384|
    |and_ln240_26_fu_2623_p2     |       and|   0|  0|  4096|       16384|       16384|
    |and_ln240_27_fu_1232_p2     |       and|   0|  0|  4096|       16384|       16384|
    |and_ln240_28_fu_2638_p2     |       and|   0|  0|  4096|       16384|       16384|
    |and_ln240_29_fu_2659_p2     |       and|   0|  0|  4096|       16384|       16384|
    |and_ln240_2_fu_2043_p2      |       and|   0|  0|  4096|       16384|       16384|
    |and_ln240_30_fu_1313_p2     |       and|   0|  0|  4096|       16384|       16384|
    |and_ln240_31_fu_2674_p2     |       and|   0|  0|  4096|       16384|       16384|
    |and_ln240_32_fu_2695_p2     |       and|   0|  0|  4096|       16384|       16384|
    |and_ln240_33_fu_1394_p2     |       and|   0|  0|  4096|       16384|       16384|
    |and_ln240_34_fu_2710_p2     |       and|   0|  0|  4096|       16384|       16384|
    |and_ln240_35_fu_2731_p2     |       and|   0|  0|  4096|       16384|       16384|
    |and_ln240_36_fu_1485_p2     |       and|   0|  0|  4096|       16384|       16384|
    |and_ln240_37_fu_2746_p2     |       and|   0|  0|  4096|       16384|       16384|
    |and_ln240_38_fu_2767_p2     |       and|   0|  0|  4096|       16384|       16384|
    |and_ln240_39_fu_1566_p2     |       and|   0|  0|  4096|       16384|       16384|
    |and_ln240_3_fu_527_p2       |       and|   0|  0|  4096|       16384|       16384|
    |and_ln240_40_fu_2782_p2     |       and|   0|  0|  4096|       16384|       16384|
    |and_ln240_41_fu_2803_p2     |       and|   0|  0|  4096|       16384|       16384|
    |and_ln240_42_fu_1647_p2     |       and|   0|  0|  4096|       16384|       16384|
    |and_ln240_43_fu_2818_p2     |       and|   0|  0|  4096|       16384|       16384|
    |and_ln240_44_fu_2839_p2     |       and|   0|  0|  4096|       16384|       16384|
    |and_ln240_45_fu_1738_p2     |       and|   0|  0|  4096|       16384|       16384|
    |and_ln240_46_fu_2854_p2     |       and|   0|  0|  4096|       16384|       16384|
    |and_ln240_47_fu_2875_p2     |       and|   0|  0|  4096|       16384|       16384|
    |and_ln240_4_fu_2350_p2      |       and|   0|  0|  4096|       16384|       16384|
    |and_ln240_5_fu_2371_p2      |       and|   0|  0|  4096|       16384|       16384|
    |and_ln240_6_fu_609_p2       |       and|   0|  0|  4096|       16384|       16384|
    |and_ln240_7_fu_2386_p2      |       and|   0|  0|  4096|       16384|       16384|
    |and_ln240_8_fu_2407_p2      |       and|   0|  0|  4096|       16384|       16384|
    |and_ln240_9_fu_691_p2       |       and|   0|  0|  4096|       16384|       16384|
    |and_ln240_fu_445_p2         |       and|   0|  0|  4096|       16384|       16384|
    |ap_block_pp0_stage12_11001  |       and|   0|  0|     2|           1|           1|
    |ap_block_pp0_stage2_11001   |       and|   0|  0|     2|           1|           1|
    |ap_block_pp0_stage3_11001   |       and|   0|  0|     2|           1|           1|
    |ap_block_state3_io          |       and|   0|  0|     2|           1|           1|
    |addr_cmp_fu_1751_p2         |      icmp|   0|  0|    29|          64|          64|
    |icmp_ln233_fu_295_p2        |      icmp|   0|  0|    11|           9|          10|
    |icmp_ln234_fu_313_p2        |      icmp|   0|  0|    10|           6|           7|
    |icmp_ln240_10_fu_1257_p2    |      icmp|   0|  0|    12|          14|          14|
    |icmp_ln240_11_fu_1338_p2    |      icmp|   0|  0|    12|          14|          14|
    |icmp_ln240_12_fu_1429_p2    |      icmp|   0|  0|    12|          14|          14|
    |icmp_ln240_13_fu_1510_p2    |      icmp|   0|  0|    12|          14|          14|
    |icmp_ln240_14_fu_1591_p2    |      icmp|   0|  0|    12|          14|          14|
    |icmp_ln240_15_fu_1682_p2    |      icmp|   0|  0|    12|          14|          14|
    |icmp_ln240_1_fu_471_p2      |      icmp|   0|  0|    12|          14|          14|
    |icmp_ln240_2_fu_553_p2      |      icmp|   0|  0|    12|          14|          14|
    |icmp_ln240_3_fu_635_p2      |      icmp|   0|  0|    12|          14|          14|
    |icmp_ln240_4_fu_745_p2      |      icmp|   0|  0|    12|          14|          14|
    |icmp_ln240_5_fu_826_p2      |      icmp|   0|  0|    12|          14|          14|
    |icmp_ln240_6_fu_907_p2      |      icmp|   0|  0|    12|          14|          14|
    |icmp_ln240_7_fu_988_p2      |      icmp|   0|  0|    12|          14|          14|
    |icmp_ln240_8_fu_1095_p2     |      icmp|   0|  0|    12|          14|          14|
    |icmp_ln240_9_fu_1176_p2     |      icmp|   0|  0|    12|          14|          14|
    |icmp_ln240_fu_389_p2        |      icmp|   0|  0|    12|          14|          14|
    |lshr_ln240_10_fu_1307_p2    |      lshr|   0|  0|  2171|           2|       16384|
    |lshr_ln240_11_fu_1388_p2    |      lshr|   0|  0|  2171|           2|       16384|
    |lshr_ln240_12_fu_1479_p2    |      lshr|   0|  0|  2171|           2|       16384|
    |lshr_ln240_13_fu_1560_p2    |      lshr|   0|  0|  2171|           2|       16384|
    |lshr_ln240_14_fu_1641_p2    |      lshr|   0|  0|  2171|           2|       16384|
    |lshr_ln240_15_fu_1732_p2    |      lshr|   0|  0|  2171|           2|       16384|
    |lshr_ln240_1_fu_521_p2      |      lshr|   0|  0|  2171|           2|       16384|
    |lshr_ln240_2_fu_603_p2      |      lshr|   0|  0|  2171|           2|       16384|
    |lshr_ln240_3_fu_685_p2      |      lshr|   0|  0|  2171|           2|       16384|
    |lshr_ln240_4_fu_795_p2      |      lshr|   0|  0|  2171|           2|       16384|
    |lshr_ln240_5_fu_876_p2      |      lshr|   0|  0|  2171|           2|       16384|
    |lshr_ln240_6_fu_957_p2      |      lshr|   0|  0|  2171|           2|       16384|
    |lshr_ln240_7_fu_1038_p2     |      lshr|   0|  0|  2171|           2|       16384|
    |lshr_ln240_8_fu_1145_p2     |      lshr|   0|  0|  2171|           2|       16384|
    |lshr_ln240_9_fu_1226_p2     |      lshr|   0|  0|  2171|           2|       16384|
    |lshr_ln240_fu_439_p2        |      lshr|   0|  0|  2171|           2|       16384|
    |empty_1634_fu_383_p2        |        or|   0|  0|    14|          14|           5|
    |empty_1635_fu_465_p2        |        or|   0|  0|    14|          14|           5|
    |empty_1636_fu_547_p2        |        or|   0|  0|    14|          14|           5|
    |empty_1637_fu_629_p2        |        or|   0|  0|    14|          14|           5|
    |empty_1638_fu_739_p2        |        or|   0|  0|    14|          14|           5|
    |empty_1639_fu_820_p2        |        or|   0|  0|    14|          14|           5|
    |empty_1640_fu_901_p2        |        or|   0|  0|    14|          14|           5|
    |empty_1641_fu_982_p2        |        or|   0|  0|    14|          14|           5|
    |empty_1642_fu_1089_p2       |        or|   0|  0|    14|          14|           5|
    |empty_1643_fu_1170_p2       |        or|   0|  0|    14|          14|           5|
    |empty_1644_fu_1251_p2       |        or|   0|  0|    14|          14|           5|
    |empty_1645_fu_1332_p2       |        or|   0|  0|    14|          14|           5|
    |empty_1646_fu_1423_p2       |        or|   0|  0|    14|          14|           5|
    |empty_1647_fu_1504_p2       |        or|   0|  0|    14|          14|           5|
    |empty_1648_fu_1585_p2       |        or|   0|  0|    14|          14|           5|
    |empty_1649_fu_1676_p2       |        or|   0|  0|    14|          14|           5|
    |or_ln239_10_fu_1319_p2      |        or|   0|  0|     9|           9|           4|
    |or_ln239_11_fu_1410_p2      |        or|   0|  0|     9|           9|           4|
    |or_ln239_12_fu_1491_p2      |        or|   0|  0|     9|           9|           4|
    |or_ln239_13_fu_1572_p2      |        or|   0|  0|     9|           9|           4|
    |or_ln239_14_fu_1663_p2      |        or|   0|  0|     9|           9|           4|
    |or_ln239_1_fu_533_p2        |        or|   0|  0|     9|           9|           2|
    |or_ln239_2_fu_615_p2        |        or|   0|  0|     9|           9|           2|
    |or_ln239_3_fu_726_p2        |        or|   0|  0|     9|           9|           3|
    |or_ln239_4_fu_807_p2        |        or|   0|  0|     9|           9|           3|
    |or_ln239_5_fu_888_p2        |        or|   0|  0|     9|           9|           3|
    |or_ln239_6_fu_969_p2        |        or|   0|  0|     9|           9|           3|
    |or_ln239_7_fu_1076_p2       |        or|   0|  0|     9|           9|           4|
    |or_ln239_8_fu_1157_p2       |        or|   0|  0|     9|           9|           4|
    |or_ln239_9_fu_1238_p2       |        or|   0|  0|     9|           9|           4|
    |or_ln239_fu_451_p2          |        or|   0|  0|     9|           9|           1|
    |or_ln240_10_fu_2700_p2      |        or|   0|  0|  4096|       16384|       16384|
    |or_ln240_11_fu_2736_p2      |        or|   0|  0|  4096|       16384|       16384|
    |or_ln240_12_fu_2772_p2      |        or|   0|  0|  4096|       16384|       16384|
    |or_ln240_13_fu_2808_p2      |        or|   0|  0|  4096|       16384|       16384|
    |or_ln240_14_fu_2844_p2      |        or|   0|  0|  4096|       16384|       16384|
    |or_ln240_15_fu_2880_p2      |        or|   0|  0|  4096|       16384|       16384|
    |or_ln240_1_fu_2376_p2       |        or|   0|  0|  4096|       16384|       16384|
    |or_ln240_2_fu_2412_p2       |        or|   0|  0|  4096|       16384|       16384|
    |or_ln240_3_fu_2448_p2       |        or|   0|  0|  4096|       16384|       16384|
    |or_ln240_4_fu_2484_p2       |        or|   0|  0|  4096|       16384|       16384|
    |or_ln240_5_fu_2520_p2       |        or|   0|  0|  4096|       16384|       16384|
    |or_ln240_6_fu_2556_p2       |        or|   0|  0|  4096|       16384|       16384|
    |or_ln240_7_fu_2592_p2       |        or|   0|  0|  4096|       16384|       16384|
    |or_ln240_8_fu_2628_p2       |        or|   0|  0|  4096|       16384|       16384|
    |or_ln240_9_fu_2664_p2       |        or|   0|  0|  4096|       16384|       16384|
    |or_ln240_fu_2340_p2         |        or|   0|  0|  4096|       16384|       16384|
    |reuse_select_fu_2323_p3     |    select|   0|  0|  4096|           1|       16384|
    |select_ln233_1_fu_333_p3    |    select|   0|  0|     4|           1|           4|
    |select_ln233_fu_319_p3      |    select|   0|  0|     6|           1|           1|
    |select_ln240_10_fu_1842_p3  |    select|   0|  0|    15|           1|          15|
    |select_ln240_11_fu_2401_p3  |    select|   0|  0|  4096|           1|       16384|
    |select_ln240_12_fu_649_p3   |    select|   0|  0|    15|           1|          15|
    |select_ln240_13_fu_657_p3   |    select|   0|  0|    15|           1|          15|
    |select_ln240_14_fu_1876_p3  |    select|   0|  0|    15|           1|          15|
    |select_ln240_15_fu_2437_p3  |    select|   0|  0|  4096|           1|       16384|
    |select_ln240_16_fu_759_p3   |    select|   0|  0|    15|           1|          15|
    |select_ln240_17_fu_767_p3   |    select|   0|  0|    15|           1|          15|
    |select_ln240_18_fu_1910_p3  |    select|   0|  0|    15|           1|          15|
    |select_ln240_19_fu_2473_p3  |    select|   0|  0|  4096|           1|       16384|
    |select_ln240_1_fu_411_p3    |    select|   0|  0|    15|           1|          15|
    |select_ln240_20_fu_840_p3   |    select|   0|  0|    15|           1|          15|
    |select_ln240_21_fu_848_p3   |    select|   0|  0|    15|           1|          15|
    |select_ln240_22_fu_1944_p3  |    select|   0|  0|    15|           1|          15|
    |select_ln240_23_fu_2509_p3  |    select|   0|  0|  4096|           1|       16384|
    |select_ln240_24_fu_921_p3   |    select|   0|  0|    15|           1|          15|
    |select_ln240_25_fu_929_p3   |    select|   0|  0|    15|           1|          15|
    |select_ln240_26_fu_1978_p3  |    select|   0|  0|    15|           1|          15|
    |select_ln240_27_fu_2545_p3  |    select|   0|  0|  4096|           1|       16384|
    |select_ln240_28_fu_1002_p3  |    select|   0|  0|    15|           1|          15|
    |select_ln240_29_fu_1010_p3  |    select|   0|  0|    15|           1|          15|
    |select_ln240_2_fu_1774_p3   |    select|   0|  0|    15|           1|          15|
    |select_ln240_30_fu_2012_p3  |    select|   0|  0|    15|           1|          15|
    |select_ln240_31_fu_2581_p3  |    select|   0|  0|  4096|           1|       16384|
    |select_ln240_32_fu_1109_p3  |    select|   0|  0|    15|           1|          15|
    |select_ln240_33_fu_1117_p3  |    select|   0|  0|    15|           1|          15|
    |select_ln240_34_fu_2066_p3  |    select|   0|  0|    15|           1|          15|
    |select_ln240_35_fu_2617_p3  |    select|   0|  0|  4096|           1|       16384|
    |select_ln240_36_fu_1190_p3  |    select|   0|  0|    15|           1|          15|
    |select_ln240_37_fu_1198_p3  |    select|   0|  0|    15|           1|          15|
    |select_ln240_38_fu_2100_p3  |    select|   0|  0|    15|           1|          15|
    |select_ln240_39_fu_2653_p3  |    select|   0|  0|  4096|           1|       16384|
    |select_ln240_3_fu_2037_p3   |    select|   0|  0|  4096|           1|       16384|
    |select_ln240_40_fu_1271_p3  |    select|   0|  0|    15|           1|          15|
    |select_ln240_41_fu_1279_p3  |    select|   0|  0|    15|           1|          15|
    |select_ln240_42_fu_2134_p3  |    select|   0|  0|    15|           1|          15|
    |select_ln240_43_fu_2689_p3  |    select|   0|  0|  4096|           1|       16384|
    |select_ln240_44_fu_1352_p3  |    select|   0|  0|    15|           1|          15|
    |select_ln240_45_fu_1360_p3  |    select|   0|  0|    15|           1|          15|
    |select_ln240_46_fu_2168_p3  |    select|   0|  0|    15|           1|          15|
    |select_ln240_47_fu_2725_p3  |    select|   0|  0|  4096|           1|       16384|
    |select_ln240_48_fu_1443_p3  |    select|   0|  0|    15|           1|          15|
    |select_ln240_49_fu_1451_p3  |    select|   0|  0|    15|           1|          15|
    |select_ln240_4_fu_485_p3    |    select|   0|  0|    15|           1|          15|
    |select_ln240_50_fu_2202_p3  |    select|   0|  0|    15|           1|          15|
    |select_ln240_51_fu_2761_p3  |    select|   0|  0|  4096|           1|       16384|
    |select_ln240_52_fu_1524_p3  |    select|   0|  0|    15|           1|          15|
    |select_ln240_53_fu_1532_p3  |    select|   0|  0|    15|           1|          15|
    |select_ln240_54_fu_2236_p3  |    select|   0|  0|    15|           1|          15|
    |select_ln240_55_fu_2797_p3  |    select|   0|  0|  4096|           1|       16384|
    |select_ln240_56_fu_1605_p3  |    select|   0|  0|    15|           1|          15|
    |select_ln240_57_fu_1613_p3  |    select|   0|  0|    15|           1|          15|
    |select_ln240_58_fu_2270_p3  |    select|   0|  0|    15|           1|          15|
    |select_ln240_59_fu_2833_p3  |    select|   0|  0|  4096|           1|       16384|
    |select_ln240_5_fu_493_p3    |    select|   0|  0|    15|           1|          15|
    |select_ln240_60_fu_1696_p3  |    select|   0|  0|    15|           1|          15|
    |select_ln240_61_fu_1704_p3  |    select|   0|  0|    15|           1|          15|
    |select_ln240_62_fu_2304_p3  |    select|   0|  0|    15|           1|          15|
    |select_ln240_63_fu_2869_p3  |    select|   0|  0|  4096|           1|       16384|
    |select_ln240_6_fu_1808_p3   |    select|   0|  0|    15|           1|          15|
    |select_ln240_7_fu_2365_p3   |    select|   0|  0|  4096|           1|       16384|
    |select_ln240_8_fu_567_p3    |    select|   0|  0|    15|           1|          15|
    |select_ln240_9_fu_575_p3    |    select|   0|  0|    15|           1|          15|
    |select_ln240_fu_403_p3      |    select|   0|  0|    15|           1|          15|
    |shl_ln240_15_fu_433_p2      |       shl|   0|  0|  2171|           2|       16384|
    |shl_ln240_16_fu_1818_p2     |       shl|   0|  0|  2171|       16384|       16384|
    |shl_ln240_17_fu_515_p2      |       shl|   0|  0|  2171|           2|       16384|
    |shl_ln240_18_fu_1852_p2     |       shl|   0|  0|  2171|       16384|       16384|
    |shl_ln240_19_fu_597_p2      |       shl|   0|  0|  2171|           2|       16384|
    |shl_ln240_20_fu_1886_p2     |       shl|   0|  0|  2171|       16384|       16384|
    |shl_ln240_21_fu_679_p2      |       shl|   0|  0|  2171|           2|       16384|
    |shl_ln240_22_fu_1920_p2     |       shl|   0|  0|  2171|       16384|       16384|
    |shl_ln240_23_fu_789_p2      |       shl|   0|  0|  2171|           2|       16384|
    |shl_ln240_24_fu_1954_p2     |       shl|   0|  0|  2171|       16384|       16384|
    |shl_ln240_25_fu_870_p2      |       shl|   0|  0|  2171|           2|       16384|
    |shl_ln240_26_fu_1988_p2     |       shl|   0|  0|  2171|       16384|       16384|
    |shl_ln240_27_fu_951_p2      |       shl|   0|  0|  2171|           2|       16384|
    |shl_ln240_28_fu_2022_p2     |       shl|   0|  0|  2171|       16384|       16384|
    |shl_ln240_29_fu_1032_p2     |       shl|   0|  0|  2171|           2|       16384|
    |shl_ln240_30_fu_2076_p2     |       shl|   0|  0|  2171|       16384|       16384|
    |shl_ln240_31_fu_1139_p2     |       shl|   0|  0|  2171|           2|       16384|
    |shl_ln240_32_fu_2110_p2     |       shl|   0|  0|  2171|       16384|       16384|
    |shl_ln240_33_fu_1220_p2     |       shl|   0|  0|  2171|           2|       16384|
    |shl_ln240_34_fu_2144_p2     |       shl|   0|  0|  2171|       16384|       16384|
    |shl_ln240_35_fu_1301_p2     |       shl|   0|  0|  2171|           2|       16384|
    |shl_ln240_36_fu_2178_p2     |       shl|   0|  0|  2171|       16384|       16384|
    |shl_ln240_37_fu_1382_p2     |       shl|   0|  0|  2171|           2|       16384|
    |shl_ln240_38_fu_2212_p2     |       shl|   0|  0|  2171|       16384|       16384|
    |shl_ln240_39_fu_1473_p2     |       shl|   0|  0|  2171|           2|       16384|
    |shl_ln240_40_fu_2246_p2     |       shl|   0|  0|  2171|       16384|       16384|
    |shl_ln240_41_fu_1554_p2     |       shl|   0|  0|  2171|           2|       16384|
    |shl_ln240_42_fu_2280_p2     |       shl|   0|  0|  2171|       16384|       16384|
    |shl_ln240_43_fu_1635_p2     |       shl|   0|  0|  2171|           2|       16384|
    |shl_ln240_44_fu_2314_p2     |       shl|   0|  0|  2171|       16384|       16384|
    |shl_ln240_45_fu_1726_p2     |       shl|   0|  0|  2171|           2|       16384|
    |shl_ln240_fu_1784_p2        |       shl|   0|  0|  2171|       16384|       16384|
    |ap_enable_pp0               |       xor|   0|  0|     2|           1|           2|
    |xor_ln240_10_fu_665_p2      |       xor|   0|  0|    15|          15|          14|
    |xor_ln240_11_fu_2417_p2     |       xor|   0|  0|  4096|           2|       16384|
    |xor_ln240_12_fu_1905_p2     |       xor|   0|  0|    15|          15|          14|
    |xor_ln240_13_fu_775_p2      |       xor|   0|  0|    15|          15|          14|
    |xor_ln240_14_fu_2453_p2     |       xor|   0|  0|  4096|           2|       16384|
    |xor_ln240_15_fu_1939_p2     |       xor|   0|  0|    15|          15|          14|
    |xor_ln240_16_fu_856_p2      |       xor|   0|  0|    15|          15|          14|
    |xor_ln240_17_fu_2489_p2     |       xor|   0|  0|  4096|           2|       16384|
    |xor_ln240_18_fu_1973_p2     |       xor|   0|  0|    15|          15|          14|
    |xor_ln240_19_fu_937_p2      |       xor|   0|  0|    15|          15|          14|
    |xor_ln240_1_fu_419_p2       |       xor|   0|  0|    15|          15|          14|
    |xor_ln240_20_fu_2525_p2     |       xor|   0|  0|  4096|           2|       16384|
    |xor_ln240_21_fu_2007_p2     |       xor|   0|  0|    15|          15|          14|
    |xor_ln240_22_fu_1018_p2     |       xor|   0|  0|    15|          15|          14|
    |xor_ln240_23_fu_2561_p2     |       xor|   0|  0|  4096|           2|       16384|
    |xor_ln240_24_fu_2061_p2     |       xor|   0|  0|    15|          15|          14|
    |xor_ln240_25_fu_1125_p2     |       xor|   0|  0|    15|          15|          14|
    |xor_ln240_26_fu_2597_p2     |       xor|   0|  0|  4096|           2|       16384|
    |xor_ln240_27_fu_2095_p2     |       xor|   0|  0|    15|          15|          14|
    |xor_ln240_28_fu_1206_p2     |       xor|   0|  0|    15|          15|          14|
    |xor_ln240_29_fu_2633_p2     |       xor|   0|  0|  4096|           2|       16384|
    |xor_ln240_2_fu_2329_p2      |       xor|   0|  0|  4096|           2|       16384|
    |xor_ln240_30_fu_2129_p2     |       xor|   0|  0|    15|          15|          14|
    |xor_ln240_31_fu_1287_p2     |       xor|   0|  0|    15|          15|          14|
    |xor_ln240_32_fu_2669_p2     |       xor|   0|  0|  4096|           2|       16384|
    |xor_ln240_33_fu_2163_p2     |       xor|   0|  0|    15|          15|          14|
    |xor_ln240_34_fu_1368_p2     |       xor|   0|  0|    15|          15|          14|
    |xor_ln240_35_fu_2705_p2     |       xor|   0|  0|  4096|           2|       16384|
    |xor_ln240_36_fu_2197_p2     |       xor|   0|  0|    15|          15|          14|
    |xor_ln240_37_fu_1459_p2     |       xor|   0|  0|    15|          15|          14|
    |xor_ln240_38_fu_2741_p2     |       xor|   0|  0|  4096|           2|       16384|
    |xor_ln240_39_fu_2231_p2     |       xor|   0|  0|    15|          15|          14|
    |xor_ln240_3_fu_1803_p2      |       xor|   0|  0|    15|          15|          14|
    |xor_ln240_40_fu_1540_p2     |       xor|   0|  0|    15|          15|          14|
    |xor_ln240_41_fu_2777_p2     |       xor|   0|  0|  4096|           2|       16384|
    |xor_ln240_42_fu_2265_p2     |       xor|   0|  0|    15|          15|          14|
    |xor_ln240_43_fu_1621_p2     |       xor|   0|  0|    15|          15|          14|
    |xor_ln240_44_fu_2813_p2     |       xor|   0|  0|  4096|           2|       16384|
    |xor_ln240_45_fu_2299_p2     |       xor|   0|  0|    15|          15|          14|
    |xor_ln240_46_fu_1712_p2     |       xor|   0|  0|    15|          15|          14|
    |xor_ln240_47_fu_2849_p2     |       xor|   0|  0|  4096|           2|       16384|
    |xor_ln240_4_fu_501_p2       |       xor|   0|  0|    15|          15|          14|
    |xor_ln240_5_fu_2345_p2      |       xor|   0|  0|  4096|           2|       16384|
    |xor_ln240_6_fu_1837_p2      |       xor|   0|  0|    15|          15|          14|
    |xor_ln240_7_fu_583_p2       |       xor|   0|  0|    15|          15|          14|
    |xor_ln240_8_fu_2381_p2      |       xor|   0|  0|  4096|           2|       16384|
    |xor_ln240_9_fu_1871_p2      |       xor|   0|  0|    15|          15|          14|
    |xor_ln240_fu_1769_p2        |       xor|   0|  0|    15|          15|          14|
    +----------------------------+----------+----+---+------+------------+------------+
    |Total                       |          |   0|  0|503534|     1312180|     2377427|
    +----------------------------+----------+----+---+------+------------+------------+

    * Multiplexer: 
    +--------------------------------------+----+-----------+-------+-----------+
    |                 Name                 | LUT| Input Size|  Bits | Total Bits|
    +--------------------------------------+----+-----------+-------+-----------+
    |ap_NS_fsm                             |  65|         16|      1|         16|
    |ap_done_int                           |   9|          2|      1|          2|
    |ap_enable_reg_pp0_iter0               |   9|          2|      1|          2|
    |ap_enable_reg_pp0_iter1               |   9|          2|      1|          2|
    |ap_enable_reg_pp0_iter6               |   9|          2|      1|          2|
    |ap_loop_exit_ready_pp0_iter1_reg      |   9|          2|      1|          2|
    |ap_loop_exit_ready_pp0_iter2_reg      |   9|          2|      1|          2|
    |ap_loop_exit_ready_pp0_iter3_reg      |   9|          2|      1|          2|
    |ap_loop_exit_ready_pp0_iter4_reg      |   9|          2|      1|          2|
    |ap_loop_exit_ready_pp0_iter5_reg      |   9|          2|      1|          2|
    |ap_sig_allocacmp_indvar_flatten_load  |   9|          2|      9|         18|
    |ap_sig_allocacmp_packOfst_load        |   9|          2|      4|          8|
    |ap_sig_allocacmp_reuse_reg_load       |   9|          2|  16384|      32768|
    |ap_sig_allocacmp_strmOfst_load        |   9|          2|      6|         12|
    |gmem1_blk_n_AR                        |   9|          2|      1|          2|
    |gmem1_blk_n_R                         |   9|          2|      1|          2|
    |indvar_flatten_fu_206                 |   9|          2|      9|         18|
    |m_axi_gmem1_ARADDR                    |  14|          3|     64|        192|
    |packOfst_fu_202                       |   9|          2|      4|          8|
    |reuse_addr_reg_fu_190                 |   9|          2|     64|        128|
    |reuse_reg_fu_194                      |   9|          2|  16384|      32768|
    |strmOfst_fu_198                       |   9|          2|      6|         12|
    +--------------------------------------+----+-----------+-------+-----------+
    |Total                                 | 259|         59|  32946|      65970|
    +--------------------------------------+----+-----------+-------+-----------+

    * Register: 
    +------------------------------------------+-------+----+-------+-----------+
    |                   Name                   |   FF  | LUT|  Bits | Const Bits|
    +------------------------------------------+-------+----+-------+-----------+
    |JcoupLocal_0_addr_reg_3276                |      3|   0|      3|          0|
    |JcoupLocal_0_addr_reg_3276_pp0_iter5_reg  |      3|   0|      3|          0|
    |JcoupLocal_0_load_reg_3287                |  16384|   0|  16384|          0|
    |add_ln241_1_reg_3038                      |     59|   0|     59|          0|
    |addr_cmp_reg_3282                         |      1|   0|      1|          0|
    |and_ln240_10_reg_3427                     |  16384|   0|  16384|          0|
    |and_ln240_12_reg_3055                     |  16384|   0|  16384|          0|
    |and_ln240_13_reg_3432                     |  16384|   0|  16384|          0|
    |and_ln240_15_reg_3073                     |  16384|   0|  16384|          0|
    |and_ln240_16_reg_3437                     |  16384|   0|  16384|          0|
    |and_ln240_18_reg_3091                     |  16384|   0|  16384|          0|
    |and_ln240_19_reg_3442                     |  16384|   0|  16384|          0|
    |and_ln240_21_reg_3109                     |  16384|   0|  16384|          0|
    |and_ln240_22_reg_3447                     |  16384|   0|  16384|          0|
    |and_ln240_24_reg_3133                     |  16384|   0|  16384|          0|
    |and_ln240_25_reg_3452                     |  16384|   0|  16384|          0|
    |and_ln240_27_reg_3151                     |  16384|   0|  16384|          0|
    |and_ln240_28_reg_3457                     |  16384|   0|  16384|          0|
    |and_ln240_2_reg_3364                      |  16384|   0|  16384|          0|
    |and_ln240_30_reg_3169                     |  16384|   0|  16384|          0|
    |and_ln240_31_reg_3462                     |  16384|   0|  16384|          0|
    |and_ln240_33_reg_3187                     |  16384|   0|  16384|          0|
    |and_ln240_34_reg_3467                     |  16384|   0|  16384|          0|
    |and_ln240_36_reg_3210                     |  16384|   0|  16384|          0|
    |and_ln240_37_reg_3472                     |  16384|   0|  16384|          0|
    |and_ln240_39_reg_3228                     |  16384|   0|  16384|          0|
    |and_ln240_3_reg_2996                      |  16384|   0|  16384|          0|
    |and_ln240_40_reg_3477                     |  16384|   0|  16384|          0|
    |and_ln240_42_reg_3246                     |  16384|   0|  16384|          0|
    |and_ln240_43_reg_3482                     |  16384|   0|  16384|          0|
    |and_ln240_45_reg_3270                     |  16384|   0|  16384|          0|
    |and_ln240_46_reg_3487                     |  16384|   0|  16384|          0|
    |and_ln240_4_reg_3417                      |  16384|   0|  16384|          0|
    |and_ln240_6_reg_3014                      |  16384|   0|  16384|          0|
    |and_ln240_7_reg_3422                      |  16384|   0|  16384|          0|
    |and_ln240_9_reg_3032                      |  16384|   0|  16384|          0|
    |and_ln240_reg_2978                        |  16384|   0|  16384|          0|
    |ap_CS_fsm                                 |     15|   0|     15|          0|
    |ap_done_reg                               |      1|   0|      1|          0|
    |ap_enable_reg_pp0_iter0_reg               |      1|   0|      1|          0|
    |ap_enable_reg_pp0_iter1                   |      1|   0|      1|          0|
    |ap_enable_reg_pp0_iter2                   |      1|   0|      1|          0|
    |ap_enable_reg_pp0_iter3                   |      1|   0|      1|          0|
    |ap_enable_reg_pp0_iter4                   |      1|   0|      1|          0|
    |ap_enable_reg_pp0_iter5                   |      1|   0|      1|          0|
    |ap_enable_reg_pp0_iter6                   |      1|   0|      1|          0|
    |ap_loop_exit_ready_pp0_iter1_reg          |      1|   0|      1|          0|
    |ap_loop_exit_ready_pp0_iter2_reg          |      1|   0|      1|          0|
    |ap_loop_exit_ready_pp0_iter3_reg          |      1|   0|      1|          0|
    |ap_loop_exit_ready_pp0_iter4_reg          |      1|   0|      1|          0|
    |ap_loop_exit_ready_pp0_iter5_reg          |      1|   0|      1|          0|
    |empty_1633_reg_2944                       |      8|   0|      8|          0|
    |gmem1_addr_1_read_reg_3359                |    512|   0|    512|          0|
    |gmem1_addr_read_reg_3292                  |    512|   0|    512|          0|
    |icmp_ln233_reg_2935                       |      1|   0|      1|          0|
    |icmp_ln240_10_reg_3157                    |      1|   0|      1|          0|
    |icmp_ln240_11_reg_3175                    |      1|   0|      1|          0|
    |icmp_ln240_12_reg_3198                    |      1|   0|      1|          0|
    |icmp_ln240_13_reg_3216                    |      1|   0|      1|          0|
    |icmp_ln240_14_reg_3234                    |      1|   0|      1|          0|
    |icmp_ln240_15_reg_3258                    |      1|   0|      1|          0|
    |icmp_ln240_1_reg_2984                     |      1|   0|      1|          0|
    |icmp_ln240_2_reg_3002                     |      1|   0|      1|          0|
    |icmp_ln240_3_reg_3020                     |      1|   0|      1|          0|
    |icmp_ln240_4_reg_3043                     |      1|   0|      1|          0|
    |icmp_ln240_5_reg_3061                     |      1|   0|      1|          0|
    |icmp_ln240_6_reg_3079                     |      1|   0|      1|          0|
    |icmp_ln240_7_reg_3097                     |      1|   0|      1|          0|
    |icmp_ln240_8_reg_3121                     |      1|   0|      1|          0|
    |icmp_ln240_9_reg_3139                     |      1|   0|      1|          0|
    |icmp_ln240_reg_2966                       |      1|   0|      1|          0|
    |indvar_flatten_fu_206                     |      9|   0|      9|          0|
    |or_ln240_15_reg_3492                      |  16384|   0|  16384|          0|
    |packOfst_fu_202                           |      4|   0|      4|          0|
    |reuse_addr_reg_fu_190                     |     64|   0|     64|          0|
    |reuse_reg_fu_194                          |  16384|   0|  16384|          0|
    |select_ln233_1_reg_2939                   |      4|   0|      4|          0|
    |sext_ln232_cast_reg_2930                  |     59|   0|     59|          0|
    |shl_ln240_16_reg_3317                     |  16384|   0|  16384|          0|
    |shl_ln240_18_reg_3323                     |  16384|   0|  16384|          0|
    |shl_ln240_20_reg_3329                     |  16384|   0|  16384|          0|
    |shl_ln240_22_reg_3335                     |  16384|   0|  16384|          0|
    |shl_ln240_24_reg_3341                     |  16384|   0|  16384|          0|
    |shl_ln240_26_reg_3347                     |  16384|   0|  16384|          0|
    |shl_ln240_28_reg_3353                     |  16384|   0|  16384|          0|
    |shl_ln240_30_reg_3369                     |  16384|   0|  16384|          0|
    |shl_ln240_32_reg_3375                     |  16384|   0|  16384|          0|
    |shl_ln240_34_reg_3381                     |  16384|   0|  16384|          0|
    |shl_ln240_36_reg_3387                     |  16384|   0|  16384|          0|
    |shl_ln240_38_reg_3393                     |  16384|   0|  16384|          0|
    |shl_ln240_40_reg_3399                     |  16384|   0|  16384|          0|
    |shl_ln240_42_reg_3405                     |  16384|   0|  16384|          0|
    |shl_ln240_44_reg_3411                     |  16384|   0|  16384|          0|
    |shl_ln240_44_reg_3411_pp0_iter5_reg       |  16384|   0|  16384|          0|
    |shl_ln240_reg_3311                        |  16384|   0|  16384|          0|
    |shl_ln5_reg_2950                          |      5|   0|      9|          4|
    |strmOfst_fu_198                           |      6|   0|      6|          0|
    |trunc_ln241_14_reg_3193                   |     58|   0|     58|          0|
    |zext_ln240_12_reg_3008                    |      5|   0|     15|         10|
    |zext_ln240_18_reg_3026                    |      5|   0|     15|         10|
    |zext_ln240_24_reg_3049                    |      5|   0|     15|         10|
    |zext_ln240_30_reg_3067                    |      5|   0|     15|         10|
    |zext_ln240_36_reg_3085                    |      5|   0|     15|         10|
    |zext_ln240_42_reg_3103                    |      5|   0|     15|         10|
    |zext_ln240_48_reg_3127                    |      5|   0|     15|         10|
    |zext_ln240_54_reg_3145                    |      5|   0|     15|         10|
    |zext_ln240_60_reg_3163                    |      5|   0|     15|         10|
    |zext_ln240_66_reg_3181                    |      5|   0|     15|         10|
    |zext_ln240_6_reg_2990                     |      5|   0|     15|         10|
    |zext_ln240_72_reg_3204                    |      5|   0|     15|         10|
    |zext_ln240_78_reg_3222                    |      5|   0|     15|         10|
    |zext_ln240_84_reg_3240                    |      5|   0|     15|         10|
    |zext_ln240_90_reg_3264                    |      5|   0|     15|         10|
    |zext_ln240_reg_2972                       |      5|   0|     15|         10|
    |and_ln240_12_reg_3055                     |     64|  32|  16384|          0|
    |and_ln240_15_reg_3073                     |     64|  32|  16384|          0|
    |and_ln240_18_reg_3091                     |     64|  32|  16384|          0|
    |and_ln240_21_reg_3109                     |     64|  32|  16384|          0|
    |and_ln240_24_reg_3133                     |     64|  32|  16384|          0|
    |and_ln240_27_reg_3151                     |     64|  32|  16384|          0|
    |and_ln240_30_reg_3169                     |     64|  32|  16384|          0|
    |and_ln240_33_reg_3187                     |     64|  32|  16384|          0|
    |and_ln240_36_reg_3210                     |     64|  32|  16384|          0|
    |and_ln240_39_reg_3228                     |     64|  32|  16384|          0|
    |and_ln240_3_reg_2996                      |     64|  32|  16384|          0|
    |and_ln240_42_reg_3246                     |     64|  32|  16384|          0|
    |and_ln240_45_reg_3270                     |     64|  32|  16384|          0|
    |and_ln240_6_reg_3014                      |     64|  32|  16384|          0|
    |and_ln240_9_reg_3032                      |     64|  32|  16384|          0|
    |and_ln240_reg_2978                        |     64|  32|  16384|          0|
    |icmp_ln233_reg_2935                       |     64|  32|      1|          0|
    |icmp_ln240_10_reg_3157                    |     64|  32|      1|          0|
    |icmp_ln240_11_reg_3175                    |     64|  32|      1|          0|
    |icmp_ln240_12_reg_3198                    |     64|  32|      1|          0|
    |icmp_ln240_13_reg_3216                    |     64|  32|      1|          0|
    |icmp_ln240_14_reg_3234                    |     64|  32|      1|          0|
    |icmp_ln240_15_reg_3258                    |     64|  32|      1|          0|
    |icmp_ln240_1_reg_2984                     |     64|  32|      1|          0|
    |icmp_ln240_2_reg_3002                     |     64|  32|      1|          0|
    |icmp_ln240_3_reg_3020                     |     64|  32|      1|          0|
    |icmp_ln240_4_reg_3043                     |     64|  32|      1|          0|
    |icmp_ln240_5_reg_3061                     |     64|  32|      1|          0|
    |icmp_ln240_6_reg_3079                     |     64|  32|      1|          0|
    |icmp_ln240_7_reg_3097                     |     64|  32|      1|          0|
    |icmp_ln240_8_reg_3121                     |     64|  32|      1|          0|
    |icmp_ln240_9_reg_3139                     |     64|  32|      1|          0|
    |icmp_ln240_reg_2966                       |     64|  32|      1|          0|
    |select_ln233_1_reg_2939                   |     64|  32|      4|          0|
    |zext_ln240_12_reg_3008                    |     64|  32|     15|         10|
    |zext_ln240_18_reg_3026                    |     64|  32|     15|         10|
    |zext_ln240_24_reg_3049                    |     64|  32|     15|         10|
    |zext_ln240_30_reg_3067                    |     64|  32|     15|         10|
    |zext_ln240_36_reg_3085                    |     64|  32|     15|         10|
    |zext_ln240_42_reg_3103                    |     64|  32|     15|         10|
    |zext_ln240_48_reg_3127                    |     64|  32|     15|         10|
    |zext_ln240_54_reg_3145                    |     64|  32|     15|         10|
    |zext_ln240_60_reg_3163                    |     64|  32|     15|         10|
    |zext_ln240_66_reg_3181                    |     64|  32|     15|         10|
    |zext_ln240_6_reg_2990                     |     64|  32|     15|         10|
    |zext_ln240_72_reg_3204                    |     64|  32|     15|         10|
    |zext_ln240_78_reg_3222                    |     64|  32|     15|         10|
    |zext_ln240_84_reg_3240                    |     64|  32|     15|         10|
    |zext_ln240_90_reg_3264                    |     64|  32|     15|         10|
    |zext_ln240_reg_2972                       |     64|  32|     15|         10|
    +------------------------------------------+-------+----+-------+-----------+
    |Total                                     | 856600|1600|1115969|        324|
    +------------------------------------------+-------+----+-------+-----------+



================================================================
== Interface
================================================================
* Summary: 
+-----------------------+-----+-------+------------+---------------------------------------------------------------+--------------+
|       RTL Ports       | Dir |  Bits |  Protocol  |                         Source Object                         |    C Type    |
+-----------------------+-----+-------+------------+---------------------------------------------------------------+--------------+
|ap_clk                 |   in|      1|  ap_ctrl_hs|  QuantumMonteCarloU50_Pipeline_READ_NEW_JCOUP_VITIS_LOOP_234_1|  return value|
|ap_rst                 |   in|      1|  ap_ctrl_hs|  QuantumMonteCarloU50_Pipeline_READ_NEW_JCOUP_VITIS_LOOP_234_1|  return value|
|ap_start               |   in|      1|  ap_ctrl_hs|  QuantumMonteCarloU50_Pipeline_READ_NEW_JCOUP_VITIS_LOOP_234_1|  return value|
|ap_done                |  out|      1|  ap_ctrl_hs|  QuantumMonteCarloU50_Pipeline_READ_NEW_JCOUP_VITIS_LOOP_234_1|  return value|
|ap_idle                |  out|      1|  ap_ctrl_hs|  QuantumMonteCarloU50_Pipeline_READ_NEW_JCOUP_VITIS_LOOP_234_1|  return value|
|ap_ready               |  out|      1|  ap_ctrl_hs|  QuantumMonteCarloU50_Pipeline_READ_NEW_JCOUP_VITIS_LOOP_234_1|  return value|
|add_ln214              |   in|     64|     ap_none|                                                      add_ln214|        scalar|
|sext_ln232             |   in|     58|     ap_none|                                                     sext_ln232|        scalar|
|m_axi_gmem1_AWVALID    |  out|      1|       m_axi|                                                          gmem1|       pointer|
|m_axi_gmem1_AWREADY    |   in|      1|       m_axi|                                                          gmem1|       pointer|
|m_axi_gmem1_AWADDR     |  out|     64|       m_axi|                                                          gmem1|       pointer|
|m_axi_gmem1_AWID       |  out|      1|       m_axi|                                                          gmem1|       pointer|
|m_axi_gmem1_AWLEN      |  out|     32|       m_axi|                                                          gmem1|       pointer|
|m_axi_gmem1_AWSIZE     |  out|      3|       m_axi|                                                          gmem1|       pointer|
|m_axi_gmem1_AWBURST    |  out|      2|       m_axi|                                                          gmem1|       pointer|
|m_axi_gmem1_AWLOCK     |  out|      2|       m_axi|                                                          gmem1|       pointer|
|m_axi_gmem1_AWCACHE    |  out|      4|       m_axi|                                                          gmem1|       pointer|
|m_axi_gmem1_AWPROT     |  out|      3|       m_axi|                                                          gmem1|       pointer|
|m_axi_gmem1_AWQOS      |  out|      4|       m_axi|                                                          gmem1|       pointer|
|m_axi_gmem1_AWREGION   |  out|      4|       m_axi|                                                          gmem1|       pointer|
|m_axi_gmem1_AWUSER     |  out|      1|       m_axi|                                                          gmem1|       pointer|
|m_axi_gmem1_WVALID     |  out|      1|       m_axi|                                                          gmem1|       pointer|
|m_axi_gmem1_WREADY     |   in|      1|       m_axi|                                                          gmem1|       pointer|
|m_axi_gmem1_WDATA      |  out|    512|       m_axi|                                                          gmem1|       pointer|
|m_axi_gmem1_WSTRB      |  out|     64|       m_axi|                                                          gmem1|       pointer|
|m_axi_gmem1_WLAST      |  out|      1|       m_axi|                                                          gmem1|       pointer|
|m_axi_gmem1_WID        |  out|      1|       m_axi|                                                          gmem1|       pointer|
|m_axi_gmem1_WUSER      |  out|      1|       m_axi|                                                          gmem1|       pointer|
|m_axi_gmem1_ARVALID    |  out|      1|       m_axi|                                                          gmem1|       pointer|
|m_axi_gmem1_ARREADY    |   in|      1|       m_axi|                                                          gmem1|       pointer|
|m_axi_gmem1_ARADDR     |  out|     64|       m_axi|                                                          gmem1|       pointer|
|m_axi_gmem1_ARID       |  out|      1|       m_axi|                                                          gmem1|       pointer|
|m_axi_gmem1_ARLEN      |  out|     32|       m_axi|                                                          gmem1|       pointer|
|m_axi_gmem1_ARSIZE     |  out|      3|       m_axi|                                                          gmem1|       pointer|
|m_axi_gmem1_ARBURST    |  out|      2|       m_axi|                                                          gmem1|       pointer|
|m_axi_gmem1_ARLOCK     |  out|      2|       m_axi|                                                          gmem1|       pointer|
|m_axi_gmem1_ARCACHE    |  out|      4|       m_axi|                                                          gmem1|       pointer|
|m_axi_gmem1_ARPROT     |  out|      3|       m_axi|                                                          gmem1|       pointer|
|m_axi_gmem1_ARQOS      |  out|      4|       m_axi|                                                          gmem1|       pointer|
|m_axi_gmem1_ARREGION   |  out|      4|       m_axi|                                                          gmem1|       pointer|
|m_axi_gmem1_ARUSER     |  out|      1|       m_axi|                                                          gmem1|       pointer|
|m_axi_gmem1_RVALID     |   in|      1|       m_axi|                                                          gmem1|       pointer|
|m_axi_gmem1_RREADY     |  out|      1|       m_axi|                                                          gmem1|       pointer|
|m_axi_gmem1_RDATA      |   in|    512|       m_axi|                                                          gmem1|       pointer|
|m_axi_gmem1_RLAST      |   in|      1|       m_axi|                                                          gmem1|       pointer|
|m_axi_gmem1_RID        |   in|      1|       m_axi|                                                          gmem1|       pointer|
|m_axi_gmem1_RUSER      |   in|      1|       m_axi|                                                          gmem1|       pointer|
|m_axi_gmem1_RRESP      |   in|      2|       m_axi|                                                          gmem1|       pointer|
|m_axi_gmem1_BVALID     |   in|      1|       m_axi|                                                          gmem1|       pointer|
|m_axi_gmem1_BREADY     |  out|      1|       m_axi|                                                          gmem1|       pointer|
|m_axi_gmem1_BRESP      |   in|      2|       m_axi|                                                          gmem1|       pointer|
|m_axi_gmem1_BID        |   in|      1|       m_axi|                                                          gmem1|       pointer|
|m_axi_gmem1_BUSER      |   in|      1|       m_axi|                                                          gmem1|       pointer|
|JcoupLocal_0_address0  |  out|      3|   ap_memory|                                                   JcoupLocal_0|         array|
|JcoupLocal_0_ce0       |  out|      1|   ap_memory|                                                   JcoupLocal_0|         array|
|JcoupLocal_0_q0        |   in|  16384|   ap_memory|                                                   JcoupLocal_0|         array|
|JcoupLocal_0_address1  |  out|      3|   ap_memory|                                                   JcoupLocal_0|         array|
|JcoupLocal_0_ce1       |  out|      1|   ap_memory|                                                   JcoupLocal_0|         array|
|JcoupLocal_0_we1       |  out|      1|   ap_memory|                                                   JcoupLocal_0|         array|
|JcoupLocal_0_d1        |  out|  16384|   ap_memory|                                                   JcoupLocal_0|         array|
+-----------------------+-----+-------+------------+---------------------------------------------------------------+--------------+

