

================================================================
== Synthesis Summary Report of 'QuantumMonteCarloU50'
================================================================
+ General Information: 
    * Date:           Mon Oct 18 02:32:24 2021
    * Version:        2021.1 (Build 3247384 on Thu Jun 10 19:36:33 MDT 2021)
    * Project:        SQA-Vitis
    * Solution:       solution1 (Vitis Kernel Flow Target)
    * Product family: virtexuplus
    * Target device:  xcvu35p-fsvh2892-2-e
    

+ Performance & Resource Estimates: 
    
    PS: '+' for module; 'o' for loop; '*' for dataflow
    +------------------------------------------------------------------------------+--------+-------+---------+-----------+----------+---------+------+----------+----------+----------+--------------+--------------+-----+
    |                                    Modules                                   |  Issue |       | Latency |  Latency  | Iteration|         | Trip |          |          |          |              |              |     |
    |                                    & Loops                                   |  Type  | Slack | (cycles)|    (ns)   |  Latency | Interval| Count| Pipelined|   BRAM   |    DSP   |      FF      |      LUT     | URAM|
    +------------------------------------------------------------------------------+--------+-------+---------+-----------+----------+---------+------+----------+----------+----------+--------------+--------------+-----+
    |+ QuantumMonteCarloU50                                                        |  Timing|  -0.45|  1664856|  5.549e+06|         -|  1664857|     -|        no|  150 (5%)|  527 (8%)|  255525 (14%)|  181992 (20%)|    -|
    | + grp_QuantumMonteCarloU50_Pipeline_READ_TROTTERS_READ_TROTTERS_1_fu_3343    |       -|   0.00|      259|    863.247|         -|      259|     -|        no|         -|         -|    1006 (~0%)|     580 (~0%)|    -|
    |  o READ_TROTTERS_READ_TROTTERS_1                                             |       -|   2.43|      257|    856.581|         3|        1|   256|       yes|         -|         -|             -|             -|    -|
    | + grp_UpdateState_fu_3358                                                    |       -|   0.00|       74|    246.642|         -|       74|     -|        no|         -|         -|    1145 (~0%)|    1827 (~0%)|    -|
    | + grp_UpdateJcoup_fu_3377                                                    |       -|   0.00|      206|    686.598|         -|      206|     -|        no|         -|         -|    59755 (3%)|    13041 (1%)|    -|
    |  + grp_ShiftJcoupCache_fu_1868                                               |       -|   0.47|       34|    113.322|         -|       34|     -|        no|         -|         -|      39 (~0%)|    3533 (~0%)|    -|
    |   o SHIFT_JCOUP                                                              |       -|   2.43|       32|    106.656|         2|        1|    32|       yes|         -|         -|             -|             -|    -|
    |  o READ_JCOUP                                                                |      II|   2.43|      169|    563.277|        77|        3|    32|       yes|         -|         -|             -|             -|    -|
    | + grp_Run_fu_3908                                                            |  Timing|  -0.45|      196|    653.268|         -|      196|     -|        no|         -|  131 (2%)|    30142 (1%)|    22919 (2%)|    -|
    |  + grp_Run_Pipeline_SUM_UP_fu_771                                            |       -|   0.09|      120|    399.960|         -|      120|     -|        no|         -|  122 (2%)|    27765 (1%)|    19786 (2%)|    -|
    |   o SUM_UP                                                                   |      II|   2.43|      118|    393.294|        57|        2|    32|       yes|         -|         -|             -|             -|    -|
    | + grp_Run_fu_4054                                                            |  Timing|  -0.45|      196|    653.268|         -|      196|     -|        no|         -|  131 (2%)|    30142 (1%)|    22919 (2%)|    -|
    |  + grp_Run_Pipeline_SUM_UP_fu_771                                            |       -|   0.09|      120|    399.960|         -|      120|     -|        no|         -|  122 (2%)|    27765 (1%)|    19786 (2%)|    -|
    |   o SUM_UP                                                                   |      II|   2.43|      118|    393.294|        57|        2|    32|       yes|         -|         -|             -|             -|    -|
    | + grp_Run_fu_4200                                                            |  Timing|  -0.45|      196|    653.268|         -|      196|     -|        no|         -|  131 (2%)|    30142 (1%)|    22919 (2%)|    -|
    |  + grp_Run_Pipeline_SUM_UP_fu_771                                            |       -|   0.09|      120|    399.960|         -|      120|     -|        no|         -|  122 (2%)|    27765 (1%)|    19786 (2%)|    -|
    |   o SUM_UP                                                                   |      II|   2.43|      118|    393.294|        57|        2|    32|       yes|         -|         -|             -|             -|    -|
    | + grp_Run_fu_4346                                                            |  Timing|  -0.45|      196|    653.268|         -|      196|     -|        no|         -|  131 (2%)|    30142 (1%)|    22919 (2%)|    -|
    |  + grp_Run_Pipeline_SUM_UP_fu_771                                            |       -|   0.09|      120|    399.960|         -|      120|     -|        no|         -|  122 (2%)|    27765 (1%)|    19786 (2%)|    -|
    |   o SUM_UP                                                                   |      II|   2.43|      118|    393.294|        57|        2|    32|       yes|         -|         -|             -|             -|    -|
    | + grp_QuantumMonteCarloU50_Pipeline_WRITE_TROTTERS_WRITE_TROTTERS_1_fu_4492  |       -|   0.00|      259|    863.247|         -|      259|     -|        no|         -|         -|     989 (~0%)|     986 (~0%)|    -|
    |  o WRITE_TROTTERS_WRITE_TROTTERS_1                                           |       -|   2.43|      257|    856.581|         3|        1|   256|       yes|         -|         -|             -|             -|    -|
    | o LOOP_STAGE                                                                 |       -|   2.43|  1664194|  5.547e+06|       406|        -|  4099|        no|         -|         -|             -|             -|    -|
    +------------------------------------------------------------------------------+--------+-------+---------+-----------+----------+---------+------+----------+----------+----------+--------------+--------------+-----+


================================================================
== HW Interfaces
================================================================
* M_AXI
+-------------+--------------+---------------+---------+--------+----------+-----------+--------------+--------------+-------------+-------------+
| Interface   | Data Width   | Address Width | Latency | Offset | Register | Max Widen | Max Read     | Max Write    | Num Read    | Num Write   |
|             | (SW->HW)     |               |         |        |          | Bitwidth  | Burst Length | Burst Length | Outstanding | Outstanding |
+-------------+--------------+---------------+---------+--------+----------+-----------+--------------+--------------+-------------+-------------+
| m_axi_gmem0 | 64 -> 512    | 64            | 64      | slave  | 0        | 512       | 16           | 16           | 16          | 16          |
| m_axi_gmem1 | 2048 -> 1024 | 64            | 64      | slave  | 0        | 512       | 16           | 16           | 16          | 16          |
| m_axi_gmem2 | 2048 -> 1024 | 64            | 64      | slave  | 0        | 512       | 16           | 16           | 16          | 16          |
| m_axi_gmem3 | 32 -> 32     | 64            | 64      | slave  | 0        | 512       | 16           | 16           | 16          | 16          |
| m_axi_gmem4 | 32 -> 32     | 64            | 64      | slave  | 0        | 512       | 16           | 16           | 16          | 16          |
+-------------+--------------+---------------+---------+--------+----------+-----------+--------------+--------------+-------------+-------------+

* S_AXILITE
+---------------+------------+---------------+--------+----------+
| Interface     | Data Width | Address Width | Offset | Register |
+---------------+------------+---------------+--------+----------+
| s_axi_control | 32         | 7             | 16     | 0        |
+---------------+------------+---------------+--------+----------+

* TOP LEVEL CONTROL
+-----------+---------------+-----------+
| Interface | Type          | Ports     |
+-----------+---------------+-----------+
| ap_clk    | clock         | ap_clk    |
| ap_rst_n  | reset         | ap_rst_n  |
| interrupt | interrupt     | interrupt |
| ap_ctrl   | ap_ctrl_chain |           |
+-----------+---------------+-----------+


================================================================
== SW I/O Information
================================================================
* Top Function Arguments
+----------+-----------+---------------+
| Argument | Direction | Datatype      |
+----------+-----------+---------------+
| trotters | inout     | ap_uint<64>*  |
| jcoup_0  | in        |  const *      |
| jcoup_1  | in        |  const *      |
| h        | in        | float const * |
| jperp    | in        | float const   |
| beta     | in        | float const   |
| log_rand | in        | float const * |
+----------+-----------+---------------+

* SW-to-HW Mapping
+----------+--------------------------+-----------+----------+-----------------------+
| Argument | HW Name                  | HW Type   | HW Usage | HW Info               |
+----------+--------------------------+-----------+----------+-----------------------+
| trotters | m_axi_gmem0              | interface |          |                       |
| trotters | s_axi_control trotters_1 | register  | offset   | offset=0x10, range=32 |
| trotters | s_axi_control trotters_2 | register  | offset   | offset=0x14, range=32 |
| jcoup_0  | m_axi_gmem1              | interface |          |                       |
| jcoup_0  | s_axi_control jcoup_0_1  | register  | offset   | offset=0x1c, range=32 |
| jcoup_0  | s_axi_control jcoup_0_2  | register  | offset   | offset=0x20, range=32 |
| jcoup_1  | m_axi_gmem2              | interface |          |                       |
| jcoup_1  | s_axi_control jcoup_1_1  | register  | offset   | offset=0x28, range=32 |
| jcoup_1  | s_axi_control jcoup_1_2  | register  | offset   | offset=0x2c, range=32 |
| h        | m_axi_gmem3              | interface |          |                       |
| h        | s_axi_control h_1        | register  | offset   | offset=0x34, range=32 |
| h        | s_axi_control h_2        | register  | offset   | offset=0x38, range=32 |
| jperp    | s_axi_control jperp      | register  |          | offset=0x40, range=32 |
| beta     | s_axi_control beta       | register  |          | offset=0x48, range=32 |
| log_rand | m_axi_gmem4              | interface |          |                       |
| log_rand | s_axi_control log_rand_1 | register  | offset   | offset=0x50, range=32 |
| log_rand | s_axi_control log_rand_2 | register  | offset   | offset=0x54, range=32 |
+----------+--------------------------+-----------+----------+-----------------------+


================================================================
== M_AXI Burst Information
================================================================
* Burst Summary
+--------------+---------------------------------------------------------------------------------------------------------------------------------------------------------------------------------------------------------------------------------+-----------------------------------------------------------------+
| HW Interface | Message                                                                                                                                                                                                                         | Location                                                        |
+--------------+---------------------------------------------------------------------------------------------------------------------------------------------------------------------------------------------------------------------------------+-----------------------------------------------------------------+
| m_axi_gmem0  | Multiple burst reads of length 32 and bit width 512. These bursts requests might be further partitioned into multiple requests during RTL generation, based on max_read_burst_length or max_write_burst_length settings.        | Simulated-Quantum-Annealing/vitis/src/kernel/qmc_u50.cpp:282:9  |
| m_axi_gmem0  | Multiple burst writes of length 32 and bit width 512. These bursts requests might be further partitioned into multiple requests during RTL generation, based on max_read_burst_length or max_write_burst_length settings.       | Simulated-Quantum-Annealing/vitis/src/kernel/qmc_u50.cpp:294:9  |
| m_axi_gmem1  | Multiple burst reads of variable length and bit width 1024. These bursts requests might be further partitioned into multiple requests during RTL generation, based on max_read_burst_length or max_write_burst_length settings. | Simulated-Quantum-Annealing/vitis/src/kernel/qmc_u50.cpp:315:25 |
| m_axi_gmem2  | Multiple burst reads of variable length and bit width 1024. These bursts requests might be further partitioned into multiple requests during RTL generation, based on max_read_burst_length or max_write_burst_length settings. | Simulated-Quantum-Annealing/vitis/src/kernel/qmc_u50.cpp:316:36 |
+--------------+---------------------------------------------------------------------------------------------------------------------------------------------------------------------------------------------------------------------------------+-----------------------------------------------------------------+


