

================================================================
== Vitis HLS Report for 'QuantumMonteCarloU50'
================================================================
* Date:           Tue Aug 24 11:37:37 2021

* Version:        2021.1 (Build 3247384 on Thu Jun 10 19:36:07 MDT 2021)
* Project:        QuantumMonteCarloU50
* Solution:       solution (Vitis Kernel Flow Target)
* Product family: virtexuplus
* Target device:  xcu50-fsvh2104-2-e


================================================================
== Performance Estimates
================================================================
+ Timing: 
    * Summary: 
    +--------+---------+----------+------------+
    |  Clock |  Target | Estimated| Uncertainty|
    +--------+---------+----------+------------+
    |ap_clk  |  3.33 ns|  2.433 ns|     0.90 ns|
    +--------+---------+----------+------------+

+ Latency: 
    * Summary: 
    +---------+---------+----------+-----------+--------+---------+---------+
    |  Latency (cycles) |  Latency (absolute)  |     Interval     | Pipeline|
    |   min   |   max   |    min   |    max    |   min  |   max   |   Type  |
    +---------+---------+----------+-----------+--------+---------+---------+
    |   467509|  5345319|  1.558 ms|  17.816 ms|  467510|  5345320|       no|
    +---------+---------+----------+-----------+--------+---------+---------+

    + Detail: 
        * Instance: 
        +---------------------------------------------------------+----------------------------------------------+---------+---------+-----------+-----------+-----+-----+---------+
        |                                                         |                                              |  Latency (cycles) |   Latency (absolute)  |  Interval | Pipeline|
        |                         Instance                        |                    Module                    |   min   |   max   |    min    |    max    | min | max |   Type  |
        +---------------------------------------------------------+----------------------------------------------+---------+---------+-----------+-----------+-----+-----+---------+
        |grp_QuantumMonteCarloU50_Pipeline_READ_TROTTERS_fu_516   |QuantumMonteCarloU50_Pipeline_READ_TROTTERS   |       42|       42|   0.140 us|   0.140 us|   42|   42|       no|
        |grp_QuantumMonteCarloU50_Pipeline_READ_NEW_JCOUP_fu_527  |QuantumMonteCarloU50_Pipeline_READ_NEW_JCOUP  |      585|      585|   1.950 us|   1.950 us|  585|  585|       no|
        |grp_TrotterUnit_fu_536                                   |TrotterUnit                                   |        1|       76|   3.333 ns|   0.253 us|    1|   76|       no|
        |grp_TrotterUnit_fu_550                                   |TrotterUnit                                   |        1|       76|   3.333 ns|   0.253 us|    1|   76|       no|
        |grp_TrotterUnit_fu_564                                   |TrotterUnit                                   |        1|       76|   3.333 ns|   0.253 us|    1|   76|       no|
        |grp_TrotterUnit_fu_578                                   |TrotterUnit                                   |        1|       76|   3.333 ns|   0.253 us|    1|   76|       no|
        |grp_TrotterUnitFinal_fu_592                              |TrotterUnitFinal                              |        1|       15|   3.333 ns|  49.995 ns|    1|   15|       no|
        |grp_TrotterUnitFinal_fu_609                              |TrotterUnitFinal                              |        1|       15|   3.333 ns|  49.995 ns|    1|   15|       no|
        |grp_TrotterUnitFinal_fu_626                              |TrotterUnitFinal                              |        1|       15|   3.333 ns|  49.995 ns|    1|   15|       no|
        |grp_TrotterUnitFinal_fu_643                              |TrotterUnitFinal                              |        1|       15|   3.333 ns|  49.995 ns|    1|   15|       no|
        |grp_QuantumMonteCarloU50_Pipeline_SHIFT_JCOUP_fu_660     |QuantumMonteCarloU50_Pipeline_SHIFT_JCOUP     |       10|       10|  33.330 ns|  33.330 ns|   10|   10|       no|
        |grp_QuantumMonteCarloU50_Pipeline_WRITE_TROTTERS_fu_668  |QuantumMonteCarloU50_Pipeline_WRITE_TROTTERS  |       37|       37|   0.123 us|   0.123 us|   37|   37|       no|
        +---------------------------------------------------------+----------------------------------------------+---------+---------+-----------+-----------+-----+-----+---------+

        * Loop: 
        +--------------+---------+---------+------------+-----------+-----------+------+----------+
        |              |  Latency (cycles) |  Iteration |  Initiation Interval  | Trip |          |
        |   Loop Name  |   min   |   max   |   Latency  |  achieved |   target  | Count| Pipelined|
        +--------------+---------+---------+------------+-----------+-----------+------+----------+
        |- LOOP_STAGE  |   467286|  5345096|  114 ~ 1304|          -|          -|  4099|        no|
        | + LOOP_STEP  |       24|      624|      3 ~ 78|          -|          -|     8|        no|
        +--------------+---------+---------+------------+-----------+-----------+------+----------+



================================================================
== Utilization Estimates
================================================================
* Summary: 
+---------------------+---------+------+---------+--------+-----+
|         Name        | BRAM_18K|  DSP |    FF   |   LUT  | URAM|
+---------------------+---------+------+---------+--------+-----+
|DSP                  |        -|     -|        -|       -|    -|
|Expression           |        -|     -|        0|   18281|    -|
|FIFO                 |        -|     -|        -|       -|    -|
|Instance             |      120|   543|   285743|  113660|    0|
|Memory               |       64|     -|        0|       0|    -|
|Multiplexer          |        -|     -|        -|    2367|    -|
|Register             |        -|     -|     5808|       -|    -|
+---------------------+---------+------+---------+--------+-----+
|Total                |      184|   543|   291551|  134308|    0|
+---------------------+---------+------+---------+--------+-----+
|Available SLR        |     1344|  2976|   871680|  435840|  320|
+---------------------+---------+------+---------+--------+-----+
|Utilization SLR (%)  |       13|    18|       33|      30|    0|
+---------------------+---------+------+---------+--------+-----+
|Available            |     2688|  5952|  1743360|  871680|  640|
+---------------------+---------+------+---------+--------+-----+
|Utilization (%)      |        6|     9|       16|      15|    0|
+---------------------+---------+------+---------+--------+-----+

+ Detail: 
    * Instance: 
    +---------------------------------------------------------+----------------------------------------------+---------+-----+-------+-------+-----+
    |                         Instance                        |                    Module                    | BRAM_18K| DSP |   FF  |  LUT  | URAM|
    +---------------------------------------------------------+----------------------------------------------+---------+-----+-------+-------+-----+
    |grp_QuantumMonteCarloU50_Pipeline_READ_NEW_JCOUP_fu_527  |QuantumMonteCarloU50_Pipeline_READ_NEW_JCOUP  |        0|    0|  20429|   5456|    0|
    |grp_QuantumMonteCarloU50_Pipeline_READ_TROTTERS_fu_516   |QuantumMonteCarloU50_Pipeline_READ_TROTTERS   |        0|    0|    533|    335|    0|
    |grp_QuantumMonteCarloU50_Pipeline_SHIFT_JCOUP_fu_660     |QuantumMonteCarloU50_Pipeline_SHIFT_JCOUP     |        0|    0|     17|     59|    0|
    |grp_QuantumMonteCarloU50_Pipeline_WRITE_TROTTERS_fu_668  |QuantumMonteCarloU50_Pipeline_WRITE_TROTTERS  |        0|    0|   2577|    428|    0|
    |grp_TrotterUnit_fu_536                                   |TrotterUnit                                   |        0|  128|  61999|  24289|    0|
    |grp_TrotterUnit_fu_550                                   |TrotterUnit                                   |        0|  128|  61999|  24289|    0|
    |grp_TrotterUnit_fu_564                                   |TrotterUnit                                   |        0|  128|  61999|  24289|    0|
    |grp_TrotterUnit_fu_578                                   |TrotterUnit                                   |        0|  128|  61999|  24289|    0|
    |grp_TrotterUnitFinal_fu_592                              |TrotterUnitFinal                              |        0|    7|   1999|    782|    0|
    |grp_TrotterUnitFinal_fu_609                              |TrotterUnitFinal                              |        0|    7|   1999|    782|    0|
    |grp_TrotterUnitFinal_fu_626                              |TrotterUnitFinal                              |        0|    7|   1999|    782|    0|
    |grp_TrotterUnitFinal_fu_643                              |TrotterUnitFinal                              |        0|    7|   1999|    782|    0|
    |control_s_axi_U                                          |control_s_axi                                 |        0|    0|    392|    680|    0|
    |fmul_32ns_32ns_32_4_max_dsp_1_U117                       |fmul_32ns_32ns_32_4_max_dsp_1                 |        0|    3|    143|     78|    0|
    |gmem0_m_axi_U                                            |gmem0_m_axi                                   |       30|    0|   1415|   1585|    0|
    |gmem1_m_axi_U                                            |gmem1_m_axi                                   |       30|    0|   1415|   1585|    0|
    |gmem2_m_axi_U                                            |gmem2_m_axi                                   |       30|    0|   1415|   1585|    0|
    |gmem3_m_axi_U                                            |gmem3_m_axi                                   |       30|    0|   1415|   1585|    0|
    +---------------------------------------------------------+----------------------------------------------+---------+-----+-------+-------+-----+
    |Total                                                    |                                              |      120|  543| 285743| 113660|    0|
    +---------------------------------------------------------+----------------------------------------------+---------+-----+-------+-------+-----+

    * DSP: 
    N/A

    * Memory: 
    +---------------------+-------------------+---------+---+----+-----+------+-------+------+-------------+
    |        Memory       |       Module      | BRAM_18K| FF| LUT| URAM| Words|  Bits | Banks| W*Bits*Banks|
    +---------------------+-------------------+---------+---+----+-----+------+-------+------+-------------+
    |JcoupLocal_0_U       |JcoupLocal_0       |        8|  0|   0|    0|     8|  16384|     1|       131072|
    |JcoupLocal_1_U       |JcoupLocal_0       |        8|  0|   0|    0|     8|  16384|     1|       131072|
    |JcoupLocal_2_U       |JcoupLocal_0       |        8|  0|   0|    0|     8|  16384|     1|       131072|
    |JcoupLocal_3_U       |JcoupLocal_0       |        8|  0|   0|    0|     8|  16384|     1|       131072|
    |trottersLocal_V_0_U  |trottersLocal_V_0  |        8|  0|   0|    0|     8|    512|     1|         4096|
    |trottersLocal_V_1_U  |trottersLocal_V_0  |        8|  0|   0|    0|     8|    512|     1|         4096|
    |trottersLocal_V_2_U  |trottersLocal_V_0  |        8|  0|   0|    0|     8|    512|     1|         4096|
    |trottersLocal_V_3_U  |trottersLocal_V_0  |        8|  0|   0|    0|     8|    512|     1|         4096|
    +---------------------+-------------------+---------+---+----+-----+------+-------+------+-------------+
    |Total                |                   |       64|  0|   0|    0|    64|  67584|     8|       540672|
    +---------------------+-------------------+---------+---+----+-----+------+-------+------+-------------+

    * FIFO: 
    N/A

    * Expression: 
    +-----------------------------------+----------+----+---+------+------------+------------+
    |           Variable Name           | Operation| DSP| FF|  LUT | Bitwidth P0| Bitwidth P1|
    +-----------------------------------+----------+----+---+------+------------+------------+
    |Ofst_1_fu_798_p2                   |         +|   0|  0|    19|          12|           2|
    |Ofst_2_fu_893_p2                   |         +|   0|  0|    19|          12|           3|
    |Ofst_3_fu_968_p2                   |         +|   0|  0|    19|          12|           3|
    |add_ln219_fu_726_p2                |         +|   0|  0|    20|          13|           1|
    |add_ln228_fu_1326_p2               |         +|   0|  0|    71|          64|          64|
    |add_ln239_1_fu_829_p2              |         +|   0|  0|    71|          64|          64|
    |add_ln239_2_fu_924_p2              |         +|   0|  0|    71|          64|          64|
    |add_ln239_3_fu_999_p2              |         +|   0|  0|    71|          64|          64|
    |add_ln239_4_fu_1098_p2             |         +|   0|  0|    13|           6|           6|
    |add_ln239_5_fu_1157_p2             |         +|   0|  0|    13|           6|           6|
    |add_ln239_6_fu_1241_p2             |         +|   0|  0|    13|           6|           6|
    |add_ln239_7_fu_1305_p2             |         +|   0|  0|    13|           6|           6|
    |add_ln239_fu_748_p2                |         +|   0|  0|    71|          64|          64|
    |add_ln240_1_fu_1124_p2             |         +|   0|  0|    13|           6|           6|
    |add_ln240_2_fu_858_p2              |         +|   0|  0|    71|          64|          64|
    |add_ln240_3_fu_1183_p2             |         +|   0|  0|    13|           6|           6|
    |add_ln240_4_fu_953_p2              |         +|   0|  0|    71|          64|          64|
    |add_ln240_5_fu_1267_p2             |         +|   0|  0|    13|           6|           6|
    |add_ln240_6_fu_1032_p2             |         +|   0|  0|    71|          64|          64|
    |add_ln240_7_fu_1310_p2             |         +|   0|  0|    13|           6|           6|
    |add_ln240_fu_763_p2                |         +|   0|  0|    71|          64|          64|
    |packOfst_4_fu_1531_p2              |         +|   0|  0|    12|           4|           1|
    |spinOfst_2_fu_1393_p2              |         +|   0|  0|    16|           9|           3|
    |spinOfst_3_fu_1425_p2              |         +|   0|  0|    16|           9|           3|
    |spinOfst_fu_1361_p2                |         +|   0|  0|    16|           9|           2|
    |ap_block_state150_on_subcall_done  |       and|   0|  0|     2|           1|           1|
    |icmp_ln219_fu_720_p2               |      icmp|   0|  0|    12|          13|          13|
    |icmp_ln262_fu_1525_p2              |      icmp|   0|  0|     9|           4|           5|
    |lshr_ln239_1_fu_1174_p2            |      lshr|   0|  0|  2171|         512|         512|
    |lshr_ln239_2_fu_1258_p2            |      lshr|   0|  0|  2171|         512|         512|
    |lshr_ln239_3_fu_1462_p2            |      lshr|   0|  0|  2171|         512|         512|
    |lshr_ln239_fu_1115_p2              |      lshr|   0|  0|  2171|         512|         512|
    |lshr_ln240_1_fu_1200_p2            |      lshr|   0|  0|  2171|         512|         512|
    |lshr_ln240_2_fu_1284_p2            |      lshr|   0|  0|  2171|         512|         512|
    |lshr_ln240_3_fu_1486_p2            |      lshr|   0|  0|  2171|         512|         512|
    |lshr_ln240_fu_1141_p2              |      lshr|   0|  0|  2171|         512|         512|
    |ap_block_state1                    |        or|   0|  0|     2|           1|           1|
    |ap_block_state145                  |        or|   0|  0|     2|           1|           1|
    |ap_block_state152_on_subcall_done  |        or|   0|  0|     2|           1|           1|
    |ap_block_state154_on_subcall_done  |        or|   0|  0|     2|           1|           1|
    |ap_block_state75_io                |        or|   0|  0|     2|           1|           1|
    +-----------------------------------+----------+----+---+------+------------+------------+
    |Total                              |          |   0|  0| 18281|        4823|        4762|
    +-----------------------------------+----------+----+---+------+------------+------------+

    * Multiplexer: 
    +----------------------------+------+-----------+-----+-----------+
    |            Name            |  LUT | Input Size| Bits| Total Bits|
    +----------------------------+------+-----------+-----+-----------+
    |JcoupLocal_0_address0       |    14|          3|    3|          9|
    |JcoupLocal_0_ce0            |    14|          3|    1|          3|
    |JcoupLocal_0_ce1            |     9|          2|    1|          2|
    |JcoupLocal_0_we1            |     9|          2|    1|          2|
    |JcoupLocal_1_address0       |    14|          3|    3|          9|
    |JcoupLocal_1_ce0            |    14|          3|    1|          3|
    |JcoupLocal_1_ce1            |     9|          2|    1|          2|
    |JcoupLocal_1_we1            |     9|          2|    1|          2|
    |JcoupLocal_2_address0       |    14|          3|    3|          9|
    |JcoupLocal_2_ce0            |    14|          3|    1|          3|
    |JcoupLocal_2_ce1            |     9|          2|    1|          2|
    |JcoupLocal_2_we1            |     9|          2|    1|          2|
    |JcoupLocal_3_ce0            |     9|          2|    1|          2|
    |JcoupLocal_3_ce1            |     9|          2|    1|          2|
    |JcoupLocal_3_we1            |     9|          2|    1|          2|
    |ap_NS_fsm                   |  1200|        226|    1|        226|
    |ap_done                     |     9|          2|    1|          2|
    |dH_0_0_reg_475              |     9|          2|   32|         64|
    |dH_1_0_reg_465              |     9|          2|   32|         64|
    |dH_2_0_reg_485              |     9|          2|   32|         64|
    |dH_3_0_reg_495              |     9|          2|   32|         64|
    |gmem0_ARADDR                |    14|          3|   64|        192|
    |gmem0_ARBURST               |     9|          2|    2|          4|
    |gmem0_ARCACHE               |     9|          2|    4|          8|
    |gmem0_ARID                  |     9|          2|    1|          2|
    |gmem0_ARLEN                 |    14|          3|   32|         96|
    |gmem0_ARLOCK                |     9|          2|    2|          4|
    |gmem0_ARPROT                |     9|          2|    3|          6|
    |gmem0_ARQOS                 |     9|          2|    4|          8|
    |gmem0_ARREGION              |     9|          2|    4|          8|
    |gmem0_ARSIZE                |     9|          2|    3|          6|
    |gmem0_ARUSER                |     9|          2|    1|          2|
    |gmem0_ARVALID               |    14|          3|    1|          3|
    |gmem0_AWADDR                |    14|          3|   64|        192|
    |gmem0_AWBURST               |     9|          2|    2|          4|
    |gmem0_AWCACHE               |     9|          2|    4|          8|
    |gmem0_AWID                  |     9|          2|    1|          2|
    |gmem0_AWLEN                 |    14|          3|   32|         96|
    |gmem0_AWLOCK                |     9|          2|    2|          4|
    |gmem0_AWPROT                |     9|          2|    3|          6|
    |gmem0_AWQOS                 |     9|          2|    4|          8|
    |gmem0_AWREGION              |     9|          2|    4|          8|
    |gmem0_AWSIZE                |     9|          2|    3|          6|
    |gmem0_AWUSER                |     9|          2|    1|          2|
    |gmem0_AWVALID               |    14|          3|    1|          3|
    |gmem0_BREADY                |    14|          3|    1|          3|
    |gmem0_RREADY                |     9|          2|    1|          2|
    |gmem0_WVALID                |     9|          2|    1|          2|
    |gmem0_blk_n_AR              |     9|          2|    1|          2|
    |gmem0_blk_n_AW              |     9|          2|    1|          2|
    |gmem0_blk_n_B               |     9|          2|    1|          2|
    |gmem1_ARVALID               |     9|          2|    1|          2|
    |gmem1_RREADY                |     9|          2|    1|          2|
    |gmem2_ARADDR                |    26|          5|   64|        320|
    |gmem2_blk_n_AR              |     9|          2|    1|          2|
    |gmem2_blk_n_R               |     9|          2|    1|          2|
    |gmem3_ARADDR                |    26|          5|   64|        320|
    |gmem3_blk_n_AR              |     9|          2|    1|          2|
    |gmem3_blk_n_R               |     9|          2|    1|          2|
    |packOfst_3_reg_505          |     9|          2|    4|          8|
    |stage_fu_196                |     9|          2|   13|         26|
    |trottersLocal_V_0_address0  |    26|          5|    3|         15|
    |trottersLocal_V_0_address1  |    26|          5|    3|         15|
    |trottersLocal_V_0_ce0       |    26|          5|    1|          5|
    |trottersLocal_V_0_ce1       |    26|          5|    1|          5|
    |trottersLocal_V_0_d1        |    14|          3|  512|       1536|
    |trottersLocal_V_0_we1       |    14|          3|    1|          3|
    |trottersLocal_V_1_address0  |    26|          5|    3|         15|
    |trottersLocal_V_1_address1  |    26|          5|    3|         15|
    |trottersLocal_V_1_ce0       |    26|          5|    1|          5|
    |trottersLocal_V_1_ce1       |    26|          5|    1|          5|
    |trottersLocal_V_1_d1        |    14|          3|  512|       1536|
    |trottersLocal_V_1_we1       |    14|          3|    1|          3|
    |trottersLocal_V_2_address0  |    26|          5|    3|         15|
    |trottersLocal_V_2_address1  |    26|          5|    3|         15|
    |trottersLocal_V_2_ce0       |    26|          5|    1|          5|
    |trottersLocal_V_2_ce1       |    26|          5|    1|          5|
    |trottersLocal_V_2_d1        |    14|          3|  512|       1536|
    |trottersLocal_V_2_we1       |    14|          3|    1|          3|
    |trottersLocal_V_3_address0  |    26|          5|    3|         15|
    |trottersLocal_V_3_address1  |    26|          5|    3|         15|
    |trottersLocal_V_3_ce0       |    26|          5|    1|          5|
    |trottersLocal_V_3_ce1       |    26|          5|    1|          5|
    |trottersLocal_V_3_d1        |    14|          3|  512|       1536|
    |trottersLocal_V_3_we1       |    14|          3|    1|          3|
    +----------------------------+------+-----------+-----+-----------+
    |Total                       |  2367|        469| 2634|       8231|
    +----------------------------+------+-----------+-----+-----------+

    * Register: 
    +----------------------------------------------------------------------+-----+----+-----+-----------+
    |                                 Name                                 |  FF | LUT| Bits| Const Bits|
    +----------------------------------------------------------------------+-----+----+-----+-----------+
    |Ofst_reg_1638                                                         |   12|   0|   12|          0|
    |add_ln219_reg_1633                                                    |   13|   0|   13|          0|
    |add_ln228_reg_1891                                                    |   64|   0|   64|          0|
    |add_ln239_7_reg_1876                                                  |    6|   0|    6|          0|
    |add_ln240_7_reg_1886                                                  |    6|   0|    6|          0|
    |ap_CS_fsm                                                             |  225|   0|  225|          0|
    |ap_done_reg                                                           |    1|   0|    1|          0|
    |ap_rst_n_inv                                                          |    1|   0|    1|          0|
    |ap_rst_reg_1                                                          |    1|   0|    1|          0|
    |ap_rst_reg_2                                                          |    1|   0|    1|          0|
    |bitcast_ln240_1_reg_1941                                              |   32|   0|   32|          0|
    |bitcast_ln240_2_reg_1966                                              |   32|   0|   32|          0|
    |bitcast_ln240_3_reg_1991                                              |   32|   0|   32|          0|
    |bitcast_ln240_reg_1916                                                |   32|   0|   32|          0|
    |dHTunnel_reg_1594                                                     |   32|   0|   32|          0|
    |dH_0_0_reg_475                                                        |   32|   0|   32|          0|
    |dH_0_reg_1911                                                         |   32|   0|   32|          0|
    |dH_1_0_reg_465                                                        |   32|   0|   32|          0|
    |dH_1_reg_1936                                                         |   32|   0|   32|          0|
    |dH_2_0_reg_485                                                        |   32|   0|   32|          0|
    |dH_2_reg_1961                                                         |   32|   0|   32|          0|
    |dH_3_0_reg_495                                                        |   32|   0|   32|          0|
    |dH_3_reg_1986                                                         |   32|   0|   32|          0|
    |gmem0_addr_reg_1555                                                   |   64|   0|   64|          0|
    |gmem2_addr_1_read_reg_1786                                            |  512|   0|  512|          0|
    |gmem2_addr_2_read_reg_1806                                            |  512|   0|  512|          0|
    |gmem2_addr_3_read_reg_1871                                            |  512|   0|  512|          0|
    |gmem2_addr_read_reg_1766                                              |  512|   0|  512|          0|
    |gmem3_addr_1_read_reg_1791                                            |  512|   0|  512|          0|
    |gmem3_addr_2_read_reg_1811                                            |  512|   0|  512|          0|
    |gmem3_addr_3_read_reg_1881                                            |  512|   0|  512|          0|
    |gmem3_addr_read_reg_1771                                              |  512|   0|  512|          0|
    |grp_QuantumMonteCarloU50_Pipeline_READ_NEW_JCOUP_fu_527_ap_start_reg  |    1|   0|    1|          0|
    |grp_QuantumMonteCarloU50_Pipeline_READ_TROTTERS_fu_516_ap_start_reg   |    1|   0|    1|          0|
    |grp_QuantumMonteCarloU50_Pipeline_SHIFT_JCOUP_fu_660_ap_start_reg     |    1|   0|    1|          0|
    |grp_QuantumMonteCarloU50_Pipeline_WRITE_TROTTERS_fu_668_ap_start_reg  |    1|   0|    1|          0|
    |grp_TrotterUnitFinal_fu_592_ap_start_reg                              |    1|   0|    1|          0|
    |grp_TrotterUnitFinal_fu_609_ap_start_reg                              |    1|   0|    1|          0|
    |grp_TrotterUnitFinal_fu_626_ap_start_reg                              |    1|   0|    1|          0|
    |grp_TrotterUnitFinal_fu_643_ap_start_reg                              |    1|   0|    1|          0|
    |grp_TrotterUnit_fu_536_ap_start_reg                                   |    1|   0|    1|          0|
    |grp_TrotterUnit_fu_550_ap_start_reg                                   |    1|   0|    1|          0|
    |grp_TrotterUnit_fu_564_ap_start_reg                                   |    1|   0|    1|          0|
    |grp_TrotterUnit_fu_578_ap_start_reg                                   |    1|   0|    1|          0|
    |p_Result_2_reg_1906                                                   |    1|   0|    1|          0|
    |p_Result_3_reg_1926                                                   |    1|   0|    1|          0|
    |p_Result_4_reg_1931                                                   |    1|   0|    1|          0|
    |p_Result_5_reg_1951                                                   |    1|   0|    1|          0|
    |p_Result_6_reg_1956                                                   |    1|   0|    1|          0|
    |p_Result_7_reg_1976                                                   |    1|   0|    1|          0|
    |p_Result_8_reg_1981                                                   |    1|   0|    1|          0|
    |p_Result_s_reg_1901                                                   |    1|   0|    1|          0|
    |packOfst_2_reg_1700                                                   |    3|   0|    3|          0|
    |packOfst_3_reg_505                                                    |    4|   0|    4|          0|
    |packOfst_4_reg_2016                                                   |    4|   0|    4|          0|
    |packOfst_5_reg_1721                                                   |    3|   0|    3|          0|
    |packOfst_8_reg_1816                                                   |    3|   0|    3|          0|
    |packOfst_reg_1667                                                     |    3|   0|    3|          0|
    |spinOfst_2_reg_1946                                                   |    9|   0|    9|          0|
    |spinOfst_3_reg_1971                                                   |    9|   0|    9|          0|
    |spinOfst_4_reg_1896                                                   |    9|   0|    9|          0|
    |spinOfst_reg_1921                                                     |    9|   0|    9|          0|
    |stage_1_reg_1618                                                      |   13|   0|   13|          0|
    |stage_fu_196                                                          |   13|   0|   13|          0|
    |tmp_reg_1996                                                          |    1|   0|    1|          0|
    |trunc_ln239_11_reg_1732                                               |   58|   0|   58|          0|
    |trunc_ln239_12_reg_1851                                               |   32|   0|   32|          0|
    |trunc_ln239_13_reg_1727                                               |    4|   0|    4|          0|
    |trunc_ln239_2_reg_1776                                                |   32|   0|   32|          0|
    |trunc_ln239_3_reg_1673                                                |    4|   0|    4|          0|
    |trunc_ln239_5_reg_1796                                                |   32|   0|   32|          0|
    |trunc_ln239_6_reg_1645                                                |   58|   0|   58|          0|
    |trunc_ln239_7_reg_1706                                                |    4|   0|    4|          0|
    |trunc_ln239_8_reg_1678                                                |   58|   0|   58|          0|
    |trunc_ln239_reg_1602                                                  |    6|   0|    6|          0|
    |trunc_ln239_s_reg_1711                                                |   58|   0|   58|          0|
    |trunc_ln240_1_reg_1781                                                |   32|   0|   32|          0|
    |trunc_ln240_2_reg_1801                                                |   32|   0|   32|          0|
    |trunc_ln240_3_reg_1856                                                |   32|   0|   32|          0|
    |trunc_ln240_4_reg_1650                                                |   58|   0|   58|          0|
    |trunc_ln240_6_reg_1716                                                |   58|   0|   58|          0|
    |trunc_ln240_8_reg_1737                                                |   58|   0|   58|          0|
    |trunc_ln240_reg_1610                                                  |    6|   0|    6|          0|
    |trunc_ln262_reg_2005                                                  |    3|   0|    3|          0|
    |trunc_ln4_reg_1683                                                    |   58|   0|   58|          0|
    |trunc_ln5_reg_2000                                                    |   58|   0|   58|          0|
    |trunc_ln_reg_1548                                                     |   58|   0|   58|          0|
    +----------------------------------------------------------------------+-----+----+-----+-----------+
    |Total                                                                 | 5808|   0| 5808|          0|
    +----------------------------------------------------------------------+-----+----+-----+-----------+



================================================================
== Interface
================================================================
* Summary: 
+-----------------------+-----+-----+---------------+----------------------+--------------+
|       RTL Ports       | Dir | Bits|    Protocol   |     Source Object    |    C Type    |
+-----------------------+-----+-----+---------------+----------------------+--------------+
|s_axi_control_AWVALID  |   in|    1|          s_axi|               control|        scalar|
|s_axi_control_AWREADY  |  out|    1|          s_axi|               control|        scalar|
|s_axi_control_AWADDR   |   in|    7|          s_axi|               control|        scalar|
|s_axi_control_WVALID   |   in|    1|          s_axi|               control|        scalar|
|s_axi_control_WREADY   |  out|    1|          s_axi|               control|        scalar|
|s_axi_control_WDATA    |   in|   32|          s_axi|               control|        scalar|
|s_axi_control_WSTRB    |   in|    4|          s_axi|               control|        scalar|
|s_axi_control_ARVALID  |   in|    1|          s_axi|               control|        scalar|
|s_axi_control_ARREADY  |  out|    1|          s_axi|               control|        scalar|
|s_axi_control_ARADDR   |   in|    7|          s_axi|               control|        scalar|
|s_axi_control_RVALID   |  out|    1|          s_axi|               control|        scalar|
|s_axi_control_RREADY   |   in|    1|          s_axi|               control|        scalar|
|s_axi_control_RDATA    |  out|   32|          s_axi|               control|        scalar|
|s_axi_control_RRESP    |  out|    2|          s_axi|               control|        scalar|
|s_axi_control_BVALID   |  out|    1|          s_axi|               control|        scalar|
|s_axi_control_BREADY   |   in|    1|          s_axi|               control|        scalar|
|s_axi_control_BRESP    |  out|    2|          s_axi|               control|        scalar|
|ap_clk                 |   in|    1|  ap_ctrl_chain|  QuantumMonteCarloU50|  return value|
|ap_rst_n               |   in|    1|  ap_ctrl_chain|  QuantumMonteCarloU50|  return value|
|interrupt              |  out|    1|  ap_ctrl_chain|  QuantumMonteCarloU50|  return value|
|m_axi_gmem0_AWVALID    |  out|    1|          m_axi|                 gmem0|       pointer|
|m_axi_gmem0_AWREADY    |   in|    1|          m_axi|                 gmem0|       pointer|
|m_axi_gmem0_AWADDR     |  out|   64|          m_axi|                 gmem0|       pointer|
|m_axi_gmem0_AWID       |  out|    1|          m_axi|                 gmem0|       pointer|
|m_axi_gmem0_AWLEN      |  out|    8|          m_axi|                 gmem0|       pointer|
|m_axi_gmem0_AWSIZE     |  out|    3|          m_axi|                 gmem0|       pointer|
|m_axi_gmem0_AWBURST    |  out|    2|          m_axi|                 gmem0|       pointer|
|m_axi_gmem0_AWLOCK     |  out|    2|          m_axi|                 gmem0|       pointer|
|m_axi_gmem0_AWCACHE    |  out|    4|          m_axi|                 gmem0|       pointer|
|m_axi_gmem0_AWPROT     |  out|    3|          m_axi|                 gmem0|       pointer|
|m_axi_gmem0_AWQOS      |  out|    4|          m_axi|                 gmem0|       pointer|
|m_axi_gmem0_AWREGION   |  out|    4|          m_axi|                 gmem0|       pointer|
|m_axi_gmem0_AWUSER     |  out|    1|          m_axi|                 gmem0|       pointer|
|m_axi_gmem0_WVALID     |  out|    1|          m_axi|                 gmem0|       pointer|
|m_axi_gmem0_WREADY     |   in|    1|          m_axi|                 gmem0|       pointer|
|m_axi_gmem0_WDATA      |  out|  512|          m_axi|                 gmem0|       pointer|
|m_axi_gmem0_WSTRB      |  out|   64|          m_axi|                 gmem0|       pointer|
|m_axi_gmem0_WLAST      |  out|    1|          m_axi|                 gmem0|       pointer|
|m_axi_gmem0_WID        |  out|    1|          m_axi|                 gmem0|       pointer|
|m_axi_gmem0_WUSER      |  out|    1|          m_axi|                 gmem0|       pointer|
|m_axi_gmem0_ARVALID    |  out|    1|          m_axi|                 gmem0|       pointer|
|m_axi_gmem0_ARREADY    |   in|    1|          m_axi|                 gmem0|       pointer|
|m_axi_gmem0_ARADDR     |  out|   64|          m_axi|                 gmem0|       pointer|
|m_axi_gmem0_ARID       |  out|    1|          m_axi|                 gmem0|       pointer|
|m_axi_gmem0_ARLEN      |  out|    8|          m_axi|                 gmem0|       pointer|
|m_axi_gmem0_ARSIZE     |  out|    3|          m_axi|                 gmem0|       pointer|
|m_axi_gmem0_ARBURST    |  out|    2|          m_axi|                 gmem0|       pointer|
|m_axi_gmem0_ARLOCK     |  out|    2|          m_axi|                 gmem0|       pointer|
|m_axi_gmem0_ARCACHE    |  out|    4|          m_axi|                 gmem0|       pointer|
|m_axi_gmem0_ARPROT     |  out|    3|          m_axi|                 gmem0|       pointer|
|m_axi_gmem0_ARQOS      |  out|    4|          m_axi|                 gmem0|       pointer|
|m_axi_gmem0_ARREGION   |  out|    4|          m_axi|                 gmem0|       pointer|
|m_axi_gmem0_ARUSER     |  out|    1|          m_axi|                 gmem0|       pointer|
|m_axi_gmem0_RVALID     |   in|    1|          m_axi|                 gmem0|       pointer|
|m_axi_gmem0_RREADY     |  out|    1|          m_axi|                 gmem0|       pointer|
|m_axi_gmem0_RDATA      |   in|  512|          m_axi|                 gmem0|       pointer|
|m_axi_gmem0_RLAST      |   in|    1|          m_axi|                 gmem0|       pointer|
|m_axi_gmem0_RID        |   in|    1|          m_axi|                 gmem0|       pointer|
|m_axi_gmem0_RUSER      |   in|    1|          m_axi|                 gmem0|       pointer|
|m_axi_gmem0_RRESP      |   in|    2|          m_axi|                 gmem0|       pointer|
|m_axi_gmem0_BVALID     |   in|    1|          m_axi|                 gmem0|       pointer|
|m_axi_gmem0_BREADY     |  out|    1|          m_axi|                 gmem0|       pointer|
|m_axi_gmem0_BRESP      |   in|    2|          m_axi|                 gmem0|       pointer|
|m_axi_gmem0_BID        |   in|    1|          m_axi|                 gmem0|       pointer|
|m_axi_gmem0_BUSER      |   in|    1|          m_axi|                 gmem0|       pointer|
|m_axi_gmem1_AWVALID    |  out|    1|          m_axi|                 gmem1|       pointer|
|m_axi_gmem1_AWREADY    |   in|    1|          m_axi|                 gmem1|       pointer|
|m_axi_gmem1_AWADDR     |  out|   64|          m_axi|                 gmem1|       pointer|
|m_axi_gmem1_AWID       |  out|    1|          m_axi|                 gmem1|       pointer|
|m_axi_gmem1_AWLEN      |  out|    8|          m_axi|                 gmem1|       pointer|
|m_axi_gmem1_AWSIZE     |  out|    3|          m_axi|                 gmem1|       pointer|
|m_axi_gmem1_AWBURST    |  out|    2|          m_axi|                 gmem1|       pointer|
|m_axi_gmem1_AWLOCK     |  out|    2|          m_axi|                 gmem1|       pointer|
|m_axi_gmem1_AWCACHE    |  out|    4|          m_axi|                 gmem1|       pointer|
|m_axi_gmem1_AWPROT     |  out|    3|          m_axi|                 gmem1|       pointer|
|m_axi_gmem1_AWQOS      |  out|    4|          m_axi|                 gmem1|       pointer|
|m_axi_gmem1_AWREGION   |  out|    4|          m_axi|                 gmem1|       pointer|
|m_axi_gmem1_AWUSER     |  out|    1|          m_axi|                 gmem1|       pointer|
|m_axi_gmem1_WVALID     |  out|    1|          m_axi|                 gmem1|       pointer|
|m_axi_gmem1_WREADY     |   in|    1|          m_axi|                 gmem1|       pointer|
|m_axi_gmem1_WDATA      |  out|  512|          m_axi|                 gmem1|       pointer|
|m_axi_gmem1_WSTRB      |  out|   64|          m_axi|                 gmem1|       pointer|
|m_axi_gmem1_WLAST      |  out|    1|          m_axi|                 gmem1|       pointer|
|m_axi_gmem1_WID        |  out|    1|          m_axi|                 gmem1|       pointer|
|m_axi_gmem1_WUSER      |  out|    1|          m_axi|                 gmem1|       pointer|
|m_axi_gmem1_ARVALID    |  out|    1|          m_axi|                 gmem1|       pointer|
|m_axi_gmem1_ARREADY    |   in|    1|          m_axi|                 gmem1|       pointer|
|m_axi_gmem1_ARADDR     |  out|   64|          m_axi|                 gmem1|       pointer|
|m_axi_gmem1_ARID       |  out|    1|          m_axi|                 gmem1|       pointer|
|m_axi_gmem1_ARLEN      |  out|    8|          m_axi|                 gmem1|       pointer|
|m_axi_gmem1_ARSIZE     |  out|    3|          m_axi|                 gmem1|       pointer|
|m_axi_gmem1_ARBURST    |  out|    2|          m_axi|                 gmem1|       pointer|
|m_axi_gmem1_ARLOCK     |  out|    2|          m_axi|                 gmem1|       pointer|
|m_axi_gmem1_ARCACHE    |  out|    4|          m_axi|                 gmem1|       pointer|
|m_axi_gmem1_ARPROT     |  out|    3|          m_axi|                 gmem1|       pointer|
|m_axi_gmem1_ARQOS      |  out|    4|          m_axi|                 gmem1|       pointer|
|m_axi_gmem1_ARREGION   |  out|    4|          m_axi|                 gmem1|       pointer|
|m_axi_gmem1_ARUSER     |  out|    1|          m_axi|                 gmem1|       pointer|
|m_axi_gmem1_RVALID     |   in|    1|          m_axi|                 gmem1|       pointer|
|m_axi_gmem1_RREADY     |  out|    1|          m_axi|                 gmem1|       pointer|
|m_axi_gmem1_RDATA      |   in|  512|          m_axi|                 gmem1|       pointer|
|m_axi_gmem1_RLAST      |   in|    1|          m_axi|                 gmem1|       pointer|
|m_axi_gmem1_RID        |   in|    1|          m_axi|                 gmem1|       pointer|
|m_axi_gmem1_RUSER      |   in|    1|          m_axi|                 gmem1|       pointer|
|m_axi_gmem1_RRESP      |   in|    2|          m_axi|                 gmem1|       pointer|
|m_axi_gmem1_BVALID     |   in|    1|          m_axi|                 gmem1|       pointer|
|m_axi_gmem1_BREADY     |  out|    1|          m_axi|                 gmem1|       pointer|
|m_axi_gmem1_BRESP      |   in|    2|          m_axi|                 gmem1|       pointer|
|m_axi_gmem1_BID        |   in|    1|          m_axi|                 gmem1|       pointer|
|m_axi_gmem1_BUSER      |   in|    1|          m_axi|                 gmem1|       pointer|
|m_axi_gmem2_AWVALID    |  out|    1|          m_axi|                 gmem2|       pointer|
|m_axi_gmem2_AWREADY    |   in|    1|          m_axi|                 gmem2|       pointer|
|m_axi_gmem2_AWADDR     |  out|   64|          m_axi|                 gmem2|       pointer|
|m_axi_gmem2_AWID       |  out|    1|          m_axi|                 gmem2|       pointer|
|m_axi_gmem2_AWLEN      |  out|    8|          m_axi|                 gmem2|       pointer|
|m_axi_gmem2_AWSIZE     |  out|    3|          m_axi|                 gmem2|       pointer|
|m_axi_gmem2_AWBURST    |  out|    2|          m_axi|                 gmem2|       pointer|
|m_axi_gmem2_AWLOCK     |  out|    2|          m_axi|                 gmem2|       pointer|
|m_axi_gmem2_AWCACHE    |  out|    4|          m_axi|                 gmem2|       pointer|
|m_axi_gmem2_AWPROT     |  out|    3|          m_axi|                 gmem2|       pointer|
|m_axi_gmem2_AWQOS      |  out|    4|          m_axi|                 gmem2|       pointer|
|m_axi_gmem2_AWREGION   |  out|    4|          m_axi|                 gmem2|       pointer|
|m_axi_gmem2_AWUSER     |  out|    1|          m_axi|                 gmem2|       pointer|
|m_axi_gmem2_WVALID     |  out|    1|          m_axi|                 gmem2|       pointer|
|m_axi_gmem2_WREADY     |   in|    1|          m_axi|                 gmem2|       pointer|
|m_axi_gmem2_WDATA      |  out|  512|          m_axi|                 gmem2|       pointer|
|m_axi_gmem2_WSTRB      |  out|   64|          m_axi|                 gmem2|       pointer|
|m_axi_gmem2_WLAST      |  out|    1|          m_axi|                 gmem2|       pointer|
|m_axi_gmem2_WID        |  out|    1|          m_axi|                 gmem2|       pointer|
|m_axi_gmem2_WUSER      |  out|    1|          m_axi|                 gmem2|       pointer|
|m_axi_gmem2_ARVALID    |  out|    1|          m_axi|                 gmem2|       pointer|
|m_axi_gmem2_ARREADY    |   in|    1|          m_axi|                 gmem2|       pointer|
|m_axi_gmem2_ARADDR     |  out|   64|          m_axi|                 gmem2|       pointer|
|m_axi_gmem2_ARID       |  out|    1|          m_axi|                 gmem2|       pointer|
|m_axi_gmem2_ARLEN      |  out|    8|          m_axi|                 gmem2|       pointer|
|m_axi_gmem2_ARSIZE     |  out|    3|          m_axi|                 gmem2|       pointer|
|m_axi_gmem2_ARBURST    |  out|    2|          m_axi|                 gmem2|       pointer|
|m_axi_gmem2_ARLOCK     |  out|    2|          m_axi|                 gmem2|       pointer|
|m_axi_gmem2_ARCACHE    |  out|    4|          m_axi|                 gmem2|       pointer|
|m_axi_gmem2_ARPROT     |  out|    3|          m_axi|                 gmem2|       pointer|
|m_axi_gmem2_ARQOS      |  out|    4|          m_axi|                 gmem2|       pointer|
|m_axi_gmem2_ARREGION   |  out|    4|          m_axi|                 gmem2|       pointer|
|m_axi_gmem2_ARUSER     |  out|    1|          m_axi|                 gmem2|       pointer|
|m_axi_gmem2_RVALID     |   in|    1|          m_axi|                 gmem2|       pointer|
|m_axi_gmem2_RREADY     |  out|    1|          m_axi|                 gmem2|       pointer|
|m_axi_gmem2_RDATA      |   in|  512|          m_axi|                 gmem2|       pointer|
|m_axi_gmem2_RLAST      |   in|    1|          m_axi|                 gmem2|       pointer|
|m_axi_gmem2_RID        |   in|    1|          m_axi|                 gmem2|       pointer|
|m_axi_gmem2_RUSER      |   in|    1|          m_axi|                 gmem2|       pointer|
|m_axi_gmem2_RRESP      |   in|    2|          m_axi|                 gmem2|       pointer|
|m_axi_gmem2_BVALID     |   in|    1|          m_axi|                 gmem2|       pointer|
|m_axi_gmem2_BREADY     |  out|    1|          m_axi|                 gmem2|       pointer|
|m_axi_gmem2_BRESP      |   in|    2|          m_axi|                 gmem2|       pointer|
|m_axi_gmem2_BID        |   in|    1|          m_axi|                 gmem2|       pointer|
|m_axi_gmem2_BUSER      |   in|    1|          m_axi|                 gmem2|       pointer|
|m_axi_gmem3_AWVALID    |  out|    1|          m_axi|                 gmem3|       pointer|
|m_axi_gmem3_AWREADY    |   in|    1|          m_axi|                 gmem3|       pointer|
|m_axi_gmem3_AWADDR     |  out|   64|          m_axi|                 gmem3|       pointer|
|m_axi_gmem3_AWID       |  out|    1|          m_axi|                 gmem3|       pointer|
|m_axi_gmem3_AWLEN      |  out|    8|          m_axi|                 gmem3|       pointer|
|m_axi_gmem3_AWSIZE     |  out|    3|          m_axi|                 gmem3|       pointer|
|m_axi_gmem3_AWBURST    |  out|    2|          m_axi|                 gmem3|       pointer|
|m_axi_gmem3_AWLOCK     |  out|    2|          m_axi|                 gmem3|       pointer|
|m_axi_gmem3_AWCACHE    |  out|    4|          m_axi|                 gmem3|       pointer|
|m_axi_gmem3_AWPROT     |  out|    3|          m_axi|                 gmem3|       pointer|
|m_axi_gmem3_AWQOS      |  out|    4|          m_axi|                 gmem3|       pointer|
|m_axi_gmem3_AWREGION   |  out|    4|          m_axi|                 gmem3|       pointer|
|m_axi_gmem3_AWUSER     |  out|    1|          m_axi|                 gmem3|       pointer|
|m_axi_gmem3_WVALID     |  out|    1|          m_axi|                 gmem3|       pointer|
|m_axi_gmem3_WREADY     |   in|    1|          m_axi|                 gmem3|       pointer|
|m_axi_gmem3_WDATA      |  out|  512|          m_axi|                 gmem3|       pointer|
|m_axi_gmem3_WSTRB      |  out|   64|          m_axi|                 gmem3|       pointer|
|m_axi_gmem3_WLAST      |  out|    1|          m_axi|                 gmem3|       pointer|
|m_axi_gmem3_WID        |  out|    1|          m_axi|                 gmem3|       pointer|
|m_axi_gmem3_WUSER      |  out|    1|          m_axi|                 gmem3|       pointer|
|m_axi_gmem3_ARVALID    |  out|    1|          m_axi|                 gmem3|       pointer|
|m_axi_gmem3_ARREADY    |   in|    1|          m_axi|                 gmem3|       pointer|
|m_axi_gmem3_ARADDR     |  out|   64|          m_axi|                 gmem3|       pointer|
|m_axi_gmem3_ARID       |  out|    1|          m_axi|                 gmem3|       pointer|
|m_axi_gmem3_ARLEN      |  out|    8|          m_axi|                 gmem3|       pointer|
|m_axi_gmem3_ARSIZE     |  out|    3|          m_axi|                 gmem3|       pointer|
|m_axi_gmem3_ARBURST    |  out|    2|          m_axi|                 gmem3|       pointer|
|m_axi_gmem3_ARLOCK     |  out|    2|          m_axi|                 gmem3|       pointer|
|m_axi_gmem3_ARCACHE    |  out|    4|          m_axi|                 gmem3|       pointer|
|m_axi_gmem3_ARPROT     |  out|    3|          m_axi|                 gmem3|       pointer|
|m_axi_gmem3_ARQOS      |  out|    4|          m_axi|                 gmem3|       pointer|
|m_axi_gmem3_ARREGION   |  out|    4|          m_axi|                 gmem3|       pointer|
|m_axi_gmem3_ARUSER     |  out|    1|          m_axi|                 gmem3|       pointer|
|m_axi_gmem3_RVALID     |   in|    1|          m_axi|                 gmem3|       pointer|
|m_axi_gmem3_RREADY     |  out|    1|          m_axi|                 gmem3|       pointer|
|m_axi_gmem3_RDATA      |   in|  512|          m_axi|                 gmem3|       pointer|
|m_axi_gmem3_RLAST      |   in|    1|          m_axi|                 gmem3|       pointer|
|m_axi_gmem3_RID        |   in|    1|          m_axi|                 gmem3|       pointer|
|m_axi_gmem3_RUSER      |   in|    1|          m_axi|                 gmem3|       pointer|
|m_axi_gmem3_RRESP      |   in|    2|          m_axi|                 gmem3|       pointer|
|m_axi_gmem3_BVALID     |   in|    1|          m_axi|                 gmem3|       pointer|
|m_axi_gmem3_BREADY     |  out|    1|          m_axi|                 gmem3|       pointer|
|m_axi_gmem3_BRESP      |   in|    2|          m_axi|                 gmem3|       pointer|
|m_axi_gmem3_BID        |   in|    1|          m_axi|                 gmem3|       pointer|
|m_axi_gmem3_BUSER      |   in|    1|          m_axi|                 gmem3|       pointer|
+-----------------------+-----+-----+---------------+----------------------+--------------+

