

================================================================
== Vitis HLS Report for 'QuantumMonteCarloU50_Pipeline_SHIFT_JCOUP'
================================================================
* Date:           Wed Oct 27 16:38:47 2021

* Version:        2021.1 (Build 3247384 on Thu Jun 10 19:36:07 MDT 2021)
* Project:        SQA-Vitis
* Solution:       solution1 (Vitis Kernel Flow Target)
* Product family: virtexuplus
* Target device:  xcvu35p-fsvh2892-2-e


================================================================
== Performance Estimates
================================================================
+ Timing: 
    * Summary: 
    +--------+---------+----------+------------+
    |  Clock |  Target | Estimated| Uncertainty|
    +--------+---------+----------+------------+
    |ap_clk  |  3.33 ns|  1.746 ns|     0.90 ns|
    +--------+---------+----------+------------+

+ Latency: 
    * Summary: 
    +---------+---------+----------+----------+-----+-----+---------+
    |  Latency (cycles) |  Latency (absolute) |  Interval | Pipeline|
    |   min   |   max   |    min   |    max   | min | max |   Type  |
    +---------+---------+----------+----------+-----+-----+---------+
    |       71|       71|  0.237 us|  0.237 us|   71|   71|       no|
    +---------+---------+----------+----------+-----+-----+---------+

    + Detail: 
        * Instance: 
        N/A

        * Loop: 
        +---------------+---------+---------+----------+-----------+-----------+------+----------+
        |               |  Latency (cycles) | Iteration|  Initiation Interval  | Trip |          |
        |   Loop Name   |   min   |   max   |  Latency |  achieved |   target  | Count| Pipelined|
        +---------------+---------+---------+----------+-----------+-----------+------+----------+
        |- SHIFT_JCOUP  |       69|       69|         7|          1|          1|    64|       yes|
        +---------------+---------+---------+----------+-----------+-----------+------+----------+



================================================================
== Utilization Estimates
================================================================
* Summary: 
+---------------------+---------+------+---------+--------+-----+
|         Name        | BRAM_18K|  DSP |    FF   |   LUT  | URAM|
+---------------------+---------+------+---------+--------+-----+
|DSP                  |        -|     -|        -|       -|    -|
|Expression           |        -|     -|        0|    6168|    -|
|FIFO                 |        -|     -|        -|       -|    -|
|Instance             |        -|     -|        -|       -|    -|
|Memory               |        -|     -|        -|       -|    -|
|Multiplexer          |        -|     -|        -|      36|    -|
|Register             |        -|     -|     6643|     224|    -|
+---------------------+---------+------+---------+--------+-----+
|Total                |        0|     0|     6643|    6428|    0|
+---------------------+---------+------+---------+--------+-----+
|Available SLR        |     1344|  2976|   871680|  435840|  320|
+---------------------+---------+------+---------+--------+-----+
|Utilization SLR (%)  |        0|     0|       ~0|       1|    0|
+---------------------+---------+------+---------+--------+-----+
|Available            |     2688|  5952|  1743360|  871680|  640|
+---------------------+---------+------+---------+--------+-----+
|Utilization (%)      |        0|     0|       ~0|      ~0|    0|
+---------------------+---------+------+---------+--------+-----+

+ Detail: 
    * Instance: 
    N/A

    * DSP: 
    N/A

    * Memory: 
    N/A

    * FIFO: 
    N/A

    * Expression: 
    +--------------------------+----------+----+---+------+------------+------------+
    |       Variable Name      | Operation| DSP| FF|  LUT | Bitwidth P0| Bitwidth P1|
    +--------------------------+----------+----+---+------+------------+------------+
    |add_ln327_fu_162_p2       |         +|   0|  0|    14|           7|           1|
    |icmp_ln327_fu_156_p2      |      icmp|   0|  0|    11|           7|           8|
    |select_ln331_1_fu_206_p3  |    select|   0|  0|  2047|           1|        2048|
    |select_ln331_2_fu_199_p3  |    select|   0|  0|  2047|           1|        2048|
    |select_ln331_fu_213_p3    |    select|   0|  0|  2047|           1|        2048|
    |ap_enable_pp0             |       xor|   0|  0|     2|           1|           2|
    +--------------------------+----------+----+---+------+------------+------------+
    |Total                     |          |   0|  0|  6168|          18|        6155|
    +--------------------------+----------+----+---+------+------------+------------+

    * Multiplexer: 
    +-------------------------+----+-----------+-----+-----------+
    |           Name          | LUT| Input Size| Bits| Total Bits|
    +-------------------------+----+-----------+-----+-----------+
    |ap_done_int              |   9|          2|    1|          2|
    |ap_enable_reg_pp0_iter1  |   9|          2|    1|          2|
    |ap_sig_allocacmp_ofst_2  |   9|          2|    7|         14|
    |ofst_fu_46               |   9|          2|    7|         14|
    +-------------------------+----+-----------+-----+-----------+
    |Total                    |  36|          8|   16|         32|
    +-------------------------+----+-----------+-----+-----------+

    * Register: 
    +----------------------------------+------+----+------+-----------+
    |               Name               |  FF  | LUT| Bits | Const Bits|
    +----------------------------------+------+----+------+-----------+
    |ap_CS_fsm                         |     1|   0|     1|          0|
    |ap_done_reg                       |     1|   0|     1|          0|
    |ap_enable_reg_pp0_iter1           |     1|   0|     1|          0|
    |ap_enable_reg_pp0_iter2           |     1|   0|     1|          0|
    |ap_enable_reg_pp0_iter3           |     1|   0|     1|          0|
    |ap_enable_reg_pp0_iter4           |     1|   0|     1|          0|
    |ap_enable_reg_pp0_iter5           |     1|   0|     1|          0|
    |ap_enable_reg_pp0_iter6           |     1|   0|     1|          0|
    |ap_loop_exit_ready_pp0_iter1_reg  |     1|   0|     1|          0|
    |ap_loop_exit_ready_pp0_iter2_reg  |     1|   0|     1|          0|
    |ap_loop_exit_ready_pp0_iter3_reg  |     1|   0|     1|          0|
    |ap_loop_exit_ready_pp0_iter4_reg  |     1|   0|     1|          0|
    |ap_loop_exit_ready_pp0_iter5_reg  |     1|   0|     1|          0|
    |jcoup_local_1_0_addr_reg_258      |     5|   0|     5|          0|
    |jcoup_local_1_1_addr_reg_263      |     5|   0|     5|          0|
    |jcoup_local_2_0_addr_reg_238      |     5|   0|     5|          0|
    |jcoup_local_2_1_addr_reg_243      |     5|   0|     5|          0|
    |jcoup_local_3_0_addr_reg_248      |     5|   0|     5|          0|
    |jcoup_local_3_1_addr_reg_253      |     5|   0|     5|          0|
    |ofst_fu_46                        |     7|   0|     7|          0|
    |select_ln331_1_reg_284            |  2048|   0|  2048|          0|
    |select_ln331_2_reg_278            |  2048|   0|  2048|          0|
    |select_ln331_reg_290              |  2048|   0|  2048|          0|
    |trunc_ln331_reg_231               |     1|   0|     1|          0|
    |jcoup_local_1_0_addr_reg_258      |    64|  32|     5|          0|
    |jcoup_local_1_1_addr_reg_263      |    64|  32|     5|          0|
    |jcoup_local_2_0_addr_reg_238      |    64|  32|     5|          0|
    |jcoup_local_2_1_addr_reg_243      |    64|  32|     5|          0|
    |jcoup_local_3_0_addr_reg_248      |    64|  32|     5|          0|
    |jcoup_local_3_1_addr_reg_253      |    64|  32|     5|          0|
    |trunc_ln331_reg_231               |    64|  32|     1|          0|
    +----------------------------------+------+----+------+-----------+
    |Total                             |  6643| 224|  6226|          0|
    +----------------------------------+------+----+------+-----------+



================================================================
== Interface
================================================================
* Summary: 
+--------------------------+-----+------+------------+-------------------------------------------+--------------+
|         RTL Ports        | Dir | Bits |  Protocol  |               Source Object               |    C Type    |
+--------------------------+-----+------+------------+-------------------------------------------+--------------+
|ap_clk                    |   in|     1|  ap_ctrl_hs|  QuantumMonteCarloU50_Pipeline_SHIFT_JCOUP|  return value|
|ap_rst                    |   in|     1|  ap_ctrl_hs|  QuantumMonteCarloU50_Pipeline_SHIFT_JCOUP|  return value|
|ap_start                  |   in|     1|  ap_ctrl_hs|  QuantumMonteCarloU50_Pipeline_SHIFT_JCOUP|  return value|
|ap_done                   |  out|     1|  ap_ctrl_hs|  QuantumMonteCarloU50_Pipeline_SHIFT_JCOUP|  return value|
|ap_idle                   |  out|     1|  ap_ctrl_hs|  QuantumMonteCarloU50_Pipeline_SHIFT_JCOUP|  return value|
|ap_ready                  |  out|     1|  ap_ctrl_hs|  QuantumMonteCarloU50_Pipeline_SHIFT_JCOUP|  return value|
|jcoup_local_0_0_address0  |  out|     5|   ap_memory|                            jcoup_local_0_0|         array|
|jcoup_local_0_0_ce0       |  out|     1|   ap_memory|                            jcoup_local_0_0|         array|
|jcoup_local_0_0_q0        |   in|  2048|   ap_memory|                            jcoup_local_0_0|         array|
|jcoup_local_0_1_address0  |  out|     5|   ap_memory|                            jcoup_local_0_1|         array|
|jcoup_local_0_1_ce0       |  out|     1|   ap_memory|                            jcoup_local_0_1|         array|
|jcoup_local_0_1_q0        |   in|  2048|   ap_memory|                            jcoup_local_0_1|         array|
|jcoup_local_1_0_address0  |  out|     5|   ap_memory|                            jcoup_local_1_0|         array|
|jcoup_local_1_0_ce0       |  out|     1|   ap_memory|                            jcoup_local_1_0|         array|
|jcoup_local_1_0_we0       |  out|     1|   ap_memory|                            jcoup_local_1_0|         array|
|jcoup_local_1_0_d0        |  out|  2048|   ap_memory|                            jcoup_local_1_0|         array|
|jcoup_local_1_0_q0        |   in|  2048|   ap_memory|                            jcoup_local_1_0|         array|
|jcoup_local_1_1_address0  |  out|     5|   ap_memory|                            jcoup_local_1_1|         array|
|jcoup_local_1_1_ce0       |  out|     1|   ap_memory|                            jcoup_local_1_1|         array|
|jcoup_local_1_1_we0       |  out|     1|   ap_memory|                            jcoup_local_1_1|         array|
|jcoup_local_1_1_d0        |  out|  2048|   ap_memory|                            jcoup_local_1_1|         array|
|jcoup_local_1_1_q0        |   in|  2048|   ap_memory|                            jcoup_local_1_1|         array|
|jcoup_local_2_0_address0  |  out|     5|   ap_memory|                            jcoup_local_2_0|         array|
|jcoup_local_2_0_ce0       |  out|     1|   ap_memory|                            jcoup_local_2_0|         array|
|jcoup_local_2_0_we0       |  out|     1|   ap_memory|                            jcoup_local_2_0|         array|
|jcoup_local_2_0_d0        |  out|  2048|   ap_memory|                            jcoup_local_2_0|         array|
|jcoup_local_2_0_q0        |   in|  2048|   ap_memory|                            jcoup_local_2_0|         array|
|jcoup_local_2_1_address0  |  out|     5|   ap_memory|                            jcoup_local_2_1|         array|
|jcoup_local_2_1_ce0       |  out|     1|   ap_memory|                            jcoup_local_2_1|         array|
|jcoup_local_2_1_we0       |  out|     1|   ap_memory|                            jcoup_local_2_1|         array|
|jcoup_local_2_1_d0        |  out|  2048|   ap_memory|                            jcoup_local_2_1|         array|
|jcoup_local_2_1_q0        |   in|  2048|   ap_memory|                            jcoup_local_2_1|         array|
|jcoup_local_3_0_address0  |  out|     5|   ap_memory|                            jcoup_local_3_0|         array|
|jcoup_local_3_0_ce0       |  out|     1|   ap_memory|                            jcoup_local_3_0|         array|
|jcoup_local_3_0_we0       |  out|     1|   ap_memory|                            jcoup_local_3_0|         array|
|jcoup_local_3_0_d0        |  out|  2048|   ap_memory|                            jcoup_local_3_0|         array|
|jcoup_local_3_1_address0  |  out|     5|   ap_memory|                            jcoup_local_3_1|         array|
|jcoup_local_3_1_ce0       |  out|     1|   ap_memory|                            jcoup_local_3_1|         array|
|jcoup_local_3_1_we0       |  out|     1|   ap_memory|                            jcoup_local_3_1|         array|
|jcoup_local_3_1_d0        |  out|  2048|   ap_memory|                            jcoup_local_3_1|         array|
+--------------------------+-----+------+------------+-------------------------------------------+--------------+

