

================================================================
== Vitis HLS Report for 'RunFinal'
================================================================
* Date:           Tue Sep 14 08:30:45 2021

* Version:        2021.1 (Build 3247384 on Thu Jun 10 19:36:33 MDT 2021)
* Project:        SQA-Vitis
* Solution:       solution1 (Vitis Kernel Flow Target)
* Product family: virtexuplus
* Target device:  xcvu35p-fsvh2892-2-e


================================================================
== Performance Estimates
================================================================
+ Timing: 
    * Summary: 
    +--------+---------+----------+------------+
    |  Clock |  Target | Estimated| Uncertainty|
    +--------+---------+----------+------------+
    |ap_clk  |  3.33 ns|  2.356 ns|     0.90 ns|
    +--------+---------+----------+------------+

+ Latency: 
    * Summary: 
    +---------+---------+----------+-----------+-----+-----+---------+
    |  Latency (cycles) |  Latency (absolute)  |  Interval | Pipeline|
    |   min   |   max   |    min   |    max    | min | max |   Type  |
    +---------+---------+----------+-----------+-----+-----+---------+
    |        1|       21|  3.333 ns|  69.993 ns|    1|   21|       no|
    +---------+---------+----------+-----------+-----+-----+---------+

    + Detail: 
        * Instance: 
        N/A

        * Loop: 
        N/A



================================================================
== Utilization Estimates
================================================================
* Summary: 
+---------------------+---------+------+---------+--------+-----+
|         Name        | BRAM_18K|  DSP |    FF   |   LUT  | URAM|
+---------------------+---------+------+---------+--------+-----+
|DSP                  |        -|     -|        -|       -|    -|
|Expression           |        -|     -|        0|     243|    -|
|FIFO                 |        -|     -|        -|       -|    -|
|Instance             |        -|     7|      779|     474|    -|
|Memory               |        -|     -|        -|       -|    -|
|Multiplexer          |        -|     -|        -|     211|    -|
|Register             |        -|     -|      224|       -|    -|
+---------------------+---------+------+---------+--------+-----+
|Total                |        0|     7|     1003|     928|    0|
+---------------------+---------+------+---------+--------+-----+
|Available SLR        |     1344|  2976|   871680|  435840|  320|
+---------------------+---------+------+---------+--------+-----+
|Utilization SLR (%)  |        0|    ~0|       ~0|      ~0|    0|
+---------------------+---------+------+---------+--------+-----+
|Available            |     2688|  5952|  1743360|  871680|  640|
+---------------------+---------+------+---------+--------+-----+
|Utilization (%)      |        0|    ~0|       ~0|      ~0|    0|
+---------------------+---------+------+---------+--------+-----+

+ Detail: 
    * Instance: 
    +----------------------------------------+------------------------------------+---------+----+-----+-----+-----+
    |                Instance                |               Module               | BRAM_18K| DSP|  FF | LUT | URAM|
    +----------------------------------------+------------------------------------+---------+----+-----+-----+-----+
    |fadd_32ns_32ns_32_7_full_dsp_1_U92      |fadd_32ns_32ns_32_7_full_dsp_1      |        0|   2|  318|  198|    0|
    |faddfsub_32ns_32ns_32_7_full_dsp_1_U91  |faddfsub_32ns_32ns_32_7_full_dsp_1  |        0|   2|  318|  198|    0|
    |fcmp_32ns_32ns_1_2_no_dsp_1_U95         |fcmp_32ns_32ns_1_2_no_dsp_1         |        0|   0|    0|    0|    0|
    |fdiv_32ns_32ns_32_12_no_dsp_1_U94       |fdiv_32ns_32ns_32_12_no_dsp_1       |        0|   0|    0|    0|    0|
    |fmul_32ns_32ns_32_4_max_dsp_1_U93       |fmul_32ns_32ns_32_4_max_dsp_1       |        0|   3|  143|   78|    0|
    +----------------------------------------+------------------------------------+---------+----+-----+-----+-----+
    |Total                                   |                                    |        0|   7|  779|  474|    0|
    +----------------------------------------+------------------------------------+---------+----+-----+-----+-----+

    * DSP: 
    N/A

    * Memory: 
    N/A

    * FIFO: 
    N/A

    * Expression: 
    +---------------------------+----------+----+---+----+------------+------------+
    |       Variable Name       | Operation| DSP| FF| LUT| Bitwidth P0| Bitwidth P1|
    +---------------------------+----------+----+---+----+------------+------------+
    |and_ln1049_fu_249_p2       |       and|   0|  0|   2|           1|           1|
    |and_ln231_1_fu_404_p2      |       and|   0|  0|   2|           1|           1|
    |and_ln231_fu_398_p2        |       and|   0|  0|   2|           1|           1|
    |inside_fu_232_p2           |       and|   0|  0|   2|           1|           1|
    |icmp_ln202_1_fu_226_p2     |      icmp|   0|  0|  12|          13|          13|
    |icmp_ln202_fu_206_p2       |      icmp|   0|  0|  12|          13|          13|
    |icmp_ln231_1_fu_367_p2     |      icmp|   0|  0|  16|          23|           1|
    |icmp_ln231_2_fu_373_p2     |      icmp|   0|  0|  11|           8|           2|
    |icmp_ln231_3_fu_379_p2     |      icmp|   0|  0|  16|          23|           1|
    |icmp_ln231_fu_361_p2       |      icmp|   0|  0|  11|           8|           2|
    |or_ln231_1_fu_394_p2       |        or|   0|  0|   2|           1|           1|
    |or_ln231_fu_390_p2         |        or|   0|  0|   2|           1|           1|
    |dHTmp_2_fu_317_p3          |    select|   0|  0|  32|           1|          32|
    |p_Val2_s_fu_285_p3         |    select|   0|  0|  16|           1|          16|
    |select_ln1049_1_fu_261_p3  |    select|   0|  0|  32|           1|          32|
    |select_ln1049_fu_254_p3    |    select|   0|  0|  32|           1|          32|
    |p_Repl2_s_fu_385_p2        |       xor|   0|  0|   2|           1|           2|
    |xor_ln1049_1_fu_244_p2     |       xor|   0|  0|   2|           1|           2|
    |xor_ln1049_fu_238_p2       |       xor|   0|  0|   2|           1|           1|
    |xor_ln202_fu_212_p2        |       xor|   0|  0|   2|           1|           2|
    |xor_ln227_fu_307_p2        |       xor|   0|  0|  33|          32|          33|
    +---------------------------+----------+----+---+----+------------+------------+
    |Total                      |          |   0|  0| 243|         134|         190|
    +---------------------------+----------+----+---+----+------------+------------+

    * Multiplexer: 
    +--------------------+-----+-----------+-----+-----------+
    |        Name        | LUT | Input Size| Bits| Total Bits|
    +--------------------+-----+-----------+-----+-----------+
    |ap_NS_fsm           |  113|         23|    1|         23|
    |grp_fu_164_opcode   |   14|          3|    2|          6|
    |grp_fu_164_p0       |   14|          3|   32|         96|
    |grp_fu_164_p1       |   14|          3|   32|         96|
    |grp_fu_172_p0       |   14|          3|   32|         96|
    |grp_fu_172_p1       |   14|          3|   32|         96|
    |trotters1_address0  |   14|          3|    7|         21|
    |trotters_address0   |   14|          3|    7|         21|
    +--------------------+-----+-----------+-----+-----------+
    |Total               |  211|         44|  145|        455|
    +--------------------+-----+-----------+-----+-----------+

    * Register: 
    +-------------------------+----+----+-----+-----------+
    |           Name          | FF | LUT| Bits| Const Bits|
    +-------------------------+----+----+-----+-----------+
    |add4_reg_479             |  32|   0|   32|          0|
    |ap_CS_fsm                |  22|   0|   22|          0|
    |div_reg_489              |  32|   0|   32|          0|
    |iSpin_cast_reg_464       |   4|   0|   32|         28|
    |icmp_ln231_1_reg_530     |   1|   0|    1|          0|
    |icmp_ln231_2_reg_535     |   1|   0|    1|          0|
    |icmp_ln231_3_reg_540     |   1|   0|    1|          0|
    |icmp_ln231_reg_525       |   1|   0|    1|          0|
    |inside_reg_469           |   1|   0|    1|          0|
    |p_Result_256_reg_514     |   1|   0|    1|          0|
    |p_Val2_s_reg_509         |  16|   0|   16|          0|
    |reg_188                  |  32|   0|   32|          0|
    |reg_192                  |  32|   0|   32|          0|
    |select_ln1049_1_reg_484  |  32|   0|   32|          0|
    |trotters1_addr_reg_504   |   7|   0|    7|          0|
    |trotters_addr_reg_499    |   7|   0|    7|          0|
    |trunc_ln819_reg_494      |   1|   0|    1|          0|
    |xor_ln1049_reg_473       |   1|   0|    1|          0|
    +-------------------------+----+----+-----+-----------+
    |Total                    | 224|   0|  252|         28|
    +-------------------------+----+----+-----+-----------+



================================================================
== Interface
================================================================
* Summary: 
+--------------------+-----+-----+------------+---------------+--------------+
|      RTL Ports     | Dir | Bits|  Protocol  | Source Object |    C Type    |
+--------------------+-----+-----+------------+---------------+--------------+
|ap_clk              |   in|    1|  ap_ctrl_hs|       RunFinal|  return value|
|ap_rst              |   in|    1|  ap_ctrl_hs|       RunFinal|  return value|
|ap_start            |   in|    1|  ap_ctrl_hs|       RunFinal|  return value|
|ap_done             |  out|    1|  ap_ctrl_hs|       RunFinal|  return value|
|ap_idle             |  out|    1|  ap_ctrl_hs|       RunFinal|  return value|
|ap_ready            |  out|    1|  ap_ctrl_hs|       RunFinal|  return value|
|t_offset            |   in|    2|     ap_none|       t_offset|        scalar|
|stage               |   in|   13|     ap_none|          stage|        scalar|
|iPack               |   in|    8|     ap_none|          iPack|        scalar|
|iSpin               |   in|    4|     ap_none|          iSpin|        scalar|
|trotters_address0   |  out|    7|   ap_memory|       trotters|         array|
|trotters_ce0        |  out|    1|   ap_memory|       trotters|         array|
|trotters_we0        |  out|    1|   ap_memory|       trotters|         array|
|trotters_d0         |  out|   16|   ap_memory|       trotters|         array|
|trotters_q0         |   in|   16|   ap_memory|       trotters|         array|
|trotters1_address0  |  out|    7|   ap_memory|      trotters1|         array|
|trotters1_ce0       |  out|    1|   ap_memory|      trotters1|         array|
|trotters1_we0       |  out|    1|   ap_memory|      trotters1|         array|
|trotters1_d0        |  out|   16|   ap_memory|      trotters1|         array|
|trotters1_q0        |   in|   16|   ap_memory|      trotters1|         array|
|dH                  |   in|   32|     ap_none|             dH|        scalar|
|upSpin              |   in|    1|     ap_none|         upSpin|        scalar|
|downSpin            |   in|    1|     ap_none|       downSpin|        scalar|
|Beta                |   in|   32|     ap_none|           Beta|        scalar|
|dHTunnel            |   in|   32|     ap_none|       dHTunnel|        scalar|
|hLocal              |   in|   32|     ap_none|         hLocal|        scalar|
|logRandNumber       |   in|   32|     ap_none|  logRandNumber|        scalar|
+--------------------+-----+-----+------------+---------------+--------------+

