

================================================================
== Vivado HLS Report for 'QuantumMonteCarlo'
================================================================
* Date:           Mon Jun 28 17:18:06 2021

* Version:        2020.1 (Build 2897737 on Wed May 27 20:21:37 MDT 2020)
* Project:        SQA-HLS
* Solution:       solution1
* Product family: zynq
* Target device:  xc7z020-clg400-1


================================================================
== Performance Estimates
================================================================
+ Timing: 
    * Summary: 
    +--------+----------+----------+------------+
    |  Clock |  Target  | Estimated| Uncertainty|
    +--------+----------+----------+------------+
    |ap_clk  | 10.00 ns | 8.234 ns |   1.25 ns  |
    +--------+----------+----------+------------+

+ Latency: 
    * Summary: 
    +---------+----------+----------+-----------+-----+----------+---------+
    |  Latency (cycles)  |  Latency (absolute)  |    Interval    | Pipeline|
    |   min   |    max   |    min   |    max    | min |    max   |   Type  |
    +---------+----------+----------+-----------+-----+----------+---------+
    |       40|  58884123| 0.400 us | 0.589 sec |   40|  58884123|   none  |
    +---------+----------+----------+-----------+-----+----------+---------+

    + Detail: 
        * Instance: 
        +--------------------------------+----------------------+---------+----------+----------+-----------+-----+----------+---------+
        |                                |                      |  Latency (cycles)  |  Latency (absolute)  |    Interval    | Pipeline|
        |            Instance            |        Module        |   min   |    max   |    min   |    max    | min |    max   |   Type  |
        +--------------------------------+----------------------+---------+----------+----------+-----------+-----+----------+---------+
        |grp_QuantumMonteCarloBas_fu_74  |QuantumMonteCarloBas  |       39|  58884122| 0.390 us | 0.589 sec |   39|  58884122|   none  |
        +--------------------------------+----------------------+---------+----------+----------+-----------+-----+----------+---------+

        * Loop: 
        N/A



================================================================
== Utilization Estimates
================================================================
* Summary: 
+-----------------+---------+-------+--------+-------+-----+
|       Name      | BRAM_18K| DSP48E|   FF   |  LUT  | URAM|
+-----------------+---------+-------+--------+-------+-----+
|DSP              |        -|      -|       -|      -|    -|
|Expression       |        -|      -|       -|      -|    -|
|FIFO             |        -|      -|       -|      -|    -|
|Instance         |     2070|      7|    1896|   3387|    -|
|Memory           |        -|      -|       -|      -|    -|
|Multiplexer      |        -|      -|       -|     15|    -|
|Register         |        -|      -|     131|      -|    -|
+-----------------+---------+-------+--------+-------+-----+
|Total            |     2070|      7|    2027|   3402|    0|
+-----------------+---------+-------+--------+-------+-----+
|Available        |      280|    220|  106400|  53200|    0|
+-----------------+---------+-------+--------+-------+-----+
|Utilization (%)  |      739|      3|       1|      6|    0|
+-----------------+---------+-------+--------+-------+-----+

+ Detail: 
    * Instance: 
    +------------------------------------+----------------------------------+---------+-------+------+------+-----+
    |              Instance              |              Module              | BRAM_18K| DSP48E|  FF  |  LUT | URAM|
    +------------------------------------+----------------------------------+---------+-------+------+------+-----+
    |grp_QuantumMonteCarloBas_fu_74      |QuantumMonteCarloBas              |        0|      7|  1388|  2811|    0|
    |QuantumMonteCarlo_AXILiteS_s_axi_U  |QuantumMonteCarlo_AXILiteS_s_axi  |     2070|      0|   508|   576|    0|
    +------------------------------------+----------------------------------+---------+-------+------+------+-----+
    |Total                               |                                  |     2070|      7|  1896|  3387|    0|
    +------------------------------------+----------------------------------+---------+-------+------+------+-----+

    * DSP48E: 
    N/A

    * Memory: 
    N/A

    * FIFO: 
    N/A

    * Expression: 
    N/A

    * Multiplexer: 
    +-----------+----+-----------+-----+-----------+
    |    Name   | LUT| Input Size| Bits| Total Bits|
    +-----------+----+-----------+-----+-----------+
    |ap_NS_fsm  |  15|          3|    1|          3|
    +-----------+----+-----------+-----+-----------+
    |Total      |  15|          3|    1|          3|
    +-----------+----+-----------+-----+-----------+

    * Register: 
    +---------------------------------------------+----+----+-----+-----------+
    |                     Name                    | FF | LUT| Bits| Const Bits|
    +---------------------------------------------+----+----+-----+-----------+
    |Beta_read_reg_94                             |  32|   0|   32|          0|
    |Jperp_read_reg_99                            |  32|   0|   32|          0|
    |ap_CS_fsm                                    |   2|   0|    2|          0|
    |grp_QuantumMonteCarloBas_fu_74_ap_start_reg  |   1|   0|    1|          0|
    |nSpin_read_reg_104                           |  32|   0|   32|          0|
    |nTrot_read_reg_109                           |  32|   0|   32|          0|
    +---------------------------------------------+----+----+-----+-----------+
    |Total                                        | 131|   0|  131|          0|
    +---------------------------------------------+----+----+-----+-----------+



================================================================
== Interface
================================================================
* Summary: 
+------------------------+-----+-----+------------+-------------------+--------------+
|        RTL Ports       | Dir | Bits|  Protocol  |   Source Object   |    C Type    |
+------------------------+-----+-----+------------+-------------------+--------------+
|s_axi_AXILiteS_AWVALID  |  in |    1|    s_axi   |      AXILiteS     |     array    |
|s_axi_AXILiteS_AWREADY  | out |    1|    s_axi   |      AXILiteS     |     array    |
|s_axi_AXILiteS_AWADDR   |  in |   24|    s_axi   |      AXILiteS     |     array    |
|s_axi_AXILiteS_WVALID   |  in |    1|    s_axi   |      AXILiteS     |     array    |
|s_axi_AXILiteS_WREADY   | out |    1|    s_axi   |      AXILiteS     |     array    |
|s_axi_AXILiteS_WDATA    |  in |   32|    s_axi   |      AXILiteS     |     array    |
|s_axi_AXILiteS_WSTRB    |  in |    4|    s_axi   |      AXILiteS     |     array    |
|s_axi_AXILiteS_ARVALID  |  in |    1|    s_axi   |      AXILiteS     |     array    |
|s_axi_AXILiteS_ARREADY  | out |    1|    s_axi   |      AXILiteS     |     array    |
|s_axi_AXILiteS_ARADDR   |  in |   24|    s_axi   |      AXILiteS     |     array    |
|s_axi_AXILiteS_RVALID   | out |    1|    s_axi   |      AXILiteS     |     array    |
|s_axi_AXILiteS_RREADY   |  in |    1|    s_axi   |      AXILiteS     |     array    |
|s_axi_AXILiteS_RDATA    | out |   32|    s_axi   |      AXILiteS     |     array    |
|s_axi_AXILiteS_RRESP    | out |    2|    s_axi   |      AXILiteS     |     array    |
|s_axi_AXILiteS_BVALID   | out |    1|    s_axi   |      AXILiteS     |     array    |
|s_axi_AXILiteS_BREADY   |  in |    1|    s_axi   |      AXILiteS     |     array    |
|s_axi_AXILiteS_BRESP    | out |    2|    s_axi   |      AXILiteS     |     array    |
|ap_clk                  |  in |    1| ap_ctrl_hs | QuantumMonteCarlo | return value |
|ap_rst_n                |  in |    1| ap_ctrl_hs | QuantumMonteCarlo | return value |
|interrupt               | out |    1| ap_ctrl_hs | QuantumMonteCarlo | return value |
+------------------------+-----+-----+------------+-------------------+--------------+

