

================================================================
== Vitis HLS Report for 'TrotterUnitFinal'
================================================================
* Date:           Mon Aug  9 16:45:25 2021

* Version:        2021.1 (Build 3247384 on Thu Jun 10 19:36:33 MDT 2021)
* Project:        SQA-Vitis
* Solution:       solution1 (Vivado IP Flow Target)
* Product family: virtexuplus
* Target device:  xcvu35p-fsvh2892-2-e


================================================================
== Performance Estimates
================================================================
+ Timing: 
    * Summary: 
    +--------+----------+----------+------------+
    |  Clock |  Target  | Estimated| Uncertainty|
    +--------+----------+----------+------------+
    |ap_clk  |  10.00 ns|  7.219 ns|     2.70 ns|
    +--------+----------+----------+------------+

+ Latency: 
    * Summary: 
    +---------+---------+-----------+-----------+-----+-----+---------+
    |  Latency (cycles) |   Latency (absolute)  |  Interval | Pipeline|
    |   min   |   max   |    min    |    max    | min | max |   Type  |
    +---------+---------+-----------+-----------+-----+-----+---------+
    |        1|        9|  10.000 ns|  90.000 ns|    1|    9|       no|
    +---------+---------+-----------+-----------+-----+-----+---------+

    + Detail: 
        * Instance: 
        N/A

        * Loop: 
        N/A



================================================================
== Utilization Estimates
================================================================
* Summary: 
+---------------------+---------+------+---------+--------+-----+
|         Name        | BRAM_18K|  DSP |    FF   |   LUT  | URAM|
+---------------------+---------+------+---------+--------+-----+
|DSP                  |        -|     -|        -|       -|    -|
|Expression           |        -|     -|        0|   15063|    -|
|FIFO                 |        -|     -|        -|       -|    -|
|Instance             |        -|     7|      482|     529|    -|
|Memory               |        -|     -|        -|       -|    -|
|Multiplexer          |        -|     -|        -|      73|    -|
|Register             |        -|     -|     3357|       -|    -|
+---------------------+---------+------+---------+--------+-----+
|Total                |        0|     7|     3839|   15665|    0|
+---------------------+---------+------+---------+--------+-----+
|Available SLR        |     1344|  2976|   871680|  435840|  320|
+---------------------+---------+------+---------+--------+-----+
|Utilization SLR (%)  |        0|    ~0|       ~0|       3|    0|
+---------------------+---------+------+---------+--------+-----+
|Available            |     2688|  5952|  1743360|  871680|  640|
+---------------------+---------+------+---------+--------+-----+
|Utilization (%)      |        0|    ~0|       ~0|       1|    0|
+---------------------+---------+------+---------+--------+-----+

+ Detail: 
    * Instance: 
    +------------------------------------+--------------------------------+---------+----+-----+-----+-----+
    |              Instance              |             Module             | BRAM_18K| DSP|  FF | LUT | URAM|
    +------------------------------------+--------------------------------+---------+----+-----+-----+-----+
    |fadd_32ns_32ns_32_3_full_dsp_1_U77  |fadd_32ns_32ns_32_3_full_dsp_1  |        0|   2|  177|  226|    0|
    |fcmp_32ns_32ns_1_1_no_dsp_1_U80     |fcmp_32ns_32ns_1_1_no_dsp_1     |        0|   0|    0|    0|    0|
    |fdiv_32ns_32ns_32_6_no_dsp_1_U79    |fdiv_32ns_32ns_32_6_no_dsp_1    |        0|   0|    0|    0|    0|
    |fmul_32ns_32ns_32_2_max_dsp_1_U78   |fmul_32ns_32ns_32_2_max_dsp_1   |        0|   3|  128|   77|    0|
    |fsub_32ns_32ns_32_3_full_dsp_1_U76  |fsub_32ns_32ns_32_3_full_dsp_1  |        0|   2|  177|  226|    0|
    +------------------------------------+--------------------------------+---------+----+-----+-----+-----+
    |Total                               |                                |        0|   7|  482|  529|    0|
    +------------------------------------+--------------------------------+---------+----+-----+-----+-----+

    * DSP: 
    N/A

    * Memory: 
    N/A

    * FIFO: 
    N/A

    * Expression: 
    +-------------------------+----------+----+---+------+------------+------------+
    |      Variable Name      | Operation| DSP| FF|  LUT | Bitwidth P0| Bitwidth P1|
    +-------------------------+----------+----+---+------+------------+------------+
    |add_ln819_fu_323_p2      |         +|   0|  0|    18|          11|           1|
    |sub_ln819_fu_365_p2      |         -|   0|  0|  1024|        1024|        1024|
    |and_ln116_fu_279_p2      |       and|   0|  0|     2|           1|           1|
    |and_ln128_1_fu_493_p2    |       and|   0|  0|     2|           1|           1|
    |and_ln128_fu_487_p2      |       and|   0|  0|     2|           1|           1|
    |and_ln819_fu_374_p2      |       and|   0|  0|  1023|        1024|        1024|
    |and_ln838_fu_526_p2      |       and|   0|  0|  1023|        1024|        1024|
    |inside_fu_243_p2         |       and|   0|  0|     2|           1|           1|
    |icmp_ln107_1_fu_237_p2   |      icmp|   0|  0|    12|          13|          13|
    |icmp_ln107_fu_217_p2     |      icmp|   0|  0|    12|          13|          13|
    |icmp_ln128_1_fu_457_p2   |      icmp|   0|  0|    16|          23|           1|
    |icmp_ln128_2_fu_469_p2   |      icmp|   0|  0|    11|           8|           2|
    |icmp_ln128_3_fu_475_p2   |      icmp|   0|  0|    16|          23|           1|
    |icmp_ln128_fu_451_p2     |      icmp|   0|  0|    11|           8|           2|
    |lshr_ln819_fu_379_p2     |      lshr|   0|  0|  2171|        1024|        1024|
    |or_ln128_1_fu_481_p2     |        or|   0|  0|     2|           1|           1|
    |or_ln128_fu_463_p2       |        or|   0|  0|     2|           1|           1|
    |or_ln819_fu_309_p2       |        or|   0|  0|    10|          10|           7|
    |or_ln838_fu_531_p2       |        or|   0|  0|  1023|        1024|        1024|
    |dHTmp_1_fu_409_p3        |    select|   0|  0|    32|           1|          32|
    |select_ln1049_fu_292_p3  |    select|   0|  0|    32|           1|          32|
    |select_ln116_fu_284_p3   |    select|   0|  0|    32|           1|          32|
    |select_ln819_fu_347_p3   |    select|   0|  0|  1008|           1|           1|
    |shl_ln819_1_fu_355_p2    |       shl|   0|  0|  2171|           1|         897|
    |shl_ln819_fu_333_p2      |       shl|   0|  0|  2171|           1|        1024|
    |shl_ln838_fu_516_p2      |       shl|   0|  0|  2171|        1024|        1024|
    |p_Repl2_s_fu_499_p2      |       xor|   0|  0|     2|           1|           2|
    |xor_ln1049_1_fu_274_p2   |       xor|   0|  0|     2|           1|           2|
    |xor_ln1049_fu_249_p2     |       xor|   0|  0|     2|           1|           1|
    |xor_ln107_fu_223_p2      |       xor|   0|  0|     2|           1|           2|
    |xor_ln125_fu_399_p2      |       xor|   0|  0|    33|          32|          33|
    |xor_ln838_fu_521_p2      |       xor|   0|  0|  1023|        1024|           2|
    +-------------------------+----------+----+---+------+------------+------------+
    |Total                    |          |   0|  0| 15063|        7325|        8250|
    +-------------------------+----------+----+---+------+------------+------------+

    * Multiplexer: 
    +---------------------+----+-----------+-----+-----------+
    |         Name        | LUT| Input Size| Bits| Total Bits|
    +---------------------+----+-----------+-----+-----------+
    |ap_NS_fsm            |  59|         11|    1|         11|
    |trotters_0_address0  |  14|          3|    2|          6|
    +---------------------+----+-----------+-----+-----------+
    |Total                |  73|         14|    3|         17|
    +---------------------+----+-----------+-----+-----------+

    * Register: 
    +-------------------------+------+----+------+-----------+
    |           Name          |  FF  | LUT| Bits | Const Bits|
    +-------------------------+------+----+------+-----------+
    |and_ln128_1_reg_655      |     1|   0|     1|          0|
    |ap_CS_fsm                |    10|   0|    10|          0|
    |dHTmp_reg_643            |    32|   0|    32|          0|
    |div_reg_649              |    32|   0|    32|          0|
    |iSpin_cast2_reg_570      |     7|   0|    32|         25|
    |inside_reg_576           |     1|   0|     1|          0|
    |logRand_0_load_reg_591   |    32|   0|    32|          0|
    |or_ln838_reg_659         |  1024|   0|  1024|          0|
    |p_Result_1_reg_637       |     1|   0|     1|          0|
    |p_Val2_s_reg_632         |   128|   0|   128|          0|
    |select_ln1049_reg_601    |    32|   0|    32|          0|
    |shl_ln_reg_606           |     3|   0|    10|          7|
    |sub_ln819_reg_616        |  1024|   0|  1024|          0|
    |trotters_0_addr_reg_611  |     2|   0|     2|          0|
    |trotters_0_load_reg_622  |  1024|   0|  1024|          0|
    |xor_ln1049_reg_580       |     1|   0|     1|          0|
    |zext_ln819_reg_627       |     3|   0|  1024|       1021|
    +-------------------------+------+----+------+-----------+
    |Total                    |  3357|   0|  4410|       1053|
    +-------------------------+------+----+------+-----------+



================================================================
== Interface
================================================================
* Summary: 
+---------------------+-----+------+------------+------------------+--------------+
|      RTL Ports      | Dir | Bits |  Protocol  |   Source Object  |    C Type    |
+---------------------+-----+------+------------+------------------+--------------+
|ap_clk               |   in|     1|  ap_ctrl_hs|  TrotterUnitFinal|  return value|
|ap_rst               |   in|     1|  ap_ctrl_hs|  TrotterUnitFinal|  return value|
|ap_start             |   in|     1|  ap_ctrl_hs|  TrotterUnitFinal|  return value|
|ap_done              |  out|     1|  ap_ctrl_hs|  TrotterUnitFinal|  return value|
|ap_idle              |  out|     1|  ap_ctrl_hs|  TrotterUnitFinal|  return value|
|ap_ready             |  out|     1|  ap_ctrl_hs|  TrotterUnitFinal|  return value|
|t                    |   in|     2|     ap_none|                 t|        scalar|
|stage                |   in|    13|     ap_none|             stage|        scalar|
|iPack                |   in|     2|     ap_none|             iPack|        scalar|
|iStrm                |   in|     3|     ap_none|             iStrm|        scalar|
|iSpin                |   in|     7|     ap_none|             iSpin|        scalar|
|trotters_0_address0  |  out|     2|   ap_memory|        trotters_0|         array|
|trotters_0_ce0       |  out|     1|   ap_memory|        trotters_0|         array|
|trotters_0_we0       |  out|     1|   ap_memory|        trotters_0|         array|
|trotters_0_d0        |  out|  1024|   ap_memory|        trotters_0|         array|
|trotters_0_q0        |   in|  1024|   ap_memory|        trotters_0|         array|
|dH                   |   in|    32|     ap_none|                dH|        scalar|
|upSpin               |   in|     1|     ap_none|            upSpin|        scalar|
|downSpin             |   in|     1|     ap_none|          downSpin|        scalar|
|Beta                 |   in|    32|     ap_none|              Beta|        scalar|
|dHTunnel             |   in|    32|     ap_none|          dHTunnel|        scalar|
|logRand_0_address0   |  out|    12|   ap_memory|         logRand_0|         array|
|logRand_0_ce0        |  out|     1|   ap_memory|         logRand_0|         array|
|logRand_0_q0         |   in|    32|   ap_memory|         logRand_0|         array|
+---------------------+-----+------+------------+------------------+--------------+

